Loading dataset: unsw_mg24
=== Loading MG24 from data/unsw_mg24 ===
[flows] loading network flows...
  benign  admin      admin traffic.csv: 305,919 rows
  benign  microgrid  microgrid traffic.csv: 3,616 rows
  benign  research   research traffic.csv: 163,101 rows
  benign  teaching   teaching traffic.csv: 402,833 rows
  attack  mitm           MITM1.pcap_Flow.csv: 253 rows
  attack  backdoor       backdoor1.pcap_Flow.csv: 794 rows
  attack  backdoor       backdoor2.pcap_Flow.csv: 990 rows
  attack  ddos           ddos1.pcap_Flow.csv: 2,233,313 rows
  attack  dos            dos1.pcap_Flow.csv: 131,308 rows
  attack  credential     ftp_password.pcap_Flow.csv: 257 rows
  attack  credential     hydra_password.pcap_Flow.csv: 2,037 rows
  attack  ransomware     ransomware.pcap_Flow.csv: 294 rows
  attack  samba          samba_permission.pcap_Flow.csv: 118 rows
  attack  recon          scan1_nmap.pcap_Flow.csv: 66,141 rows
  attack  recon          scan2_nikto.pcap_Flow.csv: 337 rows
  attack  shellshock     shellshock.pcap_Flow.csv: 241 rows
  attack  sql_injection  sql_injection.pcap_Flow.csv: 2,212 rows
  ddos subsample: 2,233,313 → 223,331 (10%); seed=42
[flows] total: 1,303,782 rows (428,313 malicious)
[audit] loading Linux audit logs...
  benign  Admin department: 31,754 events
  benign  Research department: 50,444 events
  benign  Teaching department: 42,576 events
  attack  mitm           audit_MITM1.log: 11,524 events
  attack  mitm           audit_MITM2.log: 7,315 events
  attack  backdoor       audit_backdoor.log: 11,033 events
  attack  backdoor       audit_backdoor2.log: 16,585 events
  attack  backdoor       audit_backdoor_3.log: 11,724 events
  attack  dos            audit_dos1.log: 18,527 events
  attack  dos            audit_dos2.log: 1,690 events
  attack  credential     audit_ftp_password.log: 8,058 events
  attack  credential     audit_hydra_passowrd_1.log: 9,455 events
  attack  credential     audit_password.log: 13,479 events
  attack  ransomware     audit_ransomware_1.log: 8,080 events
  attack  reverse_shell  audit_reverse_shell.log: 9,024 events
  attack  samba          audit_samaba_permission.log: 15,519 events
  attack  recon          audit_scan_nikto1.log: 8,977 events
  attack  recon          audit_scan_nikto2.log: 3,554 events
  attack  recon          audit_scan_nmap1.log: 4,104 events
  attack  sql_injection  audit_sql1.log: 2,715 events
  attack  sql_injection  audit_sql2.log: 3,114 events
  attack  sql_injection  audit_sql3.log: 5,681 events
  attack  ddos           ddos1.log: 9,986 events
  attack  mimicry        mimicry1.log: 7,309 events
  attack  mimicry        mimicry2.log: 5,452 events
  attack  ransomware     ransomware2.log: 5,833 events
  attack  shellshock     shellshock1.log: 14,602 events
  attack  shellshock     shellshock2.log: 13,154 events
  attack  shellshock     shellshock3.log: 15,840 events
[audit] total: 367,108 events (242,334 malicious)
[procmon] loading Windows Procmon CSVs...
  central  ben central_normal_system_calls.CSV: 12,170 events
  local1   ben local1_normal_system_calls.CSV: 305,994 events
  local2   ben local2_normal_system_calls.CSV: 92,149 events
  central  mal central_malicious.CSV: 6,947 events
  local1   mal local1_macilious.CSV: 279,994 events
  local2   mal local2_macilious.CSV: 227,253 events
[procmon] total: 924,507 events (514,194 malicious)
[power] loading power measurements...
  local1 ben local1_normal.csv: 893 samples (mechanical)
  local1 mal local1_malicious.csv: 987 samples (mechanical)
  local2 ben local2_normal.csv: 833 samples (electrical)
  local2 mal local2_malicious.csv: 903 samples (electrical)
[power] total: 3,616 samples
[hosts] pruned 379,240 → 255,283 (retained: {'ip': 255238, 'audit_source': 37, 'hostname': 8}; min_flows=5)
=== Done. Node counts: hosts=255283 processes=1500 flows=1303782 devices=2 measurements=3616 ===
  Split mode: hybrid (DD-8)
  Host role:  detection_excluded  (features=full)
Building TypedCausalGraph...
  Causal graph: 10000 nodes, 11917 directed edges
  [debug] target_node=875471, in_graph=True, parents={1412138}
  Detection graph excludes: ['host_node'] (DD-8 Fix 4)
  Class weight: licit=1.00  illicit=2.67  (pos=229735, neg=612829)
  Multi-task NCM supervision: ['flow_node', 'measurement_node', 'process_node']

Training [Phase 1 (No GAN)] for 100 epochs on cuda...
Epoch 001 | Loss 0.6591 (det=0.6591, stab=0.00e+00, ncm=0.0000) | Val F1=0.5573  AUC=0.9334
  ↑ Best checkpoint saved → checkpoints/ablation_detection_excluded/ci_rct_unsw_mg24_best.pt
Epoch 002 | Loss 0.5838 (det=0.5838, stab=0.00e+00, ncm=0.0000) | Val F1=0.6758  AUC=0.9622
  ↑ Best checkpoint saved → checkpoints/ablation_detection_excluded/ci_rct_unsw_mg24_best.pt
Epoch 003 | Loss 0.5224 (det=0.5224, stab=0.00e+00, ncm=0.0000) | Val F1=0.6868  AUC=0.9715
  ↑ Best checkpoint saved → checkpoints/ablation_detection_excluded/ci_rct_unsw_mg24_best.pt
Epoch 004 | Loss 0.4728 (det=0.4728, stab=0.00e+00, ncm=0.0000) | Val F1=0.6986  AUC=0.9777
  ↑ Best checkpoint saved → checkpoints/ablation_detection_excluded/ci_rct_unsw_mg24_best.pt
Epoch 005 | Loss 0.4330 (det=0.4330, stab=0.00e+00, ncm=0.0000) | Val F1=0.7139  AUC=0.9816
  ↑ Best checkpoint saved → checkpoints/ablation_detection_excluded/ci_rct_unsw_mg24_best.pt
Epoch 006 | Loss 0.4009 (det=0.4009, stab=0.00e+00, ncm=0.0000) | Val F1=0.7373  AUC=0.9841
  ↑ Best checkpoint saved → checkpoints/ablation_detection_excluded/ci_rct_unsw_mg24_best.pt
Epoch 007 | Loss 0.3748 (det=0.3748, stab=0.00e+00, ncm=0.0000) | Val F1=0.7561  AUC=0.9859
  ↑ Best checkpoint saved → checkpoints/ablation_detection_excluded/ci_rct_unsw_mg24_best.pt
Epoch 008 | Loss 0.3534 (det=0.3534, stab=0.00e+00, ncm=0.0000) | Val F1=0.7704  AUC=0.9872
  ↑ Best checkpoint saved → checkpoints/ablation_detection_excluded/ci_rct_unsw_mg24_best.pt
Epoch 009 | Loss 0.3355 (det=0.3355, stab=0.00e+00, ncm=0.0000) | Val F1=0.7841  AUC=0.9881
  ↑ Best checkpoint saved → checkpoints/ablation_detection_excluded/ci_rct_unsw_mg24_best.pt
Epoch 010 | Loss 0.3201 (det=0.3201, stab=0.00e+00, ncm=0.0000) | Val F1=0.7953  AUC=0.9889
  ↑ Best checkpoint saved → checkpoints/ablation_detection_excluded/ci_rct_unsw_mg24_best.pt
Epoch 011 | Loss 0.3068 (det=0.3068, stab=0.00e+00, ncm=0.0000) | Val F1=0.8048  AUC=0.9896
  ↑ Best checkpoint saved → checkpoints/ablation_detection_excluded/ci_rct_unsw_mg24_best.pt
Epoch 012 | Loss 0.2949 (det=0.2949, stab=0.00e+00, ncm=0.0000) | Val F1=0.8141  AUC=0.9904
  ↑ Best checkpoint saved → checkpoints/ablation_detection_excluded/ci_rct_unsw_mg24_best.pt
Epoch 013 | Loss 0.2840 (det=0.2840, stab=0.00e+00, ncm=0.0000) | Val F1=0.8225  AUC=0.9910
  ↑ Best checkpoint saved → checkpoints/ablation_detection_excluded/ci_rct_unsw_mg24_best.pt
Epoch 014 | Loss 0.2740 (det=0.2740, stab=0.00e+00, ncm=0.0000) | Val F1=0.8304  AUC=0.9914
  ↑ Best checkpoint saved → checkpoints/ablation_detection_excluded/ci_rct_unsw_mg24_best.pt
Epoch 015 | Loss 0.2646 (det=0.2646, stab=0.00e+00, ncm=0.0000) | Val F1=0.8397  AUC=0.9917
  ↑ Best checkpoint saved → checkpoints/ablation_detection_excluded/ci_rct_unsw_mg24_best.pt
Epoch 016 | Loss 0.2557 (det=0.2557, stab=0.00e+00, ncm=0.0000) | Val F1=0.8475  AUC=0.9921
  ↑ Best checkpoint saved → checkpoints/ablation_detection_excluded/ci_rct_unsw_mg24_best.pt
Epoch 017 | Loss 0.2473 (det=0.2473, stab=0.00e+00, ncm=0.0000) | Val F1=0.8551  AUC=0.9924
  ↑ Best checkpoint saved → checkpoints/ablation_detection_excluded/ci_rct_unsw_mg24_best.pt
Epoch 018 | Loss 0.2391 (det=0.2391, stab=0.00e+00, ncm=0.0000) | Val F1=0.8622  AUC=0.9927
  ↑ Best checkpoint saved → checkpoints/ablation_detection_excluded/ci_rct_unsw_mg24_best.pt
Epoch 019 | Loss 0.2313 (det=0.2313, stab=0.00e+00, ncm=0.0000) | Val F1=0.8790  AUC=0.9931
  ↑ Best checkpoint saved → checkpoints/ablation_detection_excluded/ci_rct_unsw_mg24_best.pt
Epoch 020 | Loss 0.2237 (det=0.2237, stab=0.00e+00, ncm=0.0000) | Val F1=0.8857  AUC=0.9935
  ↑ Best checkpoint saved → checkpoints/ablation_detection_excluded/ci_rct_unsw_mg24_best.pt
Epoch 021 | Loss 0.2164 (det=0.2164, stab=0.00e+00, ncm=0.0000) | Val F1=0.8910  AUC=0.9940
  ↑ Best checkpoint saved → checkpoints/ablation_detection_excluded/ci_rct_unsw_mg24_best.pt
Epoch 022 | Loss 0.2094 (det=0.2094, stab=0.00e+00, ncm=0.0000) | Val F1=0.8955  AUC=0.9944
  ↑ Best checkpoint saved → checkpoints/ablation_detection_excluded/ci_rct_unsw_mg24_best.pt
Epoch 023 | Loss 0.2026 (det=0.2026, stab=0.00e+00, ncm=0.0000) | Val F1=0.8992  AUC=0.9949
  ↑ Best checkpoint saved → checkpoints/ablation_detection_excluded/ci_rct_unsw_mg24_best.pt
Epoch 024 | Loss 0.1960 (det=0.1960, stab=0.00e+00, ncm=0.0000) | Val F1=0.9023  AUC=0.9952
  ↑ Best checkpoint saved → checkpoints/ablation_detection_excluded/ci_rct_unsw_mg24_best.pt
Epoch 025 | Loss 0.1897 (det=0.1897, stab=0.00e+00, ncm=0.0000) | Val F1=0.9050  AUC=0.9954
  ↑ Best checkpoint saved → checkpoints/ablation_detection_excluded/ci_rct_unsw_mg24_best.pt
Epoch 026 | Loss 0.1836 (det=0.1836, stab=0.00e+00, ncm=0.0000) | Val F1=0.9082  AUC=0.9957
  ↑ Best checkpoint saved → checkpoints/ablation_detection_excluded/ci_rct_unsw_mg24_best.pt
Epoch 027 | Loss 0.1777 (det=0.1777, stab=0.00e+00, ncm=0.0000) | Val F1=0.9112  AUC=0.9959
  ↑ Best checkpoint saved → checkpoints/ablation_detection_excluded/ci_rct_unsw_mg24_best.pt
Epoch 028 | Loss 0.1721 (det=0.1721, stab=0.00e+00, ncm=0.0000) | Val F1=0.9144  AUC=0.9961
  ↑ Best checkpoint saved → checkpoints/ablation_detection_excluded/ci_rct_unsw_mg24_best.pt
Epoch 029 | Loss 0.1667 (det=0.1667, stab=0.00e+00, ncm=0.0000) | Val F1=0.9176  AUC=0.9962
  ↑ Best checkpoint saved → checkpoints/ablation_detection_excluded/ci_rct_unsw_mg24_best.pt
Epoch 030 | Loss 0.1616 (det=0.1616, stab=0.00e+00, ncm=0.0000) | Val F1=0.9206  AUC=0.9964
  ↑ Best checkpoint saved → checkpoints/ablation_detection_excluded/ci_rct_unsw_mg24_best.pt
Epoch 031 | Loss 0.1567 (det=0.1567, stab=0.00e+00, ncm=0.0000) | Val F1=0.9238  AUC=0.9965
  ↑ Best checkpoint saved → checkpoints/ablation_detection_excluded/ci_rct_unsw_mg24_best.pt
Epoch 032 | Loss 0.1520 (det=0.1520, stab=0.00e+00, ncm=0.0000) | Val F1=0.9276  AUC=0.9966
  ↑ Best checkpoint saved → checkpoints/ablation_detection_excluded/ci_rct_unsw_mg24_best.pt
Epoch 033 | Loss 0.1476 (det=0.1476, stab=0.00e+00, ncm=0.0000) | Val F1=0.9318  AUC=0.9967
  ↑ Best checkpoint saved → checkpoints/ablation_detection_excluded/ci_rct_unsw_mg24_best.pt
Epoch 034 | Loss 0.1433 (det=0.1433, stab=0.00e+00, ncm=0.0000) | Val F1=0.9354  AUC=0.9968
  ↑ Best checkpoint saved → checkpoints/ablation_detection_excluded/ci_rct_unsw_mg24_best.pt
Epoch 035 | Loss 0.1393 (det=0.1393, stab=0.00e+00, ncm=0.0000) | Val F1=0.9384  AUC=0.9969
  ↑ Best checkpoint saved → checkpoints/ablation_detection_excluded/ci_rct_unsw_mg24_best.pt
Epoch 036 | Loss 0.1355 (det=0.1355, stab=0.00e+00, ncm=0.0000) | Val F1=0.9411  AUC=0.9970
  ↑ Best checkpoint saved → checkpoints/ablation_detection_excluded/ci_rct_unsw_mg24_best.pt
Epoch 037 | Loss 0.1319 (det=0.1319, stab=0.00e+00, ncm=0.0000) | Val F1=0.9442  AUC=0.9972
  ↑ Best checkpoint saved → checkpoints/ablation_detection_excluded/ci_rct_unsw_mg24_best.pt
Epoch 038 | Loss 0.1285 (det=0.1285, stab=0.00e+00, ncm=0.0000) | Val F1=0.9476  AUC=0.9972
  ↑ Best checkpoint saved → checkpoints/ablation_detection_excluded/ci_rct_unsw_mg24_best.pt
Epoch 039 | Loss 0.1252 (det=0.1252, stab=0.00e+00, ncm=0.0000) | Val F1=0.9503  AUC=0.9973
  ↑ Best checkpoint saved → checkpoints/ablation_detection_excluded/ci_rct_unsw_mg24_best.pt
Epoch 040 | Loss 0.1221 (det=0.1221, stab=0.00e+00, ncm=0.0000) | Val F1=0.9523  AUC=0.9974
  ↑ Best checkpoint saved → checkpoints/ablation_detection_excluded/ci_rct_unsw_mg24_best.pt
Epoch 041 | Loss 0.1192 (det=0.1192, stab=0.00e+00, ncm=0.0000) | Val F1=0.9537  AUC=0.9974
  ↑ Best checkpoint saved → checkpoints/ablation_detection_excluded/ci_rct_unsw_mg24_best.pt
Epoch 042 | Loss 0.1164 (det=0.1164, stab=0.00e+00, ncm=0.0000) | Val F1=0.9549  AUC=0.9975
  ↑ Best checkpoint saved → checkpoints/ablation_detection_excluded/ci_rct_unsw_mg24_best.pt
Epoch 043 | Loss 0.1137 (det=0.1137, stab=0.00e+00, ncm=0.0000) | Val F1=0.9567  AUC=0.9976
  ↑ Best checkpoint saved → checkpoints/ablation_detection_excluded/ci_rct_unsw_mg24_best.pt
Epoch 044 | Loss 0.1111 (det=0.1111, stab=0.00e+00, ncm=0.0000) | Val F1=0.9582  AUC=0.9977
  ↑ Best checkpoint saved → checkpoints/ablation_detection_excluded/ci_rct_unsw_mg24_best.pt
Epoch 045 | Loss 0.1085 (det=0.1085, stab=0.00e+00, ncm=0.0000) | Val F1=0.9595  AUC=0.9977
  ↑ Best checkpoint saved → checkpoints/ablation_detection_excluded/ci_rct_unsw_mg24_best.pt
Epoch 046 | Loss 0.1061 (det=0.1061, stab=0.00e+00, ncm=0.0000) | Val F1=0.9603  AUC=0.9978
  ↑ Best checkpoint saved → checkpoints/ablation_detection_excluded/ci_rct_unsw_mg24_best.pt
Epoch 047 | Loss 0.1038 (det=0.1038, stab=0.00e+00, ncm=0.0000) | Val F1=0.9611  AUC=0.9979
  ↑ Best checkpoint saved → checkpoints/ablation_detection_excluded/ci_rct_unsw_mg24_best.pt
Epoch 048 | Loss 0.1015 (det=0.1015, stab=0.00e+00, ncm=0.0000) | Val F1=0.9618  AUC=0.9980
  ↑ Best checkpoint saved → checkpoints/ablation_detection_excluded/ci_rct_unsw_mg24_best.pt
Epoch 049 | Loss 0.0993 (det=0.0993, stab=0.00e+00, ncm=0.0000) | Val F1=0.9625  AUC=0.9980
  ↑ Best checkpoint saved → checkpoints/ablation_detection_excluded/ci_rct_unsw_mg24_best.pt
Epoch 050 | Loss 0.0971 (det=0.0971, stab=0.00e+00, ncm=0.0000) | Val F1=0.9632  AUC=0.9981
  ↑ Best checkpoint saved → checkpoints/ablation_detection_excluded/ci_rct_unsw_mg24_best.pt
Epoch 051 | Loss 0.0950 (det=0.0950, stab=0.00e+00, ncm=0.0000) | Val F1=0.9641  AUC=0.9981
  ↑ Best checkpoint saved → checkpoints/ablation_detection_excluded/ci_rct_unsw_mg24_best.pt
Epoch 052 | Loss 0.0930 (det=0.0930, stab=0.00e+00, ncm=0.0000) | Val F1=0.9648  AUC=0.9982
  ↑ Best checkpoint saved → checkpoints/ablation_detection_excluded/ci_rct_unsw_mg24_best.pt
Epoch 053 | Loss 0.0910 (det=0.0910, stab=0.00e+00, ncm=0.0000) | Val F1=0.9653  AUC=0.9982
  ↑ Best checkpoint saved → checkpoints/ablation_detection_excluded/ci_rct_unsw_mg24_best.pt
Epoch 054 | Loss 0.0891 (det=0.0891, stab=0.00e+00, ncm=0.0000) | Val F1=0.9659  AUC=0.9983
  ↑ Best checkpoint saved → checkpoints/ablation_detection_excluded/ci_rct_unsw_mg24_best.pt
Epoch 055 | Loss 0.0873 (det=0.0873, stab=0.00e+00, ncm=0.0000) | Val F1=0.9664  AUC=0.9983
  ↑ Best checkpoint saved → checkpoints/ablation_detection_excluded/ci_rct_unsw_mg24_best.pt
Epoch 056 | Loss 0.0855 (det=0.0855, stab=0.00e+00, ncm=0.0000) | Val F1=0.9669  AUC=0.9983
  ↑ Best checkpoint saved → checkpoints/ablation_detection_excluded/ci_rct_unsw_mg24_best.pt
Epoch 057 | Loss 0.0838 (det=0.0838, stab=0.00e+00, ncm=0.0000) | Val F1=0.9675  AUC=0.9984
  ↑ Best checkpoint saved → checkpoints/ablation_detection_excluded/ci_rct_unsw_mg24_best.pt
Epoch 058 | Loss 0.0821 (det=0.0821, stab=0.00e+00, ncm=0.0000) | Val F1=0.9680  AUC=0.9984
  ↑ Best checkpoint saved → checkpoints/ablation_detection_excluded/ci_rct_unsw_mg24_best.pt
Epoch 059 | Loss 0.0805 (det=0.0805, stab=0.00e+00, ncm=0.0000) | Val F1=0.9686  AUC=0.9984
  ↑ Best checkpoint saved → checkpoints/ablation_detection_excluded/ci_rct_unsw_mg24_best.pt
Epoch 060 | Loss 0.0789 (det=0.0789, stab=0.00e+00, ncm=0.0000) | Val F1=0.9691  AUC=0.9985
  ↑ Best checkpoint saved → checkpoints/ablation_detection_excluded/ci_rct_unsw_mg24_best.pt
Epoch 061 | Loss 0.0774 (det=0.0774, stab=0.00e+00, ncm=0.0000) | Val F1=0.9695  AUC=0.9985
  ↑ Best checkpoint saved → checkpoints/ablation_detection_excluded/ci_rct_unsw_mg24_best.pt
Epoch 062 | Loss 0.0759 (det=0.0759, stab=0.00e+00, ncm=0.0000) | Val F1=0.9700  AUC=0.9985
  ↑ Best checkpoint saved → checkpoints/ablation_detection_excluded/ci_rct_unsw_mg24_best.pt
Epoch 063 | Loss 0.0745 (det=0.0745, stab=0.00e+00, ncm=0.0000) | Val F1=0.9704  AUC=0.9986
  ↑ Best checkpoint saved → checkpoints/ablation_detection_excluded/ci_rct_unsw_mg24_best.pt
Epoch 064 | Loss 0.0731 (det=0.0731, stab=0.00e+00, ncm=0.0000) | Val F1=0.9708  AUC=0.9986
  ↑ Best checkpoint saved → checkpoints/ablation_detection_excluded/ci_rct_unsw_mg24_best.pt
Epoch 065 | Loss 0.0718 (det=0.0718, stab=0.00e+00, ncm=0.0000) | Val F1=0.9712  AUC=0.9986
  ↑ Best checkpoint saved → checkpoints/ablation_detection_excluded/ci_rct_unsw_mg24_best.pt
Epoch 066 | Loss 0.0705 (det=0.0705, stab=0.00e+00, ncm=0.0000) | Val F1=0.9717  AUC=0.9987
  ↑ Best checkpoint saved → checkpoints/ablation_detection_excluded/ci_rct_unsw_mg24_best.pt
Epoch 067 | Loss 0.0692 (det=0.0692, stab=0.00e+00, ncm=0.0000) | Val F1=0.9720  AUC=0.9987
  ↑ Best checkpoint saved → checkpoints/ablation_detection_excluded/ci_rct_unsw_mg24_best.pt
Epoch 068 | Loss 0.0680 (det=0.0680, stab=0.00e+00, ncm=0.0000) | Val F1=0.9724  AUC=0.9987
  ↑ Best checkpoint saved → checkpoints/ablation_detection_excluded/ci_rct_unsw_mg24_best.pt
Epoch 069 | Loss 0.0668 (det=0.0668, stab=0.00e+00, ncm=0.0000) | Val F1=0.9729  AUC=0.9988
  ↑ Best checkpoint saved → checkpoints/ablation_detection_excluded/ci_rct_unsw_mg24_best.pt
Epoch 070 | Loss 0.0657 (det=0.0657, stab=0.00e+00, ncm=0.0000) | Val F1=0.9736  AUC=0.9988
  ↑ Best checkpoint saved → checkpoints/ablation_detection_excluded/ci_rct_unsw_mg24_best.pt
Epoch 071 | Loss 0.0646 (det=0.0646, stab=0.00e+00, ncm=0.0000) | Val F1=0.9740  AUC=0.9988
  ↑ Best checkpoint saved → checkpoints/ablation_detection_excluded/ci_rct_unsw_mg24_best.pt
Epoch 072 | Loss 0.0635 (det=0.0635, stab=0.00e+00, ncm=0.0000) | Val F1=0.9746  AUC=0.9988
  ↑ Best checkpoint saved → checkpoints/ablation_detection_excluded/ci_rct_unsw_mg24_best.pt
Epoch 073 | Loss 0.0624 (det=0.0624, stab=0.00e+00, ncm=0.0000) | Val F1=0.9753  AUC=0.9989
  ↑ Best checkpoint saved → checkpoints/ablation_detection_excluded/ci_rct_unsw_mg24_best.pt
Epoch 074 | Loss 0.0614 (det=0.0614, stab=0.00e+00, ncm=0.0000) | Val F1=0.9760  AUC=0.9989
  ↑ Best checkpoint saved → checkpoints/ablation_detection_excluded/ci_rct_unsw_mg24_best.pt
Epoch 075 | Loss 0.0604 (det=0.0604, stab=0.00e+00, ncm=0.0000) | Val F1=0.9765  AUC=0.9989
  ↑ Best checkpoint saved → checkpoints/ablation_detection_excluded/ci_rct_unsw_mg24_best.pt
Epoch 076 | Loss 0.0594 (det=0.0594, stab=0.00e+00, ncm=0.0000) | Val F1=0.9771  AUC=0.9989
  ↑ Best checkpoint saved → checkpoints/ablation_detection_excluded/ci_rct_unsw_mg24_best.pt
Epoch 077 | Loss 0.0585 (det=0.0585, stab=0.00e+00, ncm=0.0000) | Val F1=0.9779  AUC=0.9989
  ↑ Best checkpoint saved → checkpoints/ablation_detection_excluded/ci_rct_unsw_mg24_best.pt
Epoch 078 | Loss 0.0576 (det=0.0576, stab=0.00e+00, ncm=0.0000) | Val F1=0.9786  AUC=0.9989
  ↑ Best checkpoint saved → checkpoints/ablation_detection_excluded/ci_rct_unsw_mg24_best.pt
Epoch 079 | Loss 0.0567 (det=0.0567, stab=0.00e+00, ncm=0.0000) | Val F1=0.9792  AUC=0.9989
  ↑ Best checkpoint saved → checkpoints/ablation_detection_excluded/ci_rct_unsw_mg24_best.pt
Epoch 080 | Loss 0.0559 (det=0.0559, stab=0.00e+00, ncm=0.0000) | Val F1=0.9798  AUC=0.9989
  ↑ Best checkpoint saved → checkpoints/ablation_detection_excluded/ci_rct_unsw_mg24_best.pt
Epoch 081 | Loss 0.0550 (det=0.0550, stab=0.00e+00, ncm=0.0000) | Val F1=0.9802  AUC=0.9988
  ↑ Best checkpoint saved → checkpoints/ablation_detection_excluded/ci_rct_unsw_mg24_best.pt
Epoch 082 | Loss 0.0542 (det=0.0542, stab=0.00e+00, ncm=0.0000) | Val F1=0.9807  AUC=0.9988
  ↑ Best checkpoint saved → checkpoints/ablation_detection_excluded/ci_rct_unsw_mg24_best.pt
Epoch 083 | Loss 0.0535 (det=0.0535, stab=0.00e+00, ncm=0.0000) | Val F1=0.9814  AUC=0.9988
  ↑ Best checkpoint saved → checkpoints/ablation_detection_excluded/ci_rct_unsw_mg24_best.pt
Epoch 084 | Loss 0.0527 (det=0.0527, stab=0.00e+00, ncm=0.0000) | Val F1=0.9820  AUC=0.9988
  ↑ Best checkpoint saved → checkpoints/ablation_detection_excluded/ci_rct_unsw_mg24_best.pt
Epoch 085 | Loss 0.0520 (det=0.0520, stab=0.00e+00, ncm=0.0000) | Val F1=0.9826  AUC=0.9988
  ↑ Best checkpoint saved → checkpoints/ablation_detection_excluded/ci_rct_unsw_mg24_best.pt
Epoch 086 | Loss 0.0513 (det=0.0513, stab=0.00e+00, ncm=0.0000) | Val F1=0.9832  AUC=0.9987
  ↑ Best checkpoint saved → checkpoints/ablation_detection_excluded/ci_rct_unsw_mg24_best.pt
Epoch 087 | Loss 0.0506 (det=0.0506, stab=0.00e+00, ncm=0.0000) | Val F1=0.9841  AUC=0.9987
  ↑ Best checkpoint saved → checkpoints/ablation_detection_excluded/ci_rct_unsw_mg24_best.pt
Epoch 088 | Loss 0.0499 (det=0.0499, stab=0.00e+00, ncm=0.0000) | Val F1=0.9846  AUC=0.9987
  ↑ Best checkpoint saved → checkpoints/ablation_detection_excluded/ci_rct_unsw_mg24_best.pt
Epoch 089 | Loss 0.0493 (det=0.0493, stab=0.00e+00, ncm=0.0000) | Val F1=0.9851  AUC=0.9987
  ↑ Best checkpoint saved → checkpoints/ablation_detection_excluded/ci_rct_unsw_mg24_best.pt
Epoch 090 | Loss 0.0486 (det=0.0486, stab=0.00e+00, ncm=0.0000) | Val F1=0.9855  AUC=0.9987
  ↑ Best checkpoint saved → checkpoints/ablation_detection_excluded/ci_rct_unsw_mg24_best.pt
Epoch 091 | Loss 0.0480 (det=0.0480, stab=0.00e+00, ncm=0.0000) | Val F1=0.9860  AUC=0.9987
  ↑ Best checkpoint saved → checkpoints/ablation_detection_excluded/ci_rct_unsw_mg24_best.pt
Epoch 092 | Loss 0.0474 (det=0.0474, stab=0.00e+00, ncm=0.0000) | Val F1=0.9863  AUC=0.9987
  ↑ Best checkpoint saved → checkpoints/ablation_detection_excluded/ci_rct_unsw_mg24_best.pt
Epoch 093 | Loss 0.0469 (det=0.0469, stab=0.00e+00, ncm=0.0000) | Val F1=0.9868  AUC=0.9986
  ↑ Best checkpoint saved → checkpoints/ablation_detection_excluded/ci_rct_unsw_mg24_best.pt
Epoch 094 | Loss 0.0463 (det=0.0463, stab=0.00e+00, ncm=0.0000) | Val F1=0.9871  AUC=0.9986
  ↑ Best checkpoint saved → checkpoints/ablation_detection_excluded/ci_rct_unsw_mg24_best.pt
Epoch 095 | Loss 0.0458 (det=0.0458, stab=0.00e+00, ncm=0.0000) | Val F1=0.9874  AUC=0.9986
  ↑ Best checkpoint saved → checkpoints/ablation_detection_excluded/ci_rct_unsw_mg24_best.pt
Epoch 096 | Loss 0.0453 (det=0.0453, stab=0.00e+00, ncm=0.0000) | Val F1=0.9877  AUC=0.9986
  ↑ Best checkpoint saved → checkpoints/ablation_detection_excluded/ci_rct_unsw_mg24_best.pt
Epoch 097 | Loss 0.0448 (det=0.0448, stab=0.00e+00, ncm=0.0000) | Val F1=0.9880  AUC=0.9986
  ↑ Best checkpoint saved → checkpoints/ablation_detection_excluded/ci_rct_unsw_mg24_best.pt
Epoch 098 | Loss 0.0443 (det=0.0443, stab=0.00e+00, ncm=0.0000) | Val F1=0.9882  AUC=0.9986
  ↑ Best checkpoint saved → checkpoints/ablation_detection_excluded/ci_rct_unsw_mg24_best.pt
Epoch 099 | Loss 0.0438 (det=0.0438, stab=0.00e+00, ncm=0.0000) | Val F1=0.9885  AUC=0.9986
  ↑ Best checkpoint saved → checkpoints/ablation_detection_excluded/ci_rct_unsw_mg24_best.pt
Epoch 100 | Loss 0.0433 (det=0.0433, stab=0.00e+00, ncm=0.0000) | Val F1=0.9887  AUC=0.9986
  ↑ Best checkpoint saved → checkpoints/ablation_detection_excluded/ci_rct_unsw_mg24_best.pt

Loading best checkpoint for test evaluation...
Test  F1=0.9896  AUC=0.9968
