Loading dataset: unsw_mg24
=== Loading MG24 from data/unsw_mg24 ===
[flows] loading network flows...
  benign  admin      admin traffic.csv: 305,919 rows
  benign  microgrid  microgrid traffic.csv: 3,616 rows
  benign  research   research traffic.csv: 163,101 rows
  benign  teaching   teaching traffic.csv: 402,833 rows
  attack  mitm           MITM1.pcap_Flow.csv: 253 rows
  attack  backdoor       backdoor1.pcap_Flow.csv: 794 rows
  attack  backdoor       backdoor2.pcap_Flow.csv: 990 rows
  attack  ddos           ddos1.pcap_Flow.csv: 2,233,313 rows
  attack  dos            dos1.pcap_Flow.csv: 131,308 rows
  attack  credential     ftp_password.pcap_Flow.csv: 257 rows
  attack  credential     hydra_password.pcap_Flow.csv: 2,037 rows
  attack  ransomware     ransomware.pcap_Flow.csv: 294 rows
  attack  samba          samba_permission.pcap_Flow.csv: 118 rows
  attack  recon          scan1_nmap.pcap_Flow.csv: 66,141 rows
  attack  recon          scan2_nikto.pcap_Flow.csv: 337 rows
  attack  shellshock     shellshock.pcap_Flow.csv: 241 rows
  attack  sql_injection  sql_injection.pcap_Flow.csv: 2,212 rows
  ddos subsample: 2,233,313 → 223,331 (10%); seed=42
[flows] total: 1,303,782 rows (428,313 malicious)
[audit] loading Linux audit logs...
  benign  Admin department: 31,754 events
  benign  Research department: 50,444 events
  benign  Teaching department: 42,576 events
  attack  mitm           audit_MITM1.log: 11,524 events
  attack  mitm           audit_MITM2.log: 7,315 events
  attack  backdoor       audit_backdoor.log: 11,033 events
  attack  backdoor       audit_backdoor2.log: 16,585 events
  attack  backdoor       audit_backdoor_3.log: 11,724 events
  attack  dos            audit_dos1.log: 18,527 events
  attack  dos            audit_dos2.log: 1,690 events
  attack  credential     audit_ftp_password.log: 8,058 events
  attack  credential     audit_hydra_passowrd_1.log: 9,455 events
  attack  credential     audit_password.log: 13,479 events
  attack  ransomware     audit_ransomware_1.log: 8,080 events
  attack  reverse_shell  audit_reverse_shell.log: 9,024 events
  attack  samba          audit_samaba_permission.log: 15,519 events
  attack  recon          audit_scan_nikto1.log: 8,977 events
  attack  recon          audit_scan_nikto2.log: 3,554 events
  attack  recon          audit_scan_nmap1.log: 4,104 events
  attack  sql_injection  audit_sql1.log: 2,715 events
  attack  sql_injection  audit_sql2.log: 3,114 events
  attack  sql_injection  audit_sql3.log: 5,681 events
  attack  ddos           ddos1.log: 9,986 events
  attack  mimicry        mimicry1.log: 7,309 events
  attack  mimicry        mimicry2.log: 5,452 events
  attack  ransomware     ransomware2.log: 5,833 events
  attack  shellshock     shellshock1.log: 14,602 events
  attack  shellshock     shellshock2.log: 13,154 events
  attack  shellshock     shellshock3.log: 15,840 events
[audit] total: 367,108 events (242,334 malicious)
[procmon] loading Windows Procmon CSVs...
  central  ben central_normal_system_calls.CSV: 12,170 events
  local1   ben local1_normal_system_calls.CSV: 305,994 events
  local2   ben local2_normal_system_calls.CSV: 92,149 events
  central  mal central_malicious.CSV: 6,947 events
  local1   mal local1_macilious.CSV: 279,994 events
  local2   mal local2_macilious.CSV: 227,253 events
[procmon] total: 924,507 events (514,194 malicious)
[power] loading power measurements...
  local1 ben local1_normal.csv: 893 samples (mechanical)
  local1 mal local1_malicious.csv: 987 samples (mechanical)
  local2 ben local2_normal.csv: 833 samples (electrical)
  local2 mal local2_malicious.csv: 903 samples (electrical)
[power] total: 3,616 samples
[hosts] pruned 379,240 → 255,283 (retained: {'ip': 255238, 'audit_source': 37, 'hostname': 8}; min_flows=5)
=== Done. Node counts: hosts=255283 processes=1500 flows=1303782 devices=2 measurements=3616 ===
  Split mode: hybrid (DD-8)
  Host role:  zeroed  (features=zeroed)
Building TypedCausalGraph...
  Causal graph: 10000 nodes, 11917 directed edges
  [debug] target_node=875471, in_graph=True, parents={1412138}
  Class weight: licit=1.00  illicit=2.67  (pos=229735, neg=612829)
  Multi-task NCM supervision: ['flow_node', 'measurement_node', 'process_node']

Training [Phase 1 (No GAN)] for 100 epochs on cuda...
Epoch 001 | Loss 0.7606 (det=0.6930, stab=0.00e+00, ncm=0.6765) | Val F1=0.3113  AUC=0.9936
  ↑ Best checkpoint saved → checkpoints/ablation_zeroed/ci_rct_unsw_mg24_best.pt
Epoch 002 | Loss 0.7570 (det=0.6906, stab=1.23e-07, ncm=0.6634) | Val F1=0.5708  AUC=0.9948
  ↑ Best checkpoint saved → checkpoints/ablation_zeroed/ci_rct_unsw_mg24_best.pt
Epoch 003 | Loss 0.7535 (det=0.6886, stab=1.04e-06, ncm=0.6486) | Val F1=0.7227  AUC=0.9957
  ↑ Best checkpoint saved → checkpoints/ablation_zeroed/ci_rct_unsw_mg24_best.pt
Epoch 004 | Loss 0.7498 (det=0.6862, stab=1.53e-07, ncm=0.6366) | Val F1=0.7902  AUC=0.9964
  ↑ Best checkpoint saved → checkpoints/ablation_zeroed/ci_rct_unsw_mg24_best.pt
Epoch 005 | Loss 0.7459 (det=0.6836, stab=9.21e-08, ncm=0.6225) | Val F1=0.8236  AUC=0.9970
  ↑ Best checkpoint saved → checkpoints/ablation_zeroed/ci_rct_unsw_mg24_best.pt
Epoch 006 | Loss 0.7418 (det=0.6808, stab=2.54e-07, ncm=0.6102) | Val F1=0.8514  AUC=0.9971
  ↑ Best checkpoint saved → checkpoints/ablation_zeroed/ci_rct_unsw_mg24_best.pt
Epoch 007 | Loss 0.7375 (det=0.6777, stab=8.88e-07, ncm=0.5980) | Val F1=0.8565  AUC=0.9974
  ↑ Best checkpoint saved → checkpoints/ablation_zeroed/ci_rct_unsw_mg24_best.pt
Epoch 008 | Loss 0.7316 (det=0.6732, stab=1.01e-06, ncm=0.5841) | Val F1=0.8534  AUC=0.9978
Epoch 009 | Loss 0.7253 (det=0.6682, stab=5.60e-10, ncm=0.5706) | Val F1=0.8466  AUC=0.9980
Epoch 010 | Loss 0.7157 (det=0.6603, stab=1.43e-06, ncm=0.5541) | Val F1=0.8229  AUC=0.9980
Epoch 011 | Loss 0.7050 (det=0.6515, stab=2.31e-07, ncm=0.5353) | Val F1=0.7912  AUC=0.9980
Epoch 012 | Loss 0.6893 (det=0.6378, stab=4.30e-07, ncm=0.5153) | Val F1=0.7576  AUC=0.9980
Epoch 013 | Loss 0.6704 (det=0.6211, stab=6.00e-07, ncm=0.4935) | Val F1=0.7297  AUC=0.9980
Epoch 014 | Loss 0.6458 (det=0.5988, stab=1.29e-06, ncm=0.4700) | Val F1=0.7223  AUC=0.9980
Epoch 015 | Loss 0.6165 (det=0.5727, stab=4.57e-07, ncm=0.4372) | Val F1=0.7222  AUC=0.9980
Epoch 016 | Loss 0.5785 (det=0.5376, stab=3.95e-07, ncm=0.4088) | Val F1=0.7222  AUC=0.9981
Epoch 017 | Loss 0.5417 (det=0.5059, stab=4.56e-06, ncm=0.3576) | Val F1=0.7222  AUC=0.9981
Epoch 018 | Loss 0.5055 (det=0.4763, stab=5.31e-08, ncm=0.2919) | Val F1=0.7222  AUC=0.9981
Epoch 019 | Loss 0.4749 (det=0.4511, stab=1.79e-06, ncm=0.2384) | Val F1=0.7221  AUC=0.9981
Epoch 020 | Loss 0.4599 (det=0.4393, stab=4.12e-06, ncm=0.2053) | Val F1=0.7213  AUC=0.9981
Epoch 021 | Loss 0.4539 (det=0.4323, stab=9.87e-09, ncm=0.2159) | Val F1=0.7193  AUC=0.9981
Epoch 022 | Loss 0.4490 (det=0.4268, stab=1.17e-08, ncm=0.2221) | Val F1=0.7179  AUC=0.9981
Epoch 023 | Loss 0.4506 (det=0.4257, stab=4.17e-06, ncm=0.2491) | Val F1=0.2787  AUC=0.5362
Epoch 024 | Loss 0.4680 (det=0.4432, stab=2.23e-07, ncm=0.2474) | Val F1=0.7176  AUC=0.5846
Epoch 025 | Loss 0.4525 (det=0.4274, stab=1.04e-08, ncm=0.2510) | Val F1=0.7180  AUC=0.7793
Epoch 026 | Loss 0.4661 (det=0.4420, stab=3.95e-09, ncm=0.2411) | Val F1=0.7187  AUC=0.9986
Epoch 027 | Loss 0.4487 (det=0.4251, stab=1.14e-07, ncm=0.2361) | Val F1=0.7196  AUC=0.9986
Epoch 028 | Loss 0.4471 (det=0.4240, stab=1.09e-06, ncm=0.2303) | Val F1=0.7214  AUC=0.9986
Epoch 029 | Loss 0.4404 (det=0.4186, stab=3.64e-12, ncm=0.2180) | Val F1=0.7220  AUC=0.9986
Epoch 030 | Loss 0.4406 (det=0.4196, stab=3.18e-06, ncm=0.2103) | Val F1=0.7225  AUC=0.9986
Epoch 031 | Loss 0.4353 (det=0.4145, stab=1.82e-06, ncm=0.2078) | Val F1=0.7226  AUC=0.9987
Epoch 032 | Loss 0.4329 (det=0.4120, stab=3.64e-06, ncm=0.2091) | Val F1=0.7226  AUC=0.9990
Epoch 033 | Loss 0.4327 (det=0.4111, stab=3.39e-08, ncm=0.2158) | Val F1=0.7226  AUC=0.9995
Epoch 034 | Loss 0.4333 (det=0.4114, stab=6.85e-07, ncm=0.2191) | Val F1=0.7226  AUC=0.9991
Epoch 035 | Loss 0.4306 (det=0.4082, stab=1.50e-07, ncm=0.2240) | Val F1=0.7227  AUC=0.9990
Epoch 036 | Loss 0.4300 (det=0.4075, stab=1.48e-06, ncm=0.2245) | Val F1=0.7227  AUC=0.9991
Epoch 037 | Loss 0.4516 (det=0.4295, stab=1.03e-07, ncm=0.2216) | Val F1=0.7226  AUC=0.9996
Epoch 038 | Loss 0.4235 (det=0.4021, stab=7.62e-10, ncm=0.2132) | Val F1=0.7226  AUC=0.9996
Epoch 039 | Loss 0.4215 (det=0.4012, stab=1.00e-07, ncm=0.2030) | Val F1=0.7226  AUC=0.9996
Epoch 040 | Loss 0.4194 (det=0.3986, stab=1.09e-07, ncm=0.2086) | Val F1=0.7225  AUC=0.9998
Epoch 041 | Loss 0.4187 (det=0.3985, stab=1.47e-08, ncm=0.2026) | Val F1=0.7225  AUC=0.9998
Epoch 042 | Loss 0.4175 (det=0.3971, stab=8.57e-07, ncm=0.2033) | Val F1=0.7224  AUC=0.9998
Epoch 043 | Loss 0.4168 (det=0.3965, stab=8.81e-07, ncm=0.2033) | Val F1=0.7224  AUC=0.9999
Epoch 044 | Loss 0.4166 (det=0.3957, stab=3.30e-07, ncm=0.2085) | Val F1=0.7224  AUC=0.9999
Epoch 045 | Loss 0.4150 (det=0.3947, stab=8.62e-07, ncm=0.2033) | Val F1=0.7224  AUC=0.9999
Epoch 046 | Loss 0.4116 (det=0.3912, stab=2.78e-06, ncm=0.2033) | Val F1=0.7225  AUC=0.9999
Epoch 047 | Loss 0.4091 (det=0.3888, stab=8.62e-07, ncm=0.2033) | Val F1=0.7225  AUC=0.9999
Epoch 048 | Loss 0.4055 (det=0.3854, stab=3.39e-07, ncm=0.2010) | Val F1=0.7225  AUC=0.9999
Epoch 049 | Loss 0.4033 (det=0.3832, stab=2.69e-07, ncm=0.2004) | Val F1=0.7226  AUC=0.9999
Epoch 050 | Loss 0.4006 (det=0.3806, stab=5.04e-07, ncm=0.1998) | Val F1=0.7226  AUC=0.9999
Epoch 051 | Loss 0.3997 (det=0.3798, stab=1.36e-06, ncm=0.1996) | Val F1=0.7227  AUC=0.9998
Epoch 052 | Loss 0.3960 (det=0.3763, stab=1.71e-07, ncm=0.1970) | Val F1=0.7228  AUC=0.9998
Epoch 053 | Loss 0.3946 (det=0.3747, stab=1.59e-08, ncm=0.1990) | Val F1=0.7228  AUC=0.9998
Epoch 054 | Loss 0.3944 (det=0.3743, stab=2.03e-07, ncm=0.2007) | Val F1=0.7228  AUC=0.9998
Epoch 055 | Loss 0.3894 (det=0.3697, stab=6.67e-07, ncm=0.1963) | Val F1=0.7228  AUC=0.9998
Epoch 056 | Loss 0.3866 (det=0.3673, stab=4.06e-10, ncm=0.1930) | Val F1=0.7228  AUC=0.9999
Epoch 057 | Loss 0.3843 (det=0.3649, stab=2.34e-07, ncm=0.1941) | Val F1=0.7227  AUC=0.9999
Epoch 058 | Loss 0.3843 (det=0.3649, stab=4.14e-07, ncm=0.1941) | Val F1=0.7227  AUC=0.9999
Epoch 059 | Loss 0.3794 (det=0.3602, stab=2.62e-07, ncm=0.1921) | Val F1=0.7227  AUC=0.9999
Epoch 060 | Loss 0.3781 (det=0.3587, stab=1.41e-08, ncm=0.1936) | Val F1=0.7228  AUC=0.9999
Epoch 061 | Loss 0.3738 (det=0.3548, stab=1.15e-08, ncm=0.1895) | Val F1=0.7230  AUC=0.9999
Epoch 062 | Loss 0.3778 (det=0.3582, stab=5.75e-08, ncm=0.1955) | Val F1=0.7235  AUC=0.9999
Epoch 063 | Loss 0.3709 (det=0.3518, stab=2.42e-07, ncm=0.1906) | Val F1=0.7247  AUC=0.9999
Epoch 064 | Loss 0.3680 (det=0.3490, stab=5.22e-09, ncm=0.1894) | Val F1=0.7260  AUC=0.9999
Epoch 065 | Loss 0.3636 (det=0.3450, stab=1.22e-06, ncm=0.1863) | Val F1=0.7275  AUC=0.9999
Epoch 066 | Loss 0.3603 (det=0.3417, stab=4.13e-07, ncm=0.1857) | Val F1=0.7344  AUC=0.9999
Epoch 067 | Loss 0.3598 (det=0.3412, stab=5.12e-07, ncm=0.1862) | Val F1=0.7453  AUC=0.9999
Epoch 068 | Loss 0.3559 (det=0.3369, stab=3.69e-08, ncm=0.1898) | Val F1=0.7564  AUC=0.9999
Epoch 069 | Loss 0.3529 (det=0.3341, stab=1.75e-06, ncm=0.1881) | Val F1=0.7690  AUC=0.9999
Epoch 070 | Loss 0.3503 (det=0.3319, stab=8.71e-10, ncm=0.1840) | Val F1=0.7809  AUC=0.9998
Epoch 071 | Loss 0.3458 (det=0.3274, stab=1.29e-07, ncm=0.1839) | Val F1=0.7901  AUC=0.9998
Epoch 072 | Loss 0.3441 (det=0.3257, stab=4.69e-07, ncm=0.1842) | Val F1=0.7946  AUC=0.9998
Epoch 073 | Loss 0.3399 (det=0.3219, stab=2.38e-07, ncm=0.1800) | Val F1=0.7982  AUC=0.9998
Epoch 074 | Loss 0.3361 (det=0.3183, stab=2.62e-06, ncm=0.1778) | Val F1=0.8009  AUC=0.9998
Epoch 075 | Loss 0.3346 (det=0.3169, stab=6.98e-07, ncm=0.1761) | Val F1=0.8042  AUC=0.9998
Epoch 076 | Loss 0.3287 (det=0.3114, stab=5.56e-07, ncm=0.1734) | Val F1=0.8073  AUC=0.9999
Epoch 077 | Loss 0.3270 (det=0.3093, stab=2.28e-07, ncm=0.1764) | Val F1=0.8125  AUC=0.9999
Epoch 078 | Loss 0.3241 (det=0.3064, stab=5.41e-06, ncm=0.1767) | Val F1=0.8202  AUC=0.9999
Epoch 079 | Loss 0.3198 (det=0.3020, stab=2.01e-08, ncm=0.1784) | Val F1=0.8310  AUC=0.9999
Epoch 080 | Loss 0.3169 (det=0.2995, stab=3.99e-10, ncm=0.1735) | Val F1=0.8436  AUC=0.9999
Epoch 081 | Loss 0.3128 (det=0.2951, stab=8.86e-08, ncm=0.1768) | Val F1=0.8466  AUC=0.9999
Epoch 082 | Loss 0.3089 (det=0.2922, stab=1.25e-07, ncm=0.1670) | Val F1=0.8493  AUC=0.9998
Epoch 083 | Loss 0.3043 (det=0.2876, stab=1.40e-06, ncm=0.1671) | Val F1=0.8547  AUC=0.9998
Epoch 084 | Loss 0.3017 (det=0.2846, stab=3.87e-07, ncm=0.1707) | Val F1=0.8595  AUC=0.9998
  ↑ Best checkpoint saved → checkpoints/ablation_zeroed/ci_rct_unsw_mg24_best.pt
Epoch 085 | Loss 0.2987 (det=0.2816, stab=2.42e-09, ncm=0.1706) | Val F1=0.8623  AUC=0.9998
  ↑ Best checkpoint saved → checkpoints/ablation_zeroed/ci_rct_unsw_mg24_best.pt
Epoch 086 | Loss 0.2948 (det=0.2784, stab=1.44e-10, ncm=0.1639) | Val F1=0.8645  AUC=0.9998
  ↑ Best checkpoint saved → checkpoints/ablation_zeroed/ci_rct_unsw_mg24_best.pt
Epoch 087 | Loss 0.2904 (det=0.2740, stab=1.81e-07, ncm=0.1639) | Val F1=0.8670  AUC=0.9999
  ↑ Best checkpoint saved → checkpoints/ablation_zeroed/ci_rct_unsw_mg24_best.pt
Epoch 088 | Loss 0.2869 (det=0.2704, stab=2.31e-07, ncm=0.1648) | Val F1=0.8695  AUC=0.9999
  ↑ Best checkpoint saved → checkpoints/ablation_zeroed/ci_rct_unsw_mg24_best.pt
Epoch 089 | Loss 0.2830 (det=0.2669, stab=4.53e-08, ncm=0.1613) | Val F1=0.8733  AUC=0.9999
  ↑ Best checkpoint saved → checkpoints/ablation_zeroed/ci_rct_unsw_mg24_best.pt
Epoch 090 | Loss 0.2796 (det=0.2635, stab=6.65e-10, ncm=0.1610) | Val F1=0.8783  AUC=0.9999
  ↑ Best checkpoint saved → checkpoints/ablation_zeroed/ci_rct_unsw_mg24_best.pt
Epoch 091 | Loss 0.2757 (det=0.2595, stab=1.40e-07, ncm=0.1621) | Val F1=0.8841  AUC=0.9999
  ↑ Best checkpoint saved → checkpoints/ablation_zeroed/ci_rct_unsw_mg24_best.pt
Epoch 092 | Loss 0.2716 (det=0.2556, stab=1.25e-08, ncm=0.1603) | Val F1=0.8895  AUC=0.9998
  ↑ Best checkpoint saved → checkpoints/ablation_zeroed/ci_rct_unsw_mg24_best.pt
Epoch 093 | Loss 0.2688 (det=0.2527, stab=1.30e-09, ncm=0.1612) | Val F1=0.8941  AUC=0.9998
  ↑ Best checkpoint saved → checkpoints/ablation_zeroed/ci_rct_unsw_mg24_best.pt
Epoch 094 | Loss 0.2658 (det=0.2495, stab=3.69e-08, ncm=0.1630) | Val F1=0.8981  AUC=0.9998
  ↑ Best checkpoint saved → checkpoints/ablation_zeroed/ci_rct_unsw_mg24_best.pt
Epoch 095 | Loss 0.2612 (det=0.2450, stab=3.12e-08, ncm=0.1612) | Val F1=0.9010  AUC=0.9998
  ↑ Best checkpoint saved → checkpoints/ablation_zeroed/ci_rct_unsw_mg24_best.pt
Epoch 096 | Loss 0.2577 (det=0.2416, stab=2.08e-08, ncm=0.1613) | Val F1=0.9033  AUC=0.9998
  ↑ Best checkpoint saved → checkpoints/ablation_zeroed/ci_rct_unsw_mg24_best.pt
Epoch 097 | Loss 0.2533 (det=0.2371, stab=3.97e-09, ncm=0.1618) | Val F1=0.9052  AUC=0.9998
  ↑ Best checkpoint saved → checkpoints/ablation_zeroed/ci_rct_unsw_mg24_best.pt
Epoch 098 | Loss 0.2509 (det=0.2346, stab=9.19e-10, ncm=0.1633) | Val F1=0.9063  AUC=0.9998
  ↑ Best checkpoint saved → checkpoints/ablation_zeroed/ci_rct_unsw_mg24_best.pt
Epoch 099 | Loss 0.2463 (det=0.2305, stab=2.20e-08, ncm=0.1579) | Val F1=0.9079  AUC=0.9998
  ↑ Best checkpoint saved → checkpoints/ablation_zeroed/ci_rct_unsw_mg24_best.pt
Epoch 100 | Loss 0.2437 (det=0.2275, stab=2.58e-09, ncm=0.1622) | Val F1=0.9096  AUC=0.9998
  ↑ Best checkpoint saved → checkpoints/ablation_zeroed/ci_rct_unsw_mg24_best.pt

Loading best checkpoint for test evaluation...
Test  F1=0.9357  AUC=0.9999
