Loading dataset: unsw_mg24
=== Loading MG24 from data/unsw_mg24 ===
[flows] loading network flows...
  benign  admin      admin traffic.csv: 305,919 rows
  benign  microgrid  microgrid traffic.csv: 3,616 rows
  benign  research   research traffic.csv: 163,101 rows
  benign  teaching   teaching traffic.csv: 402,833 rows
  attack  mitm           MITM1.pcap_Flow.csv: 253 rows
  attack  backdoor       backdoor1.pcap_Flow.csv: 794 rows
  attack  backdoor       backdoor2.pcap_Flow.csv: 990 rows
  attack  ddos           ddos1.pcap_Flow.csv: 2,233,313 rows
  attack  dos            dos1.pcap_Flow.csv: 131,308 rows
  attack  credential     ftp_password.pcap_Flow.csv: 257 rows
  attack  credential     hydra_password.pcap_Flow.csv: 2,037 rows
  attack  ransomware     ransomware.pcap_Flow.csv: 294 rows
  attack  samba          samba_permission.pcap_Flow.csv: 118 rows
  attack  recon          scan1_nmap.pcap_Flow.csv: 66,141 rows
  attack  recon          scan2_nikto.pcap_Flow.csv: 337 rows
  attack  shellshock     shellshock.pcap_Flow.csv: 241 rows
  attack  sql_injection  sql_injection.pcap_Flow.csv: 2,212 rows
  ddos subsample: 2,233,313 → 223,331 (10%); seed=42
[flows] total: 1,303,782 rows (428,313 malicious)
[audit] loading Linux audit logs...
  benign  Admin department: 31,754 events
  benign  Research department: 50,444 events
  benign  Teaching department: 42,576 events
  attack  mitm           audit_MITM1.log: 11,524 events
  attack  mitm           audit_MITM2.log: 7,315 events
  attack  backdoor       audit_backdoor.log: 11,033 events
  attack  backdoor       audit_backdoor2.log: 16,585 events
  attack  backdoor       audit_backdoor_3.log: 11,724 events
  attack  dos            audit_dos1.log: 18,527 events
  attack  dos            audit_dos2.log: 1,690 events
  attack  credential     audit_ftp_password.log: 8,058 events
  attack  credential     audit_hydra_passowrd_1.log: 9,455 events
  attack  credential     audit_password.log: 13,479 events
  attack  ransomware     audit_ransomware_1.log: 8,080 events
  attack  reverse_shell  audit_reverse_shell.log: 9,024 events
  attack  samba          audit_samaba_permission.log: 15,519 events
  attack  recon          audit_scan_nikto1.log: 8,977 events
  attack  recon          audit_scan_nikto2.log: 3,554 events
  attack  recon          audit_scan_nmap1.log: 4,104 events
  attack  sql_injection  audit_sql1.log: 2,715 events
  attack  sql_injection  audit_sql2.log: 3,114 events
  attack  sql_injection  audit_sql3.log: 5,681 events
  attack  ddos           ddos1.log: 9,986 events
  attack  mimicry        mimicry1.log: 7,309 events
  attack  mimicry        mimicry2.log: 5,452 events
  attack  ransomware     ransomware2.log: 5,833 events
  attack  shellshock     shellshock1.log: 14,602 events
  attack  shellshock     shellshock2.log: 13,154 events
  attack  shellshock     shellshock3.log: 15,840 events
[audit] total: 367,108 events (242,334 malicious)
[procmon] loading Windows Procmon CSVs...
  central  ben central_normal_system_calls.CSV: 12,170 events
  local1   ben local1_normal_system_calls.CSV: 305,994 events
  local2   ben local2_normal_system_calls.CSV: 92,149 events
  central  mal central_malicious.CSV: 6,947 events
  local1   mal local1_macilious.CSV: 279,994 events
  local2   mal local2_macilious.CSV: 227,253 events
[procmon] total: 924,507 events (514,194 malicious)
[power] loading power measurements...
  local1 ben local1_normal.csv: 893 samples (mechanical)
  local1 mal local1_malicious.csv: 987 samples (mechanical)
  local2 ben local2_normal.csv: 833 samples (electrical)
  local2 mal local2_malicious.csv: 903 samples (electrical)
[power] total: 3,616 samples
[bridge] SOCKADDR scan: 914 records, 505 IPv4 decoded; 27 logs contributed 70 (log,IP) pairs
[hosts] pruned 379,240 → 255,283 (retained: {'ip': 255238, 'audit_source': 37, 'hostname': 8}; min_flows=5)
=== Done. Node counts: hosts=255283 processes=1500 flows=1303782 devices=2 measurements=3616 ===
  Split mode: hybrid (DD-8)
  Host role:  zeroed  (features=zeroed)
Building TypedCausalGraph...
  [BFS] rare edge types (5, reserve=100, max_hops=5, src=dataset-default): ['device_node__to__measurement_node', 'device_node__to__process_node', 'host_node__to__host_node', 'process_node__to__host_node', 'process_node__to__process_node']
  Causal graph: 500 nodes, 525 directed edges
  [debug] target_node=875471, in_graph=True, parents={1412138}
  Class weight: licit=1.00  illicit=2.67  (pos=229735, neg=612829)
  Multi-task NCM supervision: ['flow_node', 'measurement_node', 'process_node']

Training [Phase 1 (No GAN)] for 200 epochs on cuda...
Epoch 010 | Loss 1.0104 (det=0.6790, stab=6.39e-06, ncm=0.6628) | Val F1=0.7211  AUC=0.9883
  ↑ Best checkpoint saved → checkpoints/dd12_zeroed/ci_rct_unsw_mg24_best.pt
Epoch 020 | Loss 0.9556 (det=0.6554, stab=1.37e-03, ncm=0.5989) | Val F1=0.7444  AUC=0.9985
  ↑ Best checkpoint saved → checkpoints/dd12_zeroed/ci_rct_unsw_mg24_best.pt
Epoch 030 | Loss 0.9193 (det=0.6235, stab=7.91e-05, ncm=0.5914) | Val F1=0.9445  AUC=0.9986
  ↑ Best checkpoint saved → checkpoints/dd12_zeroed/ci_rct_unsw_mg24_best.pt
Epoch 040 | Loss 0.8780 (det=0.5841, stab=4.47e-06, ncm=0.5879) | Val F1=0.9320  AUC=0.9986
Epoch 050 | Loss 0.8274 (det=0.5353, stab=4.45e-05, ncm=0.5842) | Val F1=0.9256  AUC=0.9987
Epoch 060 | Loss 0.7708 (det=0.4789, stab=8.69e-06, ncm=0.5839) | Val F1=0.9428  AUC=0.9989
Epoch 070 | Loss 0.7065 (det=0.4143, stab=3.18e-05, ncm=0.5844) | Val F1=0.9406  AUC=0.9991
Epoch 080 | Loss 0.6494 (det=0.3569, stab=5.83e-06, ncm=0.5850) | Val F1=0.9424  AUC=0.9993
Epoch 090 | Loss 0.5886 (det=0.2968, stab=6.05e-06, ncm=0.5835) | Val F1=0.9432  AUC=0.9993
Epoch 100 | Loss 0.5420 (det=0.2506, stab=1.82e-06, ncm=0.5827) | Val F1=0.9540  AUC=0.9994
  ↑ Best checkpoint saved → checkpoints/dd12_zeroed/ci_rct_unsw_mg24_best.pt
Epoch 110 | Loss 0.5022 (det=0.2094, stab=8.45e-05, ncm=0.5856) | Val F1=0.9614  AUC=0.9994
  ↑ Best checkpoint saved → checkpoints/dd12_zeroed/ci_rct_unsw_mg24_best.pt
Epoch 120 | Loss 0.4671 (det=0.1753, stab=1.47e-05, ncm=0.5836) | Val F1=0.9645  AUC=0.9995
  ↑ Best checkpoint saved → checkpoints/dd12_zeroed/ci_rct_unsw_mg24_best.pt
Epoch 130 | Loss 0.4412 (det=0.1490, stab=1.35e-07, ncm=0.5844) | Val F1=0.9670  AUC=0.9995
  ↑ Best checkpoint saved → checkpoints/dd12_zeroed/ci_rct_unsw_mg24_best.pt
Epoch 140 | Loss 0.4215 (det=0.1286, stab=1.23e-04, ncm=0.5858) | Val F1=0.9699  AUC=0.9996
  ↑ Best checkpoint saved → checkpoints/dd12_zeroed/ci_rct_unsw_mg24_best.pt
Epoch 150 | Loss 0.4047 (det=0.1117, stab=3.51e-05, ncm=0.5858) | Val F1=0.9720  AUC=0.9996
  ↑ Best checkpoint saved → checkpoints/dd12_zeroed/ci_rct_unsw_mg24_best.pt
Epoch 160 | Loss 0.3884 (det=0.0978, stab=2.12e-04, ncm=0.5810) | Val F1=0.9744  AUC=0.9997
  ↑ Best checkpoint saved → checkpoints/dd12_zeroed/ci_rct_unsw_mg24_best.pt
Epoch 170 | Loss 0.3788 (det=0.0871, stab=6.23e-08, ncm=0.5835) | Val F1=0.9774  AUC=0.9997
  ↑ Best checkpoint saved → checkpoints/dd12_zeroed/ci_rct_unsw_mg24_best.pt
Epoch 180 | Loss 0.3703 (det=0.0780, stab=2.52e-04, ncm=0.5843) | Val F1=0.9814  AUC=0.9997
  ↑ Best checkpoint saved → checkpoints/dd12_zeroed/ci_rct_unsw_mg24_best.pt
Epoch 190 | Loss 0.3604 (det=0.0707, stab=3.42e-05, ncm=0.5794) | Val F1=0.9840  AUC=0.9998
  ↑ Best checkpoint saved → checkpoints/dd12_zeroed/ci_rct_unsw_mg24_best.pt
Epoch 200 | Loss 0.3518 (det=0.0639, stab=4.71e-06, ncm=0.5759) | Val F1=0.9849  AUC=0.9998
  ↑ Best checkpoint saved → checkpoints/dd12_zeroed/ci_rct_unsw_mg24_best.pt

Loading best checkpoint for test evaluation...
Test  F1=0.9896  AUC=0.9964
