Loading dataset: unsw_mg24
=== Loading MG24 from data/unsw_mg24 ===
[flows] loading network flows...
  benign  admin      admin traffic.csv: 305,919 rows
  benign  microgrid  microgrid traffic.csv: 3,616 rows
  benign  research   research traffic.csv: 163,101 rows
  benign  teaching   teaching traffic.csv: 402,833 rows
  attack  mitm           MITM1.pcap_Flow.csv: 253 rows
  attack  backdoor       backdoor1.pcap_Flow.csv: 794 rows
  attack  backdoor       backdoor2.pcap_Flow.csv: 990 rows
  attack  ddos           ddos1.pcap_Flow.csv: 2,233,313 rows
  attack  dos            dos1.pcap_Flow.csv: 131,308 rows
  attack  credential     ftp_password.pcap_Flow.csv: 257 rows
  attack  credential     hydra_password.pcap_Flow.csv: 2,037 rows
  attack  ransomware     ransomware.pcap_Flow.csv: 294 rows
  attack  samba          samba_permission.pcap_Flow.csv: 118 rows
  attack  recon          scan1_nmap.pcap_Flow.csv: 66,141 rows
  attack  recon          scan2_nikto.pcap_Flow.csv: 337 rows
  attack  shellshock     shellshock.pcap_Flow.csv: 241 rows
  attack  sql_injection  sql_injection.pcap_Flow.csv: 2,212 rows
  ddos subsample: 2,233,313 → 223,331 (10%); seed=42
[flows] total: 1,303,782 rows (428,313 malicious)
[audit] loading Linux audit logs...
  benign  Admin department: 31,754 events
  benign  Research department: 50,444 events
  benign  Teaching department: 42,576 events
  attack  mitm           audit_MITM1.log: 11,524 events
  attack  mitm           audit_MITM2.log: 7,315 events
  attack  backdoor       audit_backdoor.log: 11,033 events
  attack  backdoor       audit_backdoor2.log: 16,585 events
  attack  backdoor       audit_backdoor_3.log: 11,724 events
  attack  dos            audit_dos1.log: 18,527 events
  attack  dos            audit_dos2.log: 1,690 events
  attack  credential     audit_ftp_password.log: 8,058 events
  attack  credential     audit_hydra_passowrd_1.log: 9,455 events
  attack  credential     audit_password.log: 13,479 events
  attack  ransomware     audit_ransomware_1.log: 8,080 events
  attack  reverse_shell  audit_reverse_shell.log: 9,024 events
  attack  samba          audit_samaba_permission.log: 15,519 events
  attack  recon          audit_scan_nikto1.log: 8,977 events
  attack  recon          audit_scan_nikto2.log: 3,554 events
  attack  recon          audit_scan_nmap1.log: 4,104 events
  attack  sql_injection  audit_sql1.log: 2,715 events
  attack  sql_injection  audit_sql2.log: 3,114 events
  attack  sql_injection  audit_sql3.log: 5,681 events
  attack  ddos           ddos1.log: 9,986 events
  attack  mimicry        mimicry1.log: 7,309 events
  attack  mimicry        mimicry2.log: 5,452 events
  attack  ransomware     ransomware2.log: 5,833 events
  attack  shellshock     shellshock1.log: 14,602 events
  attack  shellshock     shellshock2.log: 13,154 events
  attack  shellshock     shellshock3.log: 15,840 events
[audit] total: 367,108 events (242,334 malicious)
[procmon] loading Windows Procmon CSVs...
  central  ben central_normal_system_calls.CSV: 12,170 events
  local1   ben local1_normal_system_calls.CSV: 305,994 events
  local2   ben local2_normal_system_calls.CSV: 92,149 events
  central  mal central_malicious.CSV: 6,947 events
  local1   mal local1_macilious.CSV: 279,994 events
  local2   mal local2_macilious.CSV: 227,253 events
[procmon] total: 924,507 events (514,194 malicious)
[power] loading power measurements...
  local1 ben local1_normal.csv: 893 samples (mechanical)
  local1 mal local1_malicious.csv: 987 samples (mechanical)
  local2 ben local2_normal.csv: 833 samples (electrical)
  local2 mal local2_malicious.csv: 903 samples (electrical)
[power] total: 3,616 samples
[bridge] SOCKADDR scan: 914 records, 505 IPv4 decoded; 27 logs contributed 70 (log,IP) pairs
[hosts] pruned 379,240 → 255,283 (retained: {'ip': 255238, 'audit_source': 37, 'hostname': 8}; min_flows=5)
=== Done. Node counts: hosts=255283 processes=1500 flows=1303782 devices=2 measurements=3616 ===
  Split mode: by_incident (DD-8)
  Host role:  zeroed  (features=zeroed)
Building TypedCausalGraph...
  [BFS] rare edge types (5, reserve=100, max_hops=5, src=dataset-default): ['device_node__to__measurement_node', 'device_node__to__process_node', 'host_node__to__host_node', 'process_node__to__host_node', 'process_node__to__process_node']
  Causal graph: 500 nodes, 525 directed edges
  [debug] target_node=875471, in_graph=True, parents={1412138}
  Class weight: licit=1.00  illicit=1.10  (pos=426925, neg=469020)
  Multi-task NCM supervision: ['flow_node', 'measurement_node', 'process_node']

Training [Phase 1 (No GAN)] for 200 epochs on cuda...
Epoch 010 | Loss 0.7096 (det=0.6451, stab=1.18e-06, ncm=0.6456) | Val F1=0.5751  AUC=0.5773
  ↑ Best checkpoint saved → checkpoints/dd14/NoGAN/ci_rct_unsw_mg24_best.pt
Epoch 020 | Loss 0.5060 (det=0.4460, stab=8.89e-05, ncm=0.5992) | Val F1=0.5492  AUC=0.6314
Epoch 030 | Loss 0.4335 (det=0.3741, stab=2.01e-04, ncm=0.5921) | Val F1=0.5496  AUC=0.6157
Epoch 040 | Loss 0.3742 (det=0.3156, stab=3.80e-05, ncm=0.5859) | Val F1=0.5496  AUC=0.6637
Epoch 050 | Loss 0.3111 (det=0.2526, stab=1.26e-04, ncm=0.5844) | Val F1=0.5496  AUC=0.6681
Epoch 060 | Loss 0.2571 (det=0.1985, stab=1.66e-04, ncm=0.5852) | Val F1=0.5462  AUC=0.6744
Epoch 070 | Loss 0.2148 (det=0.1562, stab=1.10e-05, ncm=0.5863) | Val F1=0.5434  AUC=0.7123
Epoch 080 | Loss 0.1823 (det=0.1237, stab=3.39e-05, ncm=0.5859) | Val F1=0.5596  AUC=0.7155
Epoch 090 | Loss 0.1577 (det=0.0990, stab=8.25e-05, ncm=0.5867) | Val F1=0.5596  AUC=0.7176
Epoch 100 | Loss 0.1388 (det=0.0803, stab=1.52e-05, ncm=0.5848) | Val F1=0.5561  AUC=0.7183
Epoch 110 | Loss 0.1261 (det=0.0674, stab=7.05e-06, ncm=0.5863) | Val F1=0.5540  AUC=0.7188
Epoch 120 | Loss 0.1147 (det=0.0563, stab=8.70e-06, ncm=0.5843) | Val F1=0.5569  AUC=0.7188
Epoch 130 | Loss 0.1067 (det=0.0481, stab=2.31e-06, ncm=0.5867) | Val F1=0.5520  AUC=0.7181
Epoch 140 | Loss 0.1004 (det=0.0418, stab=1.53e-05, ncm=0.5855) | Val F1=0.5523  AUC=0.7182
Epoch 150 | Loss 0.0947 (det=0.0362, stab=5.12e-05, ncm=0.5842) | Val F1=0.5523  AUC=0.7181
Epoch 160 | Loss 0.0905 (det=0.0319, stab=8.69e-05, ncm=0.5858) | Val F1=0.5526  AUC=0.7183
Epoch 170 | Loss 0.0867 (det=0.0282, stab=3.19e-05, ncm=0.5848) | Val F1=0.5529  AUC=0.7041
Epoch 180 | Loss 0.0840 (det=0.0254, stab=2.61e-07, ncm=0.5864) | Val F1=0.5532  AUC=0.6805
Epoch 190 | Loss 0.0814 (det=0.0229, stab=3.50e-04, ncm=0.5840) | Val F1=0.5532  AUC=0.6882
Epoch 200 | Loss 0.0791 (det=0.0206, stab=1.64e-05, ncm=0.5850) | Val F1=0.5532  AUC=0.6817

Loading best checkpoint for test evaluation...
Test  F1=0.4819  AUC=0.7245
