Loading dataset: unsw_mg24
=== Loading MG24 from data/unsw_mg24 ===
[flows] loading network flows...
  benign  admin      admin traffic.csv: 305,919 rows
  benign  microgrid  microgrid traffic.csv: 3,616 rows
  benign  research   research traffic.csv: 163,101 rows
  benign  teaching   teaching traffic.csv: 402,833 rows
  attack  mitm           MITM1.pcap_Flow.csv: 253 rows
  attack  backdoor       backdoor1.pcap_Flow.csv: 794 rows
  attack  backdoor       backdoor2.pcap_Flow.csv: 990 rows
  attack  ddos           ddos1.pcap_Flow.csv: 2,233,313 rows
  attack  dos            dos1.pcap_Flow.csv: 131,308 rows
  attack  credential     ftp_password.pcap_Flow.csv: 257 rows
  attack  credential     hydra_password.pcap_Flow.csv: 2,037 rows
  attack  ransomware     ransomware.pcap_Flow.csv: 294 rows
  attack  samba          samba_permission.pcap_Flow.csv: 118 rows
  attack  recon          scan1_nmap.pcap_Flow.csv: 66,141 rows
  attack  recon          scan2_nikto.pcap_Flow.csv: 337 rows
  attack  shellshock     shellshock.pcap_Flow.csv: 241 rows
  attack  sql_injection  sql_injection.pcap_Flow.csv: 2,212 rows
  ddos subsample: 2,233,313 → 223,331 (10%); seed=42
[flows] total: 1,303,782 rows (428,313 malicious)
[audit] loading Linux audit logs...
  benign  Admin department: 31,754 events
  benign  Research department: 50,444 events
  benign  Teaching department: 42,576 events
  attack  mitm           audit_MITM1.log: 11,524 events
  attack  mitm           audit_MITM2.log: 7,315 events
  attack  backdoor       audit_backdoor.log: 11,033 events
  attack  backdoor       audit_backdoor2.log: 16,585 events
  attack  backdoor       audit_backdoor_3.log: 11,724 events
  attack  dos            audit_dos1.log: 18,527 events
  attack  dos            audit_dos2.log: 1,690 events
  attack  credential     audit_ftp_password.log: 8,058 events
  attack  credential     audit_hydra_passowrd_1.log: 9,455 events
  attack  credential     audit_password.log: 13,479 events
  attack  ransomware     audit_ransomware_1.log: 8,080 events
  attack  reverse_shell  audit_reverse_shell.log: 9,024 events
  attack  samba          audit_samaba_permission.log: 15,519 events
  attack  recon          audit_scan_nikto1.log: 8,977 events
  attack  recon          audit_scan_nikto2.log: 3,554 events
  attack  recon          audit_scan_nmap1.log: 4,104 events
  attack  sql_injection  audit_sql1.log: 2,715 events
  attack  sql_injection  audit_sql2.log: 3,114 events
  attack  sql_injection  audit_sql3.log: 5,681 events
  attack  ddos           ddos1.log: 9,986 events
  attack  mimicry        mimicry1.log: 7,309 events
  attack  mimicry        mimicry2.log: 5,452 events
  attack  ransomware     ransomware2.log: 5,833 events
  attack  shellshock     shellshock1.log: 14,602 events
  attack  shellshock     shellshock2.log: 13,154 events
  attack  shellshock     shellshock3.log: 15,840 events
[audit] total: 367,108 events (242,334 malicious)
[procmon] loading Windows Procmon CSVs...
  central  ben central_normal_system_calls.CSV: 12,170 events
  local1   ben local1_normal_system_calls.CSV: 305,994 events
  local2   ben local2_normal_system_calls.CSV: 92,149 events
  central  mal central_malicious.CSV: 6,947 events
  local1   mal local1_macilious.CSV: 279,994 events
  local2   mal local2_macilious.CSV: 227,253 events
[procmon] total: 924,507 events (514,194 malicious)
[power] loading power measurements...
  local1 ben local1_normal.csv: 893 samples (mechanical)
  local1 mal local1_malicious.csv: 987 samples (mechanical)
  local2 ben local2_normal.csv: 833 samples (electrical)
  local2 mal local2_malicious.csv: 903 samples (electrical)
[power] total: 3,616 samples
[bridge] SOCKADDR scan: 914 records, 505 IPv4 decoded; 27 logs contributed 70 (log,IP) pairs
[hosts] pruned 379,240 → 255,283 (retained: {'ip': 255238, 'audit_source': 37, 'hostname': 8}; min_flows=5)
=== Done. Node counts: hosts=255283 processes=1500 flows=1303782 devices=2 measurements=3616 ===
  Split mode: by_incident (DD-8)
  Host role:  zeroed  (features=zeroed)
Building TypedCausalGraph...
  [BFS] rare edge types (5, reserve=100, max_hops=5, src=dataset-default): ['device_node__to__measurement_node', 'device_node__to__process_node', 'host_node__to__host_node', 'process_node__to__host_node', 'process_node__to__process_node']
  Causal graph: 3307 nodes, 3599 directed edges
  [debug] target_node=875724, in_graph=True, parents={1412142}
  Class weight: licit=1.00  illicit=0.86  (pos=358753, neg=309535)
  Multi-task NCM supervision: ['flow_node', 'measurement_node', 'process_node']

Training [Phase 1 (No GAN)] for 200 epochs on cuda...
Epoch 010 | Loss 0.7146 (det=0.6599, stab=9.09e-07, ncm=0.5472) | Val F1=0.9146  AUC=0.9976
  ↑ Best checkpoint saved → checkpoints/dd13_zeroed/ci_rct_unsw_mg24_best.pt
Epoch 020 | Loss 0.5834 (det=0.5501, stab=4.27e-05, ncm=0.3325) | Val F1=0.9991  AUC=0.9976
  ↑ Best checkpoint saved → checkpoints/dd13_zeroed/ci_rct_unsw_mg24_best.pt
Epoch 030 | Loss 0.5361 (det=0.5172, stab=1.95e-05, ncm=0.1887) | Val F1=0.9991  AUC=0.9976
Epoch 040 | Loss 0.5101 (det=0.4902, stab=1.74e-05, ncm=0.1984) | Val F1=0.9991  AUC=0.9976
Epoch 050 | Loss 0.4765 (det=0.4574, stab=1.47e-04, ncm=0.1898) | Val F1=0.9991  AUC=0.9976
Epoch 060 | Loss 0.4398 (det=0.4207, stab=2.09e-05, ncm=0.1911) | Val F1=0.9987  AUC=0.9976
Epoch 070 | Loss 0.3953 (det=0.3765, stab=1.61e-05, ncm=0.1887) | Val F1=0.9964  AUC=0.9976
Epoch 080 | Loss 0.3495 (det=0.3307, stab=4.67e-07, ncm=0.1886) | Val F1=0.9812  AUC=0.9976
Epoch 090 | Loss 0.3040 (det=0.2851, stab=4.18e-05, ncm=0.1892) | Val F1=0.9712  AUC=0.9976
Epoch 100 | Loss 0.2622 (det=0.2433, stab=4.19e-06, ncm=0.1886) | Val F1=0.9689  AUC=0.9976
Epoch 110 | Loss 0.2233 (det=0.2044, stab=7.32e-06, ncm=0.1888) | Val F1=0.9694  AUC=0.9976
Epoch 120 | Loss 0.1930 (det=0.1741, stab=4.89e-05, ncm=0.1888) | Val F1=0.9709  AUC=0.9976
Epoch 130 | Loss 0.1666 (det=0.1477, stab=2.82e-05, ncm=0.1884) | Val F1=0.9696  AUC=0.9976
Epoch 140 | Loss 0.1469 (det=0.1280, stab=1.86e-05, ncm=0.1888) | Val F1=0.9713  AUC=0.9977
Epoch 150 | Loss 0.1303 (det=0.1114, stab=9.20e-08, ncm=0.1885) | Val F1=0.9731  AUC=0.9978
Epoch 160 | Loss 0.1187 (det=0.0998, stab=1.87e-05, ncm=0.1888) | Val F1=0.9756  AUC=0.9979
Epoch 170 | Loss 0.1058 (det=0.0870, stab=8.78e-06, ncm=0.1884) | Val F1=0.9784  AUC=0.9980
Epoch 180 | Loss 0.0990 (det=0.0801, stab=3.62e-05, ncm=0.1893) | Val F1=0.9823  AUC=0.9983
Epoch 190 | Loss 0.0904 (det=0.0716, stab=4.36e-06, ncm=0.1884) | Val F1=0.9847  AUC=0.9984
Epoch 200 | Loss 0.0841 (det=0.0651, stab=3.83e-05, ncm=0.1891) | Val F1=0.9864  AUC=0.9985

Loading best checkpoint for test evaluation...
Test  F1=0.9737  AUC=0.9033
