Loading dataset: unsw_mg24
=== Loading MG24 from data/unsw_mg24 ===
[flows] loading network flows...
  benign  admin      admin traffic.csv: 305,919 rows
  benign  microgrid  microgrid traffic.csv: 3,616 rows
  benign  research   research traffic.csv: 163,101 rows
  benign  teaching   teaching traffic.csv: 402,833 rows
  attack  mitm           MITM1.pcap_Flow.csv: 253 rows
  attack  backdoor       backdoor1.pcap_Flow.csv: 794 rows
  attack  backdoor       backdoor2.pcap_Flow.csv: 990 rows
  attack  ddos           ddos1.pcap_Flow.csv: 2,233,313 rows
  attack  dos            dos1.pcap_Flow.csv: 131,308 rows
  attack  credential     ftp_password.pcap_Flow.csv: 257 rows
  attack  credential     hydra_password.pcap_Flow.csv: 2,037 rows
  attack  ransomware     ransomware.pcap_Flow.csv: 294 rows
  attack  samba          samba_permission.pcap_Flow.csv: 118 rows
  attack  recon          scan1_nmap.pcap_Flow.csv: 66,141 rows
  attack  recon          scan2_nikto.pcap_Flow.csv: 337 rows
  attack  shellshock     shellshock.pcap_Flow.csv: 241 rows
  attack  sql_injection  sql_injection.pcap_Flow.csv: 2,212 rows
  ddos subsample: 2,233,313 → 223,331 (10%); seed=42
[flows] total: 1,303,782 rows (428,313 malicious)
[audit] loading Linux audit logs...
  benign  Admin department: 31,754 events
  benign  Research department: 50,444 events
  benign  Teaching department: 42,576 events
  attack  mitm           audit_MITM1.log: 11,524 events
  attack  mitm           audit_MITM2.log: 7,315 events
  attack  backdoor       audit_backdoor.log: 11,033 events
  attack  backdoor       audit_backdoor2.log: 16,585 events
  attack  backdoor       audit_backdoor_3.log: 11,724 events
  attack  dos            audit_dos1.log: 18,527 events
  attack  dos            audit_dos2.log: 1,690 events
  attack  credential     audit_ftp_password.log: 8,058 events
  attack  credential     audit_hydra_passowrd_1.log: 9,455 events
  attack  credential     audit_password.log: 13,479 events
  attack  ransomware     audit_ransomware_1.log: 8,080 events
  attack  reverse_shell  audit_reverse_shell.log: 9,024 events
  attack  samba          audit_samaba_permission.log: 15,519 events
  attack  recon          audit_scan_nikto1.log: 8,977 events
  attack  recon          audit_scan_nikto2.log: 3,554 events
  attack  recon          audit_scan_nmap1.log: 4,104 events
  attack  sql_injection  audit_sql1.log: 2,715 events
  attack  sql_injection  audit_sql2.log: 3,114 events
  attack  sql_injection  audit_sql3.log: 5,681 events
  attack  ddos           ddos1.log: 9,986 events
  attack  mimicry        mimicry1.log: 7,309 events
  attack  mimicry        mimicry2.log: 5,452 events
  attack  ransomware     ransomware2.log: 5,833 events
  attack  shellshock     shellshock1.log: 14,602 events
  attack  shellshock     shellshock2.log: 13,154 events
  attack  shellshock     shellshock3.log: 15,840 events
[audit] total: 367,108 events (242,334 malicious)
[procmon] loading Windows Procmon CSVs...
  central  ben central_normal_system_calls.CSV: 12,170 events
  local1   ben local1_normal_system_calls.CSV: 305,994 events
  local2   ben local2_normal_system_calls.CSV: 92,149 events
  central  mal central_malicious.CSV: 6,947 events
  local1   mal local1_macilious.CSV: 279,994 events
  local2   mal local2_macilious.CSV: 227,253 events
[procmon] total: 924,507 events (514,194 malicious)
[power] loading power measurements...
  local1 ben local1_normal.csv: 893 samples (mechanical)
  local1 mal local1_malicious.csv: 987 samples (mechanical)
  local2 ben local2_normal.csv: 833 samples (electrical)
  local2 mal local2_malicious.csv: 903 samples (electrical)
[power] total: 3,616 samples
[bridge] SOCKADDR scan: 914 records, 505 IPv4 decoded; 27 logs contributed 70 (log,IP) pairs
[hosts] pruned 379,240 → 255,283 (retained: {'ip': 255238, 'audit_source': 37, 'hostname': 8}; min_flows=5)
=== Done. Node counts: hosts=255283 processes=1500 flows=1303782 devices=2 measurements=3616 ===
  Split mode: by_incident (DD-8)
  Host role:  zeroed  (features=zeroed)
Building TypedCausalGraph...
  [BFS] rare edge types (5, reserve=100, max_hops=5, src=dataset-default): ['device_node__to__measurement_node', 'device_node__to__process_node', 'host_node__to__host_node', 'process_node__to__host_node', 'process_node__to__process_node']
  Causal graph: 500 nodes, 525 directed edges
  [debug] target_node=875471, in_graph=True, parents={1412138}
  Class weight: licit=1.00  illicit=1.10  (pos=426925, neg=469020)
  Multi-task NCM supervision: ['flow_node', 'measurement_node', 'process_node']

Training [Phase 2 (GAN)] for 200 epochs on cpu...
Epoch 010 | Loss 0.7497 (det=0.6512, adv=0.3193, G=-0.0069, ncm=0.6662) | Val F1=0.1878  AUC=0.6981
  ↑ Best checkpoint saved → checkpoints/ci_rct_unsw_mg24_best.pt
Epoch 020 | Loss 0.5150 (det=0.4982, adv=-0.4392, G=-0.0691, ncm=0.6006) | Val F1=0.5567  AUC=0.7170
  ↑ Best checkpoint saved → checkpoints/ci_rct_unsw_mg24_best.pt
Epoch 030 | Loss 0.4715 (det=0.4852, adv=-0.7307, G=-0.1302, ncm=0.5919) | Val F1=0.5567  AUC=0.7150
Epoch 040 | Loss 0.4220 (det=0.4723, adv=-1.1030, G=-0.1899, ncm=0.5984) | Val F1=0.5567  AUC=0.7107
Epoch 050 | Loss 0.4101 (det=0.4622, adv=-1.1286, G=-0.2732, ncm=0.6033) | Val F1=0.5567  AUC=0.7110
Epoch 060 | Loss 0.4122 (det=0.4513, adv=-0.9923, G=-0.3573, ncm=0.6000) | Val F1=0.5567  AUC=0.7113
Epoch 070 | Loss 0.3986 (det=0.4385, adv=-0.9975, G=-0.4283, ncm=0.5978) | Val F1=0.5567  AUC=0.7111
Epoch 080 | Loss 0.3929 (det=0.4234, adv=-0.9042, G=-0.5105, ncm=0.5967) | Val F1=0.5567  AUC=0.7108
Epoch 090 | Loss 0.4019 (det=0.4084, adv=-0.6684, G=-0.6111, ncm=0.6034) | Val F1=0.5567  AUC=0.7109
Epoch 100 | Loss 0.4166 (det=0.3908, adv=-0.3413, G=-0.7301, ncm=0.5993) | Val F1=0.5567  AUC=0.7110
Epoch 110 | Loss 0.4422 (det=0.3749, adv=0.0737, G=-0.8684, ncm=0.5983) | Val F1=0.5567  AUC=0.7118
Epoch 120 | Loss 0.4621 (det=0.3572, adv=0.4488, G=-1.0130, ncm=0.5999) | Val F1=0.5563  AUC=0.7135
Epoch 130 | Loss 0.4701 (det=0.3388, adv=0.7150, G=-1.1562, ncm=0.5980) | Val F1=0.5453  AUC=0.7141
Epoch 140 | Loss 0.4731 (det=0.3208, adv=0.9269, G=-1.2991, ncm=0.5956) | Val F1=0.5391  AUC=0.7147
Epoch 150 | Loss 0.4825 (det=0.3013, adv=1.2093, G=-1.4491, ncm=0.6008) | Val F1=0.5308  AUC=0.7166
Epoch 160 | Loss 0.4947 (det=0.2821, adv=1.5254, G=-1.6028, ncm=0.5985) | Val F1=0.5694  AUC=0.7167
  ↑ Best checkpoint saved → checkpoints/ci_rct_unsw_mg24_best.pt
Epoch 170 | Loss 0.4960 (det=0.2617, adv=1.7464, G=-1.7456, ncm=0.5965) | Val F1=0.5639  AUC=0.7170
Epoch 180 | Loss 0.4829 (det=0.2412, adv=1.8163, G=-1.8779, ncm=0.5976) | Val F1=0.5553  AUC=0.7171
Epoch 190 | Loss 0.4663 (det=0.2216, adv=1.8483, G=-2.0057, ncm=0.5987) | Val F1=0.5577  AUC=0.7171
Epoch 200 | Loss 0.4394 (det=0.2019, adv=1.7782, G=-2.1297, ncm=0.5967) | Val F1=0.5401  AUC=0.7171

Loading best checkpoint for test evaluation...
Test  F1=0.6513  AUC=0.9958
