Loading dataset: unsw_mg24
=== Loading MG24 from data/unsw_mg24 ===
[flows] loading network flows...
  benign  admin      admin traffic.csv: 305,919 rows
  benign  microgrid  microgrid traffic.csv: 3,616 rows
  benign  research   research traffic.csv: 163,101 rows
  benign  teaching   teaching traffic.csv: 402,833 rows
  attack  mitm           MITM1.pcap_Flow.csv: 253 rows
  attack  backdoor       backdoor1.pcap_Flow.csv: 794 rows
  attack  backdoor       backdoor2.pcap_Flow.csv: 990 rows
  attack  ddos           ddos1.pcap_Flow.csv: 2,233,313 rows
  attack  dos            dos1.pcap_Flow.csv: 131,308 rows
  attack  credential     ftp_password.pcap_Flow.csv: 257 rows
  attack  credential     hydra_password.pcap_Flow.csv: 2,037 rows
  attack  ransomware     ransomware.pcap_Flow.csv: 294 rows
  attack  samba          samba_permission.pcap_Flow.csv: 118 rows
  attack  recon          scan1_nmap.pcap_Flow.csv: 66,141 rows
  attack  recon          scan2_nikto.pcap_Flow.csv: 337 rows
  attack  shellshock     shellshock.pcap_Flow.csv: 241 rows
  attack  sql_injection  sql_injection.pcap_Flow.csv: 2,212 rows
  ddos subsample: 2,233,313 → 223,331 (10%); seed=42
[flows] total: 1,303,782 rows (428,313 malicious)
[audit] loading Linux audit logs...
  benign  Admin department: 31,754 events
  benign  Research department: 50,444 events
  benign  Teaching department: 42,576 events
  attack  mitm           audit_MITM1.log: 11,524 events
  attack  mitm           audit_MITM2.log: 7,315 events
  attack  backdoor       audit_backdoor.log: 11,033 events
  attack  backdoor       audit_backdoor2.log: 16,585 events
  attack  backdoor       audit_backdoor_3.log: 11,724 events
  attack  dos            audit_dos1.log: 18,527 events
  attack  dos            audit_dos2.log: 1,690 events
  attack  credential     audit_ftp_password.log: 8,058 events
  attack  credential     audit_hydra_passowrd_1.log: 9,455 events
  attack  credential     audit_password.log: 13,479 events
  attack  ransomware     audit_ransomware_1.log: 8,080 events
  attack  reverse_shell  audit_reverse_shell.log: 9,024 events
  attack  samba          audit_samaba_permission.log: 15,519 events
  attack  recon          audit_scan_nikto1.log: 8,977 events
  attack  recon          audit_scan_nikto2.log: 3,554 events
  attack  recon          audit_scan_nmap1.log: 4,104 events
  attack  sql_injection  audit_sql1.log: 2,715 events
  attack  sql_injection  audit_sql2.log: 3,114 events
  attack  sql_injection  audit_sql3.log: 5,681 events
  attack  ddos           ddos1.log: 9,986 events
  attack  mimicry        mimicry1.log: 7,309 events
  attack  mimicry        mimicry2.log: 5,452 events
  attack  ransomware     ransomware2.log: 5,833 events
  attack  shellshock     shellshock1.log: 14,602 events
  attack  shellshock     shellshock2.log: 13,154 events
  attack  shellshock     shellshock3.log: 15,840 events
[audit] total: 367,108 events (242,334 malicious)
[procmon] loading Windows Procmon CSVs...
  central  ben central_normal_system_calls.CSV: 12,170 events
  local1   ben local1_normal_system_calls.CSV: 305,994 events
  local2   ben local2_normal_system_calls.CSV: 92,149 events
  central  mal central_malicious.CSV: 6,947 events
  local1   mal local1_macilious.CSV: 279,994 events
  local2   mal local2_macilious.CSV: 227,253 events
[procmon] total: 924,507 events (514,194 malicious)
[power] loading power measurements...
  local1 ben local1_normal.csv: 893 samples (mechanical)
  local1 mal local1_malicious.csv: 987 samples (mechanical)
  local2 ben local2_normal.csv: 833 samples (electrical)
  local2 mal local2_malicious.csv: 903 samples (electrical)
[power] total: 3,616 samples
[bridge] SOCKADDR scan: 914 records, 505 IPv4 decoded; 27 logs contributed 70 (log,IP) pairs
[hosts] pruned 379,240 → 255,283 (retained: {'ip': 255238, 'audit_source': 37, 'hostname': 8}; min_flows=5)
=== Done. Node counts: hosts=255283 processes=1500 flows=1303782 devices=2 measurements=3616 ===
  Split mode: by_incident (DD-8)
  Host role:  zeroed  (features=zeroed)
Building TypedCausalGraph...
  [BFS] rare edge types (5, reserve=100, max_hops=5, src=dataset-default): ['device_node__to__measurement_node', 'device_node__to__process_node', 'host_node__to__host_node', 'process_node__to__host_node', 'process_node__to__process_node']
  Causal graph: 500 nodes, 525 directed edges
  [debug] target_node=875471, in_graph=True, parents={1412138}
  Class weight: licit=1.00  illicit=1.10  (pos=426925, neg=469020)
  Multi-task NCM supervision: ['flow_node', 'measurement_node', 'process_node']

Training [Phase 2 (GAN)] for 200 epochs on cuda...
Epoch 010 | Loss 0.7758 (det=0.6718, adv=0.3922, G=-0.0326, ncm=0.6477) | Val F1=0.5850  AUC=0.6086
  ↑ Best checkpoint saved → checkpoints/dd14/ci_rct_unsw_mg24_best.pt
Epoch 020 | Loss 0.5542 (det=0.4940, adv=-0.0006, G=-0.0979, ncm=0.6023) | Val F1=0.5492  AUC=0.6693
Epoch 030 | Loss 0.4415 (det=0.4371, adv=-0.5575, G=-0.1577, ncm=0.6002) | Val F1=0.5492  AUC=0.6607
Epoch 040 | Loss 0.3625 (det=0.4019, adv=-0.9934, G=-0.2159, ncm=0.5990) | Val F1=0.5515  AUC=0.6159
Epoch 050 | Loss 0.3115 (det=0.3632, adv=-1.1175, G=-0.2853, ncm=0.6002) | Val F1=0.5515  AUC=0.6338
Epoch 060 | Loss 0.2610 (det=0.3247, adv=-1.2384, G=-0.3444, ncm=0.5992) | Val F1=0.5519  AUC=0.6971
Epoch 070 | Loss 0.2042 (det=0.2908, adv=-1.4644, G=-0.3989, ncm=0.5990) | Val F1=0.5519  AUC=0.6977
Epoch 080 | Loss 0.1623 (det=0.2567, adv=-1.5468, G=-0.4693, ncm=0.6017) | Val F1=0.5496  AUC=0.6987
Epoch 090 | Loss 0.1377 (det=0.2267, adv=-1.4860, G=-0.5611, ncm=0.5959) | Val F1=0.5489  AUC=0.7008
Epoch 100 | Loss 0.1357 (det=0.2000, adv=-1.2430, G=-0.6825, ncm=0.5999) | Val F1=0.5457  AUC=0.7008
Epoch 110 | Loss 0.1575 (det=0.1782, adv=-0.8070, G=-0.8318, ncm=0.5990) | Val F1=0.5315  AUC=0.7059
Epoch 120 | Loss 0.1799 (det=0.1575, adv=-0.3778, G=-0.9841, ncm=0.6009) | Val F1=0.5220  AUC=0.7074
Epoch 130 | Loss 0.2045 (det=0.1405, adv=0.0392, G=-1.1343, ncm=0.5999) | Val F1=0.5456  AUC=0.7128
Epoch 140 | Loss 0.2514 (det=0.1253, adv=0.6616, G=-1.2998, ncm=0.5993) | Val F1=0.5492  AUC=0.7443
Epoch 150 | Loss 0.2988 (det=0.1126, adv=1.2624, G=-1.4613, ncm=0.5986) | Val F1=0.5482  AUC=0.7192
Epoch 160 | Loss 0.3202 (det=0.1017, adv=1.5862, G=-1.6003, ncm=0.5988) | Val F1=0.5530  AUC=0.7133
Epoch 170 | Loss 0.3272 (det=0.0925, adv=1.7474, G=-1.7255, ncm=0.5993) | Val F1=0.5532  AUC=0.6980
Epoch 180 | Loss 0.3262 (det=0.0845, adv=1.8189, G=-1.8475, ncm=0.5979) | Val F1=0.5532  AUC=0.6951
Epoch 190 | Loss 0.3209 (det=0.0777, adv=1.8319, G=-1.9681, ncm=0.6002) | Val F1=0.5534  AUC=0.6961
Epoch 200 | Loss 0.3211 (det=0.0724, adv=1.8876, G=-2.0889, ncm=0.5996) | Val F1=0.5523  AUC=0.6959

Loading best checkpoint for test evaluation...
Test  F1=0.4825  AUC=0.7111
