Loading dataset: unsw_mg24
=== Loading MG24 from data/unsw_mg24 ===
[flows] loading network flows...
  benign  admin      admin traffic.csv: 305,919 rows
  benign  microgrid  microgrid traffic.csv: 3,616 rows
  benign  research   research traffic.csv: 163,101 rows
  benign  teaching   teaching traffic.csv: 402,833 rows
  attack  mitm           MITM1.pcap_Flow.csv: 253 rows
  attack  backdoor       backdoor1.pcap_Flow.csv: 794 rows
  attack  backdoor       backdoor2.pcap_Flow.csv: 990 rows
  attack  ddos           ddos1.pcap_Flow.csv: 2,233,313 rows
  attack  dos            dos1.pcap_Flow.csv: 131,308 rows
  attack  credential     ftp_password.pcap_Flow.csv: 257 rows
  attack  credential     hydra_password.pcap_Flow.csv: 2,037 rows
  attack  ransomware     ransomware.pcap_Flow.csv: 294 rows
  attack  samba          samba_permission.pcap_Flow.csv: 118 rows
  attack  recon          scan1_nmap.pcap_Flow.csv: 66,141 rows
  attack  recon          scan2_nikto.pcap_Flow.csv: 337 rows
  attack  shellshock     shellshock.pcap_Flow.csv: 241 rows
  attack  sql_injection  sql_injection.pcap_Flow.csv: 2,212 rows
  ddos subsample: 2,233,313 → 223,331 (10%); seed=42
[flows] total: 1,303,782 rows (428,313 malicious)
[audit] loading Linux audit logs...
  benign  Admin department: 31,754 events
  benign  Research department: 50,444 events
  benign  Teaching department: 42,576 events
  attack  mitm           audit_MITM1.log: 11,524 events
  attack  mitm           audit_MITM2.log: 7,315 events
  attack  backdoor       audit_backdoor.log: 11,033 events
  attack  backdoor       audit_backdoor2.log: 16,585 events
  attack  backdoor       audit_backdoor_3.log: 11,724 events
  attack  dos            audit_dos1.log: 18,527 events
  attack  dos            audit_dos2.log: 1,690 events
  attack  credential     audit_ftp_password.log: 8,058 events
  attack  credential     audit_hydra_passowrd_1.log: 9,455 events
  attack  credential     audit_password.log: 13,479 events
  attack  ransomware     audit_ransomware_1.log: 8,080 events
  attack  reverse_shell  audit_reverse_shell.log: 9,024 events
  attack  samba          audit_samaba_permission.log: 15,519 events
  attack  recon          audit_scan_nikto1.log: 8,977 events
  attack  recon          audit_scan_nikto2.log: 3,554 events
  attack  recon          audit_scan_nmap1.log: 4,104 events
  attack  sql_injection  audit_sql1.log: 2,715 events
  attack  sql_injection  audit_sql2.log: 3,114 events
  attack  sql_injection  audit_sql3.log: 5,681 events
  attack  ddos           ddos1.log: 9,986 events
  attack  mimicry        mimicry1.log: 7,309 events
  attack  mimicry        mimicry2.log: 5,452 events
  attack  ransomware     ransomware2.log: 5,833 events
  attack  shellshock     shellshock1.log: 14,602 events
  attack  shellshock     shellshock2.log: 13,154 events
  attack  shellshock     shellshock3.log: 15,840 events
[audit] total: 367,108 events (242,334 malicious)
[procmon] loading Windows Procmon CSVs...
  central  ben central_normal_system_calls.CSV: 12,170 events
  local1   ben local1_normal_system_calls.CSV: 305,994 events
  local2   ben local2_normal_system_calls.CSV: 92,149 events
  central  mal central_malicious.CSV: 6,947 events
  local1   mal local1_macilious.CSV: 279,994 events
  local2   mal local2_macilious.CSV: 227,253 events
[procmon] total: 924,507 events (514,194 malicious)
[power] loading power measurements...
  local1 ben local1_normal.csv: 893 samples (mechanical)
  local1 mal local1_malicious.csv: 987 samples (mechanical)
  local2 ben local2_normal.csv: 833 samples (electrical)
  local2 mal local2_malicious.csv: 903 samples (electrical)
[power] total: 3,616 samples
[hosts] pruned 379,240 → 255,283 (retained: {'ip': 255238, 'audit_source': 37, 'hostname': 8}; min_flows=5)
=== Done. Node counts: hosts=255283 processes=1500 flows=1303782 devices=2 measurements=3616 ===
  Split mode: hybrid (DD-8)
  Host role:  full  (features=full)
Building TypedCausalGraph...
  Causal graph: 72137 nodes, 72130 directed edges
  [debug] target_node=875471, in_graph=True, parents=set()
  Class weight: licit=1.00  illicit=2.67  (pos=229735, neg=612829)
  Multi-task NCM supervision: ['flow_node', 'measurement_node', 'process_node']

Training [Phase 1 (No GAN)] for 200 epochs on cuda...
Epoch 001 | Loss 0.6781 (det=0.6781, stab=0.00e+00, ncm=0.0000) | Val F1=0.6524  AUC=0.9943
  ↑ Best checkpoint saved → checkpoints/dag_v1/ci_rct_unsw_mg24_best.pt
Epoch 002 | Loss 0.6017 (det=0.6017, stab=0.00e+00, ncm=0.0000) | Val F1=0.7110  AUC=0.9956
  ↑ Best checkpoint saved → checkpoints/dag_v1/ci_rct_unsw_mg24_best.pt
Epoch 003 | Loss 0.5389 (det=0.5389, stab=0.00e+00, ncm=0.0000) | Val F1=0.7365  AUC=0.9959
  ↑ Best checkpoint saved → checkpoints/dag_v1/ci_rct_unsw_mg24_best.pt
Epoch 004 | Loss 0.4877 (det=0.4877, stab=0.00e+00, ncm=0.0000) | Val F1=0.7509  AUC=0.9959
  ↑ Best checkpoint saved → checkpoints/dag_v1/ci_rct_unsw_mg24_best.pt
Epoch 005 | Loss 0.4462 (det=0.4462, stab=0.00e+00, ncm=0.0000) | Val F1=0.7620  AUC=0.9955
  ↑ Best checkpoint saved → checkpoints/dag_v1/ci_rct_unsw_mg24_best.pt
Epoch 006 | Loss 0.4124 (det=0.4124, stab=0.00e+00, ncm=0.0000) | Val F1=0.7726  AUC=0.9950
  ↑ Best checkpoint saved → checkpoints/dag_v1/ci_rct_unsw_mg24_best.pt
Epoch 007 | Loss 0.3850 (det=0.3850, stab=0.00e+00, ncm=0.0000) | Val F1=0.7825  AUC=0.9947
  ↑ Best checkpoint saved → checkpoints/dag_v1/ci_rct_unsw_mg24_best.pt
Epoch 008 | Loss 0.3625 (det=0.3625, stab=0.00e+00, ncm=0.0000) | Val F1=0.7905  AUC=0.9946
  ↑ Best checkpoint saved → checkpoints/dag_v1/ci_rct_unsw_mg24_best.pt
Epoch 009 | Loss 0.3439 (det=0.3439, stab=0.00e+00, ncm=0.0000) | Val F1=0.7979  AUC=0.9946
  ↑ Best checkpoint saved → checkpoints/dag_v1/ci_rct_unsw_mg24_best.pt
Epoch 010 | Loss 0.3282 (det=0.3282, stab=0.00e+00, ncm=0.0000) | Val F1=0.8048  AUC=0.9948
  ↑ Best checkpoint saved → checkpoints/dag_v1/ci_rct_unsw_mg24_best.pt
Epoch 011 | Loss 0.3147 (det=0.3147, stab=0.00e+00, ncm=0.0000) | Val F1=0.8117  AUC=0.9949
  ↑ Best checkpoint saved → checkpoints/dag_v1/ci_rct_unsw_mg24_best.pt
Epoch 012 | Loss 0.3028 (det=0.3028, stab=0.00e+00, ncm=0.0000) | Val F1=0.8172  AUC=0.9951
  ↑ Best checkpoint saved → checkpoints/dag_v1/ci_rct_unsw_mg24_best.pt
Epoch 013 | Loss 0.2920 (det=0.2920, stab=0.00e+00, ncm=0.0000) | Val F1=0.8227  AUC=0.9952
  ↑ Best checkpoint saved → checkpoints/dag_v1/ci_rct_unsw_mg24_best.pt
Epoch 014 | Loss 0.2820 (det=0.2820, stab=0.00e+00, ncm=0.0000) | Val F1=0.8290  AUC=0.9955
  ↑ Best checkpoint saved → checkpoints/dag_v1/ci_rct_unsw_mg24_best.pt
Epoch 015 | Loss 0.2727 (det=0.2727, stab=0.00e+00, ncm=0.0000) | Val F1=0.8361  AUC=0.9957
  ↑ Best checkpoint saved → checkpoints/dag_v1/ci_rct_unsw_mg24_best.pt
Epoch 016 | Loss 0.2638 (det=0.2638, stab=0.00e+00, ncm=0.0000) | Val F1=0.8427  AUC=0.9960
  ↑ Best checkpoint saved → checkpoints/dag_v1/ci_rct_unsw_mg24_best.pt
Epoch 017 | Loss 0.2554 (det=0.2554, stab=0.00e+00, ncm=0.0000) | Val F1=0.8504  AUC=0.9962
  ↑ Best checkpoint saved → checkpoints/dag_v1/ci_rct_unsw_mg24_best.pt
Epoch 018 | Loss 0.2472 (det=0.2472, stab=0.00e+00, ncm=0.0000) | Val F1=0.8590  AUC=0.9963
  ↑ Best checkpoint saved → checkpoints/dag_v1/ci_rct_unsw_mg24_best.pt
Epoch 019 | Loss 0.2393 (det=0.2393, stab=0.00e+00, ncm=0.0000) | Val F1=0.8662  AUC=0.9965
  ↑ Best checkpoint saved → checkpoints/dag_v1/ci_rct_unsw_mg24_best.pt
Epoch 020 | Loss 0.2317 (det=0.2317, stab=0.00e+00, ncm=0.0000) | Val F1=0.8731  AUC=0.9967
  ↑ Best checkpoint saved → checkpoints/dag_v1/ci_rct_unsw_mg24_best.pt
Epoch 021 | Loss 0.2243 (det=0.2243, stab=0.00e+00, ncm=0.0000) | Val F1=0.8795  AUC=0.9969
  ↑ Best checkpoint saved → checkpoints/dag_v1/ci_rct_unsw_mg24_best.pt
Epoch 022 | Loss 0.2171 (det=0.2171, stab=0.00e+00, ncm=0.0000) | Val F1=0.8847  AUC=0.9971
  ↑ Best checkpoint saved → checkpoints/dag_v1/ci_rct_unsw_mg24_best.pt
Epoch 023 | Loss 0.2102 (det=0.2102, stab=0.00e+00, ncm=0.0000) | Val F1=0.8925  AUC=0.9973
  ↑ Best checkpoint saved → checkpoints/dag_v1/ci_rct_unsw_mg24_best.pt
Epoch 024 | Loss 0.2035 (det=0.2035, stab=0.00e+00, ncm=0.0000) | Val F1=0.8978  AUC=0.9974
  ↑ Best checkpoint saved → checkpoints/dag_v1/ci_rct_unsw_mg24_best.pt
Epoch 025 | Loss 0.1970 (det=0.1970, stab=0.00e+00, ncm=0.0000) | Val F1=0.9019  AUC=0.9976
  ↑ Best checkpoint saved → checkpoints/dag_v1/ci_rct_unsw_mg24_best.pt
Epoch 026 | Loss 0.1908 (det=0.1908, stab=0.00e+00, ncm=0.0000) | Val F1=0.9052  AUC=0.9977
  ↑ Best checkpoint saved → checkpoints/dag_v1/ci_rct_unsw_mg24_best.pt
Epoch 027 | Loss 0.1848 (det=0.1848, stab=0.00e+00, ncm=0.0000) | Val F1=0.9084  AUC=0.9979
  ↑ Best checkpoint saved → checkpoints/dag_v1/ci_rct_unsw_mg24_best.pt
Epoch 028 | Loss 0.1791 (det=0.1791, stab=0.00e+00, ncm=0.0000) | Val F1=0.9115  AUC=0.9980
  ↑ Best checkpoint saved → checkpoints/dag_v1/ci_rct_unsw_mg24_best.pt
Epoch 029 | Loss 0.1737 (det=0.1737, stab=0.00e+00, ncm=0.0000) | Val F1=0.9145  AUC=0.9981
  ↑ Best checkpoint saved → checkpoints/dag_v1/ci_rct_unsw_mg24_best.pt
Epoch 030 | Loss 0.1685 (det=0.1685, stab=0.00e+00, ncm=0.0000) | Val F1=0.9175  AUC=0.9982
  ↑ Best checkpoint saved → checkpoints/dag_v1/ci_rct_unsw_mg24_best.pt
Epoch 031 | Loss 0.1635 (det=0.1635, stab=0.00e+00, ncm=0.0000) | Val F1=0.9203  AUC=0.9983
  ↑ Best checkpoint saved → checkpoints/dag_v1/ci_rct_unsw_mg24_best.pt
Epoch 032 | Loss 0.1588 (det=0.1588, stab=0.00e+00, ncm=0.0000) | Val F1=0.9227  AUC=0.9984
  ↑ Best checkpoint saved → checkpoints/dag_v1/ci_rct_unsw_mg24_best.pt
Epoch 033 | Loss 0.1543 (det=0.1543, stab=0.00e+00, ncm=0.0000) | Val F1=0.9260  AUC=0.9985
  ↑ Best checkpoint saved → checkpoints/dag_v1/ci_rct_unsw_mg24_best.pt
Epoch 034 | Loss 0.1500 (det=0.1500, stab=0.00e+00, ncm=0.0000) | Val F1=0.9296  AUC=0.9985
  ↑ Best checkpoint saved → checkpoints/dag_v1/ci_rct_unsw_mg24_best.pt
Epoch 035 | Loss 0.1459 (det=0.1459, stab=0.00e+00, ncm=0.0000) | Val F1=0.9329  AUC=0.9986
  ↑ Best checkpoint saved → checkpoints/dag_v1/ci_rct_unsw_mg24_best.pt
Epoch 036 | Loss 0.1421 (det=0.1421, stab=0.00e+00, ncm=0.0000) | Val F1=0.9359  AUC=0.9986
  ↑ Best checkpoint saved → checkpoints/dag_v1/ci_rct_unsw_mg24_best.pt
Epoch 037 | Loss 0.1384 (det=0.1384, stab=0.00e+00, ncm=0.0000) | Val F1=0.9386  AUC=0.9986
  ↑ Best checkpoint saved → checkpoints/dag_v1/ci_rct_unsw_mg24_best.pt
Epoch 038 | Loss 0.1348 (det=0.1348, stab=0.00e+00, ncm=0.0000) | Val F1=0.9410  AUC=0.9986
  ↑ Best checkpoint saved → checkpoints/dag_v1/ci_rct_unsw_mg24_best.pt
Epoch 039 | Loss 0.1314 (det=0.1314, stab=0.00e+00, ncm=0.0000) | Val F1=0.9438  AUC=0.9986
  ↑ Best checkpoint saved → checkpoints/dag_v1/ci_rct_unsw_mg24_best.pt
Epoch 040 | Loss 0.1282 (det=0.1282, stab=0.00e+00, ncm=0.0000) | Val F1=0.9463  AUC=0.9986
  ↑ Best checkpoint saved → checkpoints/dag_v1/ci_rct_unsw_mg24_best.pt
Epoch 041 | Loss 0.1251 (det=0.1251, stab=0.00e+00, ncm=0.0000) | Val F1=0.9486  AUC=0.9986
  ↑ Best checkpoint saved → checkpoints/dag_v1/ci_rct_unsw_mg24_best.pt
Epoch 042 | Loss 0.1221 (det=0.1221, stab=0.00e+00, ncm=0.0000) | Val F1=0.9509  AUC=0.9987
  ↑ Best checkpoint saved → checkpoints/dag_v1/ci_rct_unsw_mg24_best.pt
Epoch 043 | Loss 0.1192 (det=0.1192, stab=0.00e+00, ncm=0.0000) | Val F1=0.9529  AUC=0.9987
  ↑ Best checkpoint saved → checkpoints/dag_v1/ci_rct_unsw_mg24_best.pt
Epoch 044 | Loss 0.1164 (det=0.1164, stab=0.00e+00, ncm=0.0000) | Val F1=0.9542  AUC=0.9987
  ↑ Best checkpoint saved → checkpoints/dag_v1/ci_rct_unsw_mg24_best.pt
Epoch 045 | Loss 0.1136 (det=0.1136, stab=0.00e+00, ncm=0.0000) | Val F1=0.9558  AUC=0.9987
  ↑ Best checkpoint saved → checkpoints/dag_v1/ci_rct_unsw_mg24_best.pt
Epoch 046 | Loss 0.1110 (det=0.1110, stab=0.00e+00, ncm=0.0000) | Val F1=0.9571  AUC=0.9987
  ↑ Best checkpoint saved → checkpoints/dag_v1/ci_rct_unsw_mg24_best.pt
Epoch 047 | Loss 0.1084 (det=0.1084, stab=0.00e+00, ncm=0.0000) | Val F1=0.9579  AUC=0.9987
  ↑ Best checkpoint saved → checkpoints/dag_v1/ci_rct_unsw_mg24_best.pt
Epoch 048 | Loss 0.1060 (det=0.1060, stab=0.00e+00, ncm=0.0000) | Val F1=0.9586  AUC=0.9988
  ↑ Best checkpoint saved → checkpoints/dag_v1/ci_rct_unsw_mg24_best.pt
Epoch 049 | Loss 0.1035 (det=0.1035, stab=0.00e+00, ncm=0.0000) | Val F1=0.9595  AUC=0.9988
  ↑ Best checkpoint saved → checkpoints/dag_v1/ci_rct_unsw_mg24_best.pt
Epoch 050 | Loss 0.1012 (det=0.1012, stab=0.00e+00, ncm=0.0000) | Val F1=0.9604  AUC=0.9988
  ↑ Best checkpoint saved → checkpoints/dag_v1/ci_rct_unsw_mg24_best.pt
Epoch 051 | Loss 0.0989 (det=0.0989, stab=0.00e+00, ncm=0.0000) | Val F1=0.9610  AUC=0.9988
  ↑ Best checkpoint saved → checkpoints/dag_v1/ci_rct_unsw_mg24_best.pt
Epoch 052 | Loss 0.0967 (det=0.0967, stab=0.00e+00, ncm=0.0000) | Val F1=0.9617  AUC=0.9988
  ↑ Best checkpoint saved → checkpoints/dag_v1/ci_rct_unsw_mg24_best.pt
Epoch 053 | Loss 0.0946 (det=0.0946, stab=0.00e+00, ncm=0.0000) | Val F1=0.9624  AUC=0.9988
  ↑ Best checkpoint saved → checkpoints/dag_v1/ci_rct_unsw_mg24_best.pt
Epoch 054 | Loss 0.0925 (det=0.0925, stab=0.00e+00, ncm=0.0000) | Val F1=0.9631  AUC=0.9988
  ↑ Best checkpoint saved → checkpoints/dag_v1/ci_rct_unsw_mg24_best.pt
Epoch 055 | Loss 0.0905 (det=0.0905, stab=0.00e+00, ncm=0.0000) | Val F1=0.9637  AUC=0.9988
  ↑ Best checkpoint saved → checkpoints/dag_v1/ci_rct_unsw_mg24_best.pt
Epoch 056 | Loss 0.0886 (det=0.0886, stab=0.00e+00, ncm=0.0000) | Val F1=0.9646  AUC=0.9989
  ↑ Best checkpoint saved → checkpoints/dag_v1/ci_rct_unsw_mg24_best.pt
Epoch 057 | Loss 0.0867 (det=0.0867, stab=0.00e+00, ncm=0.0000) | Val F1=0.9656  AUC=0.9989
  ↑ Best checkpoint saved → checkpoints/dag_v1/ci_rct_unsw_mg24_best.pt
Epoch 058 | Loss 0.0849 (det=0.0849, stab=0.00e+00, ncm=0.0000) | Val F1=0.9662  AUC=0.9989
  ↑ Best checkpoint saved → checkpoints/dag_v1/ci_rct_unsw_mg24_best.pt
Epoch 059 | Loss 0.0831 (det=0.0831, stab=0.00e+00, ncm=0.0000) | Val F1=0.9669  AUC=0.9989
  ↑ Best checkpoint saved → checkpoints/dag_v1/ci_rct_unsw_mg24_best.pt
Epoch 060 | Loss 0.0814 (det=0.0814, stab=0.00e+00, ncm=0.0000) | Val F1=0.9674  AUC=0.9989
  ↑ Best checkpoint saved → checkpoints/dag_v1/ci_rct_unsw_mg24_best.pt
Epoch 061 | Loss 0.0798 (det=0.0798, stab=0.00e+00, ncm=0.0000) | Val F1=0.9680  AUC=0.9989
  ↑ Best checkpoint saved → checkpoints/dag_v1/ci_rct_unsw_mg24_best.pt
Epoch 062 | Loss 0.0782 (det=0.0782, stab=0.00e+00, ncm=0.0000) | Val F1=0.9685  AUC=0.9989
  ↑ Best checkpoint saved → checkpoints/dag_v1/ci_rct_unsw_mg24_best.pt
Epoch 063 | Loss 0.0766 (det=0.0766, stab=0.00e+00, ncm=0.0000) | Val F1=0.9691  AUC=0.9989
  ↑ Best checkpoint saved → checkpoints/dag_v1/ci_rct_unsw_mg24_best.pt
Epoch 064 | Loss 0.0751 (det=0.0751, stab=0.00e+00, ncm=0.0000) | Val F1=0.9697  AUC=0.9990
  ↑ Best checkpoint saved → checkpoints/dag_v1/ci_rct_unsw_mg24_best.pt
Epoch 065 | Loss 0.0736 (det=0.0736, stab=0.00e+00, ncm=0.0000) | Val F1=0.9702  AUC=0.9990
  ↑ Best checkpoint saved → checkpoints/dag_v1/ci_rct_unsw_mg24_best.pt
Epoch 066 | Loss 0.0722 (det=0.0722, stab=0.00e+00, ncm=0.0000) | Val F1=0.9711  AUC=0.9990
  ↑ Best checkpoint saved → checkpoints/dag_v1/ci_rct_unsw_mg24_best.pt
Epoch 067 | Loss 0.0708 (det=0.0708, stab=0.00e+00, ncm=0.0000) | Val F1=0.9718  AUC=0.9990
  ↑ Best checkpoint saved → checkpoints/dag_v1/ci_rct_unsw_mg24_best.pt
Epoch 068 | Loss 0.0695 (det=0.0695, stab=0.00e+00, ncm=0.0000) | Val F1=0.9724  AUC=0.9990
  ↑ Best checkpoint saved → checkpoints/dag_v1/ci_rct_unsw_mg24_best.pt
Epoch 069 | Loss 0.0682 (det=0.0682, stab=0.00e+00, ncm=0.0000) | Val F1=0.9729  AUC=0.9990
  ↑ Best checkpoint saved → checkpoints/dag_v1/ci_rct_unsw_mg24_best.pt
Epoch 070 | Loss 0.0669 (det=0.0669, stab=0.00e+00, ncm=0.0000) | Val F1=0.9734  AUC=0.9990
  ↑ Best checkpoint saved → checkpoints/dag_v1/ci_rct_unsw_mg24_best.pt
Epoch 071 | Loss 0.0657 (det=0.0657, stab=0.00e+00, ncm=0.0000) | Val F1=0.9741  AUC=0.9990
  ↑ Best checkpoint saved → checkpoints/dag_v1/ci_rct_unsw_mg24_best.pt
Epoch 072 | Loss 0.0645 (det=0.0645, stab=0.00e+00, ncm=0.0000) | Val F1=0.9749  AUC=0.9991
  ↑ Best checkpoint saved → checkpoints/dag_v1/ci_rct_unsw_mg24_best.pt
Epoch 073 | Loss 0.0634 (det=0.0634, stab=0.00e+00, ncm=0.0000) | Val F1=0.9757  AUC=0.9991
  ↑ Best checkpoint saved → checkpoints/dag_v1/ci_rct_unsw_mg24_best.pt
Epoch 074 | Loss 0.0622 (det=0.0622, stab=0.00e+00, ncm=0.0000) | Val F1=0.9763  AUC=0.9991
  ↑ Best checkpoint saved → checkpoints/dag_v1/ci_rct_unsw_mg24_best.pt
Epoch 075 | Loss 0.0612 (det=0.0612, stab=0.00e+00, ncm=0.0000) | Val F1=0.9775  AUC=0.9991
  ↑ Best checkpoint saved → checkpoints/dag_v1/ci_rct_unsw_mg24_best.pt
Epoch 076 | Loss 0.0601 (det=0.0601, stab=0.00e+00, ncm=0.0000) | Val F1=0.9784  AUC=0.9991
  ↑ Best checkpoint saved → checkpoints/dag_v1/ci_rct_unsw_mg24_best.pt
Epoch 077 | Loss 0.0591 (det=0.0591, stab=0.00e+00, ncm=0.0000) | Val F1=0.9790  AUC=0.9991
  ↑ Best checkpoint saved → checkpoints/dag_v1/ci_rct_unsw_mg24_best.pt
Epoch 078 | Loss 0.0581 (det=0.0581, stab=0.00e+00, ncm=0.0000) | Val F1=0.9797  AUC=0.9991
  ↑ Best checkpoint saved → checkpoints/dag_v1/ci_rct_unsw_mg24_best.pt
Epoch 079 | Loss 0.0572 (det=0.0572, stab=0.00e+00, ncm=0.0000) | Val F1=0.9804  AUC=0.9991
  ↑ Best checkpoint saved → checkpoints/dag_v1/ci_rct_unsw_mg24_best.pt
Epoch 080 | Loss 0.0563 (det=0.0563, stab=0.00e+00, ncm=0.0000) | Val F1=0.9812  AUC=0.9991
  ↑ Best checkpoint saved → checkpoints/dag_v1/ci_rct_unsw_mg24_best.pt
Epoch 081 | Loss 0.0554 (det=0.0554, stab=0.00e+00, ncm=0.0000) | Val F1=0.9819  AUC=0.9991
  ↑ Best checkpoint saved → checkpoints/dag_v1/ci_rct_unsw_mg24_best.pt
Epoch 082 | Loss 0.0545 (det=0.0545, stab=0.00e+00, ncm=0.0000) | Val F1=0.9826  AUC=0.9991
  ↑ Best checkpoint saved → checkpoints/dag_v1/ci_rct_unsw_mg24_best.pt
Epoch 083 | Loss 0.0537 (det=0.0537, stab=0.00e+00, ncm=0.0000) | Val F1=0.9831  AUC=0.9991
  ↑ Best checkpoint saved → checkpoints/dag_v1/ci_rct_unsw_mg24_best.pt
Epoch 084 | Loss 0.0529 (det=0.0529, stab=0.00e+00, ncm=0.0000) | Val F1=0.9837  AUC=0.9991
  ↑ Best checkpoint saved → checkpoints/dag_v1/ci_rct_unsw_mg24_best.pt
Epoch 085 | Loss 0.0521 (det=0.0521, stab=0.00e+00, ncm=0.0000) | Val F1=0.9843  AUC=0.9991
  ↑ Best checkpoint saved → checkpoints/dag_v1/ci_rct_unsw_mg24_best.pt
Epoch 086 | Loss 0.0513 (det=0.0513, stab=0.00e+00, ncm=0.0000) | Val F1=0.9847  AUC=0.9991
  ↑ Best checkpoint saved → checkpoints/dag_v1/ci_rct_unsw_mg24_best.pt
Epoch 087 | Loss 0.0506 (det=0.0506, stab=0.00e+00, ncm=0.0000) | Val F1=0.9853  AUC=0.9990
  ↑ Best checkpoint saved → checkpoints/dag_v1/ci_rct_unsw_mg24_best.pt
Epoch 088 | Loss 0.0499 (det=0.0499, stab=0.00e+00, ncm=0.0000) | Val F1=0.9858  AUC=0.9990
  ↑ Best checkpoint saved → checkpoints/dag_v1/ci_rct_unsw_mg24_best.pt
Epoch 089 | Loss 0.0492 (det=0.0492, stab=0.00e+00, ncm=0.0000) | Val F1=0.9862  AUC=0.9990
  ↑ Best checkpoint saved → checkpoints/dag_v1/ci_rct_unsw_mg24_best.pt
Epoch 090 | Loss 0.0485 (det=0.0485, stab=0.00e+00, ncm=0.0000) | Val F1=0.9866  AUC=0.9990
  ↑ Best checkpoint saved → checkpoints/dag_v1/ci_rct_unsw_mg24_best.pt
Epoch 091 | Loss 0.0479 (det=0.0479, stab=0.00e+00, ncm=0.0000) | Val F1=0.9869  AUC=0.9989
  ↑ Best checkpoint saved → checkpoints/dag_v1/ci_rct_unsw_mg24_best.pt
Epoch 092 | Loss 0.0473 (det=0.0473, stab=0.00e+00, ncm=0.0000) | Val F1=0.9872  AUC=0.9989
  ↑ Best checkpoint saved → checkpoints/dag_v1/ci_rct_unsw_mg24_best.pt
Epoch 093 | Loss 0.0467 (det=0.0467, stab=0.00e+00, ncm=0.0000) | Val F1=0.9874  AUC=0.9989
  ↑ Best checkpoint saved → checkpoints/dag_v1/ci_rct_unsw_mg24_best.pt
Epoch 094 | Loss 0.0461 (det=0.0461, stab=0.00e+00, ncm=0.0000) | Val F1=0.9878  AUC=0.9989
  ↑ Best checkpoint saved → checkpoints/dag_v1/ci_rct_unsw_mg24_best.pt
Epoch 095 | Loss 0.0455 (det=0.0455, stab=0.00e+00, ncm=0.0000) | Val F1=0.9881  AUC=0.9989
  ↑ Best checkpoint saved → checkpoints/dag_v1/ci_rct_unsw_mg24_best.pt
Epoch 096 | Loss 0.0450 (det=0.0450, stab=0.00e+00, ncm=0.0000) | Val F1=0.9883  AUC=0.9989
  ↑ Best checkpoint saved → checkpoints/dag_v1/ci_rct_unsw_mg24_best.pt
Epoch 097 | Loss 0.0444 (det=0.0444, stab=0.00e+00, ncm=0.0000) | Val F1=0.9885  AUC=0.9989
  ↑ Best checkpoint saved → checkpoints/dag_v1/ci_rct_unsw_mg24_best.pt
Epoch 098 | Loss 0.0439 (det=0.0439, stab=0.00e+00, ncm=0.0000) | Val F1=0.9887  AUC=0.9989
  ↑ Best checkpoint saved → checkpoints/dag_v1/ci_rct_unsw_mg24_best.pt
Epoch 099 | Loss 0.0434 (det=0.0434, stab=0.00e+00, ncm=0.0000) | Val F1=0.9888  AUC=0.9989
  ↑ Best checkpoint saved → checkpoints/dag_v1/ci_rct_unsw_mg24_best.pt
Epoch 100 | Loss 0.0429 (det=0.0429, stab=0.00e+00, ncm=0.0000) | Val F1=0.9890  AUC=0.9989
  ↑ Best checkpoint saved → checkpoints/dag_v1/ci_rct_unsw_mg24_best.pt
Epoch 101 | Loss 0.0425 (det=0.0425, stab=0.00e+00, ncm=0.0000) | Val F1=0.9892  AUC=0.9988
  ↑ Best checkpoint saved → checkpoints/dag_v1/ci_rct_unsw_mg24_best.pt
Epoch 102 | Loss 0.0420 (det=0.0420, stab=0.00e+00, ncm=0.0000) | Val F1=0.9894  AUC=0.9988
  ↑ Best checkpoint saved → checkpoints/dag_v1/ci_rct_unsw_mg24_best.pt
Epoch 103 | Loss 0.0416 (det=0.0416, stab=0.00e+00, ncm=0.0000) | Val F1=0.9897  AUC=0.9988
  ↑ Best checkpoint saved → checkpoints/dag_v1/ci_rct_unsw_mg24_best.pt
Epoch 104 | Loss 0.0412 (det=0.0412, stab=0.00e+00, ncm=0.0000) | Val F1=0.9901  AUC=0.9988
  ↑ Best checkpoint saved → checkpoints/dag_v1/ci_rct_unsw_mg24_best.pt
Epoch 105 | Loss 0.0407 (det=0.0407, stab=0.00e+00, ncm=0.0000) | Val F1=0.9904  AUC=0.9988
  ↑ Best checkpoint saved → checkpoints/dag_v1/ci_rct_unsw_mg24_best.pt
Epoch 106 | Loss 0.0403 (det=0.0403, stab=0.00e+00, ncm=0.0000) | Val F1=0.9907  AUC=0.9988
  ↑ Best checkpoint saved → checkpoints/dag_v1/ci_rct_unsw_mg24_best.pt
Epoch 107 | Loss 0.0399 (det=0.0399, stab=0.00e+00, ncm=0.0000) | Val F1=0.9909  AUC=0.9988
  ↑ Best checkpoint saved → checkpoints/dag_v1/ci_rct_unsw_mg24_best.pt
Epoch 108 | Loss 0.0396 (det=0.0396, stab=0.00e+00, ncm=0.0000) | Val F1=0.9911  AUC=0.9988
  ↑ Best checkpoint saved → checkpoints/dag_v1/ci_rct_unsw_mg24_best.pt
Epoch 109 | Loss 0.0392 (det=0.0392, stab=0.00e+00, ncm=0.0000) | Val F1=0.9913  AUC=0.9988
  ↑ Best checkpoint saved → checkpoints/dag_v1/ci_rct_unsw_mg24_best.pt
Epoch 110 | Loss 0.0388 (det=0.0388, stab=0.00e+00, ncm=0.0000) | Val F1=0.9913  AUC=0.9988
  ↑ Best checkpoint saved → checkpoints/dag_v1/ci_rct_unsw_mg24_best.pt
Epoch 111 | Loss 0.0385 (det=0.0385, stab=0.00e+00, ncm=0.0000) | Val F1=0.9914  AUC=0.9988
  ↑ Best checkpoint saved → checkpoints/dag_v1/ci_rct_unsw_mg24_best.pt
Epoch 112 | Loss 0.0382 (det=0.0382, stab=0.00e+00, ncm=0.0000) | Val F1=0.9914  AUC=0.9988
  ↑ Best checkpoint saved → checkpoints/dag_v1/ci_rct_unsw_mg24_best.pt
Epoch 113 | Loss 0.0378 (det=0.0378, stab=0.00e+00, ncm=0.0000) | Val F1=0.9914  AUC=0.9988
  ↑ Best checkpoint saved → checkpoints/dag_v1/ci_rct_unsw_mg24_best.pt
Epoch 114 | Loss 0.0375 (det=0.0375, stab=0.00e+00, ncm=0.0000) | Val F1=0.9914  AUC=0.9988
  ↑ Best checkpoint saved → checkpoints/dag_v1/ci_rct_unsw_mg24_best.pt
Epoch 115 | Loss 0.0372 (det=0.0372, stab=0.00e+00, ncm=0.0000) | Val F1=0.9914  AUC=0.9987
Epoch 116 | Loss 0.0369 (det=0.0369, stab=0.00e+00, ncm=0.0000) | Val F1=0.9915  AUC=0.9987
  ↑ Best checkpoint saved → checkpoints/dag_v1/ci_rct_unsw_mg24_best.pt
Epoch 117 | Loss 0.0366 (det=0.0366, stab=0.00e+00, ncm=0.0000) | Val F1=0.9915  AUC=0.9987
  ↑ Best checkpoint saved → checkpoints/dag_v1/ci_rct_unsw_mg24_best.pt
Epoch 118 | Loss 0.0364 (det=0.0364, stab=0.00e+00, ncm=0.0000) | Val F1=0.9916  AUC=0.9987
  ↑ Best checkpoint saved → checkpoints/dag_v1/ci_rct_unsw_mg24_best.pt
Epoch 119 | Loss 0.0361 (det=0.0361, stab=0.00e+00, ncm=0.0000) | Val F1=0.9916  AUC=0.9987
  ↑ Best checkpoint saved → checkpoints/dag_v1/ci_rct_unsw_mg24_best.pt
Epoch 120 | Loss 0.0358 (det=0.0358, stab=0.00e+00, ncm=0.0000) | Val F1=0.9917  AUC=0.9987
  ↑ Best checkpoint saved → checkpoints/dag_v1/ci_rct_unsw_mg24_best.pt
Epoch 121 | Loss 0.0356 (det=0.0356, stab=0.00e+00, ncm=0.0000) | Val F1=0.9917  AUC=0.9987
  ↑ Best checkpoint saved → checkpoints/dag_v1/ci_rct_unsw_mg24_best.pt
Epoch 122 | Loss 0.0353 (det=0.0353, stab=0.00e+00, ncm=0.0000) | Val F1=0.9917  AUC=0.9987
  ↑ Best checkpoint saved → checkpoints/dag_v1/ci_rct_unsw_mg24_best.pt
Epoch 123 | Loss 0.0351 (det=0.0351, stab=0.00e+00, ncm=0.0000) | Val F1=0.9917  AUC=0.9987
  ↑ Best checkpoint saved → checkpoints/dag_v1/ci_rct_unsw_mg24_best.pt
Epoch 124 | Loss 0.0348 (det=0.0348, stab=0.00e+00, ncm=0.0000) | Val F1=0.9918  AUC=0.9987
  ↑ Best checkpoint saved → checkpoints/dag_v1/ci_rct_unsw_mg24_best.pt
Epoch 125 | Loss 0.0346 (det=0.0346, stab=0.00e+00, ncm=0.0000) | Val F1=0.9918  AUC=0.9987
  ↑ Best checkpoint saved → checkpoints/dag_v1/ci_rct_unsw_mg24_best.pt
Epoch 126 | Loss 0.0344 (det=0.0344, stab=0.00e+00, ncm=0.0000) | Val F1=0.9918  AUC=0.9987
  ↑ Best checkpoint saved → checkpoints/dag_v1/ci_rct_unsw_mg24_best.pt
Epoch 127 | Loss 0.0341 (det=0.0341, stab=0.00e+00, ncm=0.0000) | Val F1=0.9918  AUC=0.9987
Epoch 128 | Loss 0.0339 (det=0.0339, stab=0.00e+00, ncm=0.0000) | Val F1=0.9918  AUC=0.9987
Epoch 129 | Loss 0.0337 (det=0.0337, stab=0.00e+00, ncm=0.0000) | Val F1=0.9918  AUC=0.9987
Epoch 130 | Loss 0.0335 (det=0.0335, stab=0.00e+00, ncm=0.0000) | Val F1=0.9919  AUC=0.9987
  ↑ Best checkpoint saved → checkpoints/dag_v1/ci_rct_unsw_mg24_best.pt
Epoch 131 | Loss 0.0333 (det=0.0333, stab=0.00e+00, ncm=0.0000) | Val F1=0.9919  AUC=0.9987
  ↑ Best checkpoint saved → checkpoints/dag_v1/ci_rct_unsw_mg24_best.pt
Epoch 132 | Loss 0.0331 (det=0.0331, stab=0.00e+00, ncm=0.0000) | Val F1=0.9919  AUC=0.9987
  ↑ Best checkpoint saved → checkpoints/dag_v1/ci_rct_unsw_mg24_best.pt
Epoch 133 | Loss 0.0329 (det=0.0329, stab=0.00e+00, ncm=0.0000) | Val F1=0.9919  AUC=0.9987
Epoch 134 | Loss 0.0327 (det=0.0327, stab=0.00e+00, ncm=0.0000) | Val F1=0.9919  AUC=0.9987
  ↑ Best checkpoint saved → checkpoints/dag_v1/ci_rct_unsw_mg24_best.pt
Epoch 135 | Loss 0.0326 (det=0.0326, stab=0.00e+00, ncm=0.0000) | Val F1=0.9919  AUC=0.9987
Epoch 136 | Loss 0.0324 (det=0.0324, stab=0.00e+00, ncm=0.0000) | Val F1=0.9919  AUC=0.9986
Epoch 137 | Loss 0.0322 (det=0.0322, stab=0.00e+00, ncm=0.0000) | Val F1=0.9919  AUC=0.9986
Epoch 138 | Loss 0.0320 (det=0.0320, stab=0.00e+00, ncm=0.0000) | Val F1=0.9919  AUC=0.9986
  ↑ Best checkpoint saved → checkpoints/dag_v1/ci_rct_unsw_mg24_best.pt
Epoch 139 | Loss 0.0319 (det=0.0319, stab=0.00e+00, ncm=0.0000) | Val F1=0.9919  AUC=0.9986
Epoch 140 | Loss 0.0317 (det=0.0317, stab=0.00e+00, ncm=0.0000) | Val F1=0.9919  AUC=0.9986
Epoch 141 | Loss 0.0315 (det=0.0315, stab=0.00e+00, ncm=0.0000) | Val F1=0.9919  AUC=0.9986
Epoch 142 | Loss 0.0314 (det=0.0314, stab=0.00e+00, ncm=0.0000) | Val F1=0.9919  AUC=0.9986
Epoch 143 | Loss 0.0312 (det=0.0312, stab=0.00e+00, ncm=0.0000) | Val F1=0.9919  AUC=0.9986
Epoch 144 | Loss 0.0311 (det=0.0311, stab=0.00e+00, ncm=0.0000) | Val F1=0.9918  AUC=0.9986
Epoch 145 | Loss 0.0309 (det=0.0309, stab=0.00e+00, ncm=0.0000) | Val F1=0.9918  AUC=0.9986
Epoch 146 | Loss 0.0308 (det=0.0308, stab=0.00e+00, ncm=0.0000) | Val F1=0.9918  AUC=0.9986
Epoch 147 | Loss 0.0306 (det=0.0306, stab=0.00e+00, ncm=0.0000) | Val F1=0.9918  AUC=0.9986
Epoch 148 | Loss 0.0305 (det=0.0305, stab=0.00e+00, ncm=0.0000) | Val F1=0.9918  AUC=0.9986
Epoch 149 | Loss 0.0303 (det=0.0303, stab=0.00e+00, ncm=0.0000) | Val F1=0.9918  AUC=0.9986
Epoch 150 | Loss 0.0302 (det=0.0302, stab=0.00e+00, ncm=0.0000) | Val F1=0.9917  AUC=0.9986
Epoch 151 | Loss 0.0301 (det=0.0301, stab=0.00e+00, ncm=0.0000) | Val F1=0.9917  AUC=0.9986
Epoch 152 | Loss 0.0299 (det=0.0299, stab=0.00e+00, ncm=0.0000) | Val F1=0.9917  AUC=0.9986
Epoch 153 | Loss 0.0298 (det=0.0298, stab=0.00e+00, ncm=0.0000) | Val F1=0.9917  AUC=0.9986
Epoch 154 | Loss 0.0297 (det=0.0297, stab=0.00e+00, ncm=0.0000) | Val F1=0.9917  AUC=0.9986
Epoch 155 | Loss 0.0295 (det=0.0295, stab=0.00e+00, ncm=0.0000) | Val F1=0.9917  AUC=0.9986
Epoch 156 | Loss 0.0294 (det=0.0294, stab=0.00e+00, ncm=0.0000) | Val F1=0.9917  AUC=0.9986
Epoch 157 | Loss 0.0293 (det=0.0293, stab=0.00e+00, ncm=0.0000) | Val F1=0.9917  AUC=0.9986
Epoch 158 | Loss 0.0292 (det=0.0292, stab=0.00e+00, ncm=0.0000) | Val F1=0.9917  AUC=0.9986
Epoch 159 | Loss 0.0290 (det=0.0290, stab=0.00e+00, ncm=0.0000) | Val F1=0.9917  AUC=0.9986
Epoch 160 | Loss 0.0289 (det=0.0289, stab=0.00e+00, ncm=0.0000) | Val F1=0.9917  AUC=0.9986
Epoch 161 | Loss 0.0288 (det=0.0288, stab=0.00e+00, ncm=0.0000) | Val F1=0.9917  AUC=0.9986
Epoch 162 | Loss 0.0287 (det=0.0287, stab=0.00e+00, ncm=0.0000) | Val F1=0.9917  AUC=0.9986
Epoch 163 | Loss 0.0286 (det=0.0286, stab=0.00e+00, ncm=0.0000) | Val F1=0.9917  AUC=0.9986
Epoch 164 | Loss 0.0285 (det=0.0285, stab=0.00e+00, ncm=0.0000) | Val F1=0.9917  AUC=0.9986
Epoch 165 | Loss 0.0284 (det=0.0284, stab=0.00e+00, ncm=0.0000) | Val F1=0.9917  AUC=0.9986
Epoch 166 | Loss 0.0283 (det=0.0283, stab=0.00e+00, ncm=0.0000) | Val F1=0.9917  AUC=0.9987
Epoch 167 | Loss 0.0281 (det=0.0281, stab=0.00e+00, ncm=0.0000) | Val F1=0.9917  AUC=0.9987
Epoch 168 | Loss 0.0280 (det=0.0280, stab=0.00e+00, ncm=0.0000) | Val F1=0.9917  AUC=0.9987
Epoch 169 | Loss 0.0279 (det=0.0279, stab=0.00e+00, ncm=0.0000) | Val F1=0.9917  AUC=0.9987
Epoch 170 | Loss 0.0278 (det=0.0278, stab=0.00e+00, ncm=0.0000) | Val F1=0.9917  AUC=0.9987
Epoch 171 | Loss 0.0277 (det=0.0277, stab=0.00e+00, ncm=0.0000) | Val F1=0.9917  AUC=0.9987
Epoch 172 | Loss 0.0276 (det=0.0276, stab=0.00e+00, ncm=0.0000) | Val F1=0.9917  AUC=0.9987
Epoch 173 | Loss 0.0275 (det=0.0275, stab=0.00e+00, ncm=0.0000) | Val F1=0.9917  AUC=0.9987
Epoch 174 | Loss 0.0274 (det=0.0274, stab=0.00e+00, ncm=0.0000) | Val F1=0.9917  AUC=0.9987
Epoch 175 | Loss 0.0273 (det=0.0273, stab=0.00e+00, ncm=0.0000) | Val F1=0.9917  AUC=0.9987
Epoch 176 | Loss 0.0272 (det=0.0272, stab=0.00e+00, ncm=0.0000) | Val F1=0.9917  AUC=0.9987
Epoch 177 | Loss 0.0271 (det=0.0271, stab=0.00e+00, ncm=0.0000) | Val F1=0.9917  AUC=0.9987
Epoch 178 | Loss 0.0270 (det=0.0270, stab=0.00e+00, ncm=0.0000) | Val F1=0.9917  AUC=0.9987
Epoch 179 | Loss 0.0269 (det=0.0269, stab=0.00e+00, ncm=0.0000) | Val F1=0.9917  AUC=0.9987
Epoch 180 | Loss 0.0268 (det=0.0268, stab=0.00e+00, ncm=0.0000) | Val F1=0.9917  AUC=0.9987
Epoch 181 | Loss 0.0267 (det=0.0267, stab=0.00e+00, ncm=0.0000) | Val F1=0.9917  AUC=0.9987
Epoch 182 | Loss 0.0267 (det=0.0267, stab=0.00e+00, ncm=0.0000) | Val F1=0.9917  AUC=0.9987
Epoch 183 | Loss 0.0266 (det=0.0266, stab=0.00e+00, ncm=0.0000) | Val F1=0.9917  AUC=0.9987
Epoch 184 | Loss 0.0265 (det=0.0265, stab=0.00e+00, ncm=0.0000) | Val F1=0.9917  AUC=0.9987
Epoch 185 | Loss 0.0264 (det=0.0264, stab=0.00e+00, ncm=0.0000) | Val F1=0.9917  AUC=0.9987
Epoch 186 | Loss 0.0263 (det=0.0263, stab=0.00e+00, ncm=0.0000) | Val F1=0.9917  AUC=0.9987
Epoch 187 | Loss 0.0262 (det=0.0262, stab=0.00e+00, ncm=0.0000) | Val F1=0.9917  AUC=0.9987
Epoch 188 | Loss 0.0261 (det=0.0261, stab=0.00e+00, ncm=0.0000) | Val F1=0.9917  AUC=0.9987
Epoch 189 | Loss 0.0260 (det=0.0260, stab=0.00e+00, ncm=0.0000) | Val F1=0.9917  AUC=0.9987
Epoch 190 | Loss 0.0259 (det=0.0259, stab=0.00e+00, ncm=0.0000) | Val F1=0.9917  AUC=0.9987
Epoch 191 | Loss 0.0259 (det=0.0259, stab=0.00e+00, ncm=0.0000) | Val F1=0.9917  AUC=0.9987
Epoch 192 | Loss 0.0258 (det=0.0258, stab=0.00e+00, ncm=0.0000) | Val F1=0.9917  AUC=0.9987
Epoch 193 | Loss 0.0257 (det=0.0257, stab=0.00e+00, ncm=0.0000) | Val F1=0.9918  AUC=0.9987
Epoch 194 | Loss 0.0256 (det=0.0256, stab=0.00e+00, ncm=0.0000) | Val F1=0.9918  AUC=0.9987
Epoch 195 | Loss 0.0255 (det=0.0255, stab=0.00e+00, ncm=0.0000) | Val F1=0.9918  AUC=0.9987
Epoch 196 | Loss 0.0254 (det=0.0254, stab=0.00e+00, ncm=0.0000) | Val F1=0.9918  AUC=0.9987
Epoch 197 | Loss 0.0254 (det=0.0254, stab=0.00e+00, ncm=0.0000) | Val F1=0.9918  AUC=0.9987
Epoch 198 | Loss 0.0253 (det=0.0253, stab=0.00e+00, ncm=0.0000) | Val F1=0.9918  AUC=0.9987
Epoch 199 | Loss 0.0252 (det=0.0252, stab=0.00e+00, ncm=0.0000) | Val F1=0.9918  AUC=0.9987
Epoch 200 | Loss 0.0251 (det=0.0251, stab=0.00e+00, ncm=0.0000) | Val F1=0.9919  AUC=0.9987

Loading best checkpoint for test evaluation...
Test  F1=0.8943  AUC=0.9923
