[L3] device: cuda
[L3] loading MG24 (subsample_ddos=0.1, split_mode=by_incident, host_role=zeroed)
[L3] node counts: device_node=2, flow_node=1,303,782, host_node=255,283, measurement_node=3,616, process_node=1,500
[L3] loaded Stage-1 checkpoint: checkpoints/dd14/ci_rct_unsw_mg24_best.pt
[L3] backbone partial freeze: unfrozen_hgt_layers=1, trainable_backbone_params=379,421/853,906 (44.43%)
[L3] stage2_split_mode = by_file
[L3] flow_node: train_classes=10, n_train_fraud=299817, n_val_fraud=64248 (+unseen=654), n_test_fraud=64248 (+unseen=513)
       train dist (top 10): {'ddos': 156331, 'dos': 91916, 'recon': 46534, 'credential': 1606, 'sql_injection': 1548, 'backdoor': 1248, 'ransomware': 206, 'mitm': 177, 'shellshock': 169, 'samba': 82}
       class_weight[sqrt] max/min ratio = 43.66 (max=2.621, min=0.060)
       MAJORITY-BASELINE: val acc=0.5214 (class='ddos', n=33500)  test acc=0.5214 (class='ddos', n=33500)  random = 0.1000
[L3] process_node: train_classes=13, n_train_fraud=599, n_val_fraud=131 (+unseen=260), n_test_fraud=131 (+unseen=300)
       train dist (top 10): {'credential': 123, 'mimicry': 111, 'shellshock': 90, 'recon': 69, 'sql_injection': 52, 'mitm': 40, 'ransomware': 35, 'samba': 31, 'backdoor': 23, 'reverse_shell': 18}
       class_weight[sqrt] max/min ratio = 7.84 (max=2.632, min=0.336)
       MAJORITY-BASELINE: val acc=0.1985 (class='credential', n=26)  test acc=0.1985 (class='credential', n=26)  random = 0.0769
[L3] epoch   1/200  L_total=1.2225  (flow_node=0.1586 process_node=1.0639)  | val: flow_node: macro-F1=0.0338 acc=0.1550-maj=0.5214 n=64248 | process_node: macro-F1=0.0273 acc=0.1145-maj=0.1985 n=131  avg_val_macro_f1=0.0306
[L3] epoch   2/200  L_total=1.2148  (flow_node=0.1561 process_node=1.0587)  | val: flow_node: macro-F1=0.0333 acc=0.1550-maj=0.5214 n=64248 | process_node: macro-F1=0.0174 acc=0.1145-maj=0.1985 n=131  avg_val_macro_f1=0.0253
[L3] epoch   3/200  L_total=1.2069  (flow_node=0.1536 process_node=1.0533)  | val: flow_node: macro-F1=0.0315 acc=0.1550-maj=0.5214 n=64248 | process_node: macro-F1=0.0179 acc=0.1145-maj=0.1985 n=131  avg_val_macro_f1=0.0247
[L3] epoch   4/200  L_total=1.1994  (flow_node=0.1510 process_node=1.0484)  | val: flow_node: macro-F1=0.0311 acc=0.1550-maj=0.5214 n=64248 | process_node: macro-F1=0.0224 acc=0.1145-maj=0.1985 n=131  avg_val_macro_f1=0.0268
[L3] epoch   5/200  L_total=1.1924  (flow_node=0.1485 process_node=1.0439)  | val: flow_node: macro-F1=0.0312 acc=0.1550-maj=0.5214 n=64248 | process_node: macro-F1=0.0353 acc=0.1374-maj=0.1985 n=131  avg_val_macro_f1=0.0332
[L3] epoch   6/200  L_total=1.1861  (flow_node=0.1460 process_node=1.0401)  | val: flow_node: macro-F1=0.1536 acc=0.6762+maj=0.5214 n=64248 | process_node: macro-F1=0.0618 acc=0.1832-maj=0.1985 n=131  avg_val_macro_f1=0.1077
[L3] epoch   7/200  L_total=1.1769  (flow_node=0.1434 process_node=1.0335)  | val: flow_node: macro-F1=0.1769 acc=0.6758+maj=0.5214 n=64248 | process_node: macro-F1=0.0543 acc=0.1603-maj=0.1985 n=131  avg_val_macro_f1=0.1156
[L3] epoch   8/200  L_total=1.1708  (flow_node=0.1408 process_node=1.0299)  | val: flow_node: macro-F1=0.1844 acc=0.6761+maj=0.5214 n=64248 | process_node: macro-F1=0.0536 acc=0.1756-maj=0.1985 n=131  avg_val_macro_f1=0.1190
[L3] epoch   9/200  L_total=1.1632  (flow_node=0.1383 process_node=1.0249)  | val: flow_node: macro-F1=0.1852 acc=0.6760+maj=0.5214 n=64248 | process_node: macro-F1=0.0531 acc=0.1832-maj=0.1985 n=131  avg_val_macro_f1=0.1192
[L3] epoch  10/200  L_total=1.1567  (flow_node=0.1356 process_node=1.0211)  | val: flow_node: macro-F1=0.3112 acc=0.9295+maj=0.5214 n=64248 | process_node: macro-F1=0.0484 acc=0.1832-maj=0.1985 n=131  avg_val_macro_f1=0.1798
[L3] epoch  11/200  L_total=1.1513  (flow_node=0.1330 process_node=1.0183)  | val: flow_node: macro-F1=0.3304 acc=0.9662+maj=0.5214 n=64248 | process_node: macro-F1=0.0627 acc=0.2443+maj=0.1985 n=131  avg_val_macro_f1=0.1965
[L3] epoch  12/200  L_total=1.1429  (flow_node=0.1303 process_node=1.0126)  | val: flow_node: macro-F1=0.2678 acc=0.8646+maj=0.5214 n=64248 | process_node: macro-F1=0.0608 acc=0.2519+maj=0.1985 n=131  avg_val_macro_f1=0.1643
[L3] epoch  13/200  L_total=1.1361  (flow_node=0.1275 process_node=1.0087)  | val: flow_node: macro-F1=0.2289 acc=0.8301+maj=0.5214 n=64248 | process_node: macro-F1=0.0640 acc=0.2672+maj=0.1985 n=131  avg_val_macro_f1=0.1464
[L3] epoch  14/200  L_total=1.1284  (flow_node=0.1247 process_node=1.0037)  | val: flow_node: macro-F1=0.2199 acc=0.8292+maj=0.5214 n=64248 | process_node: macro-F1=0.0643 acc=0.2672+maj=0.1985 n=131  avg_val_macro_f1=0.1421
[L3] epoch  15/200  L_total=1.1217  (flow_node=0.1219 process_node=0.9998)  | val: flow_node: macro-F1=0.2194 acc=0.8290+maj=0.5214 n=64248 | process_node: macro-F1=0.0622 acc=0.2595+maj=0.1985 n=131  avg_val_macro_f1=0.1408
[L3] epoch  16/200  L_total=1.1157  (flow_node=0.1190 process_node=0.9967)  | val: flow_node: macro-F1=0.2190 acc=0.8289+maj=0.5214 n=64248 | process_node: macro-F1=0.0631 acc=0.2595+maj=0.1985 n=131  avg_val_macro_f1=0.1411
[L3] epoch  17/200  L_total=1.1082  (flow_node=0.1161 process_node=0.9921)  | val: flow_node: macro-F1=0.2193 acc=0.8290+maj=0.5214 n=64248 | process_node: macro-F1=0.0633 acc=0.2595+maj=0.1985 n=131  avg_val_macro_f1=0.1413
[L3] epoch  18/200  L_total=1.1004  (flow_node=0.1131 process_node=0.9872)  | val: flow_node: macro-F1=0.2201 acc=0.8290+maj=0.5214 n=64248 | process_node: macro-F1=0.0640 acc=0.2595+maj=0.1985 n=131  avg_val_macro_f1=0.1420
[L3] epoch  19/200  L_total=1.0968  (flow_node=0.1102 process_node=0.9867)  | val: flow_node: macro-F1=0.2201 acc=0.8290+maj=0.5214 n=64248 | process_node: macro-F1=0.0640 acc=0.2595+maj=0.1985 n=131  avg_val_macro_f1=0.1420
[L3] epoch  20/200  L_total=1.0883  (flow_node=0.1072 process_node=0.9811)  | val: flow_node: macro-F1=0.2204 acc=0.8290+maj=0.5214 n=64248 | process_node: macro-F1=0.0647 acc=0.2595+maj=0.1985 n=131  avg_val_macro_f1=0.1425
[L3] epoch  21/200  L_total=1.0830  (flow_node=0.1042 process_node=0.9788)  | val: flow_node: macro-F1=0.2204 acc=0.8290+maj=0.5214 n=64248 | process_node: macro-F1=0.0659 acc=0.2595+maj=0.1985 n=131  avg_val_macro_f1=0.1431
[L3] epoch  22/200  L_total=1.0789  (flow_node=0.1012 process_node=0.9777)  | val: flow_node: macro-F1=0.2202 acc=0.8290+maj=0.5214 n=64248 | process_node: macro-F1=0.0669 acc=0.2595+maj=0.1985 n=131  avg_val_macro_f1=0.1436
[L3] epoch  23/200  L_total=1.0720  (flow_node=0.0983 process_node=0.9737)  | val: flow_node: macro-F1=0.2163 acc=0.8290+maj=0.5214 n=64248 | process_node: macro-F1=0.0669 acc=0.2595+maj=0.1985 n=131  avg_val_macro_f1=0.1416
[L3] epoch  24/200  L_total=1.0670  (flow_node=0.0953 process_node=0.9717)  | val: flow_node: macro-F1=0.2157 acc=0.8290+maj=0.5214 n=64248 | process_node: macro-F1=0.0669 acc=0.2595+maj=0.1985 n=131  avg_val_macro_f1=0.1413
[L3] epoch  25/200  L_total=1.0601  (flow_node=0.0925 process_node=0.9677)  | val: flow_node: macro-F1=0.2156 acc=0.8290+maj=0.5214 n=64248 | process_node: macro-F1=0.0669 acc=0.2595+maj=0.1985 n=131  avg_val_macro_f1=0.1412
[L3] epoch  26/200  L_total=1.0564  (flow_node=0.0896 process_node=0.9668)  | val: flow_node: macro-F1=0.2159 acc=0.8290+maj=0.5214 n=64248 | process_node: macro-F1=0.0669 acc=0.2595+maj=0.1985 n=131  avg_val_macro_f1=0.1414
[L3] epoch  27/200  L_total=1.0531  (flow_node=0.0869 process_node=0.9662)  | val: flow_node: macro-F1=0.2160 acc=0.8291+maj=0.5214 n=64248 | process_node: macro-F1=0.0669 acc=0.2595+maj=0.1985 n=131  avg_val_macro_f1=0.1415
[L3] epoch  28/200  L_total=1.0468  (flow_node=0.0842 process_node=0.9626)  | val: flow_node: macro-F1=0.2163 acc=0.8291+maj=0.5214 n=64248 | process_node: macro-F1=0.0669 acc=0.2595+maj=0.1985 n=131  avg_val_macro_f1=0.1416
[L3] epoch  29/200  L_total=1.0430  (flow_node=0.0817 process_node=0.9613)  | val: flow_node: macro-F1=0.2163 acc=0.8291+maj=0.5214 n=64248 | process_node: macro-F1=0.0659 acc=0.2595+maj=0.1985 n=131  avg_val_macro_f1=0.1411
[L3] epoch  30/200  L_total=1.0365  (flow_node=0.0791 process_node=0.9574)  | val: flow_node: macro-F1=0.2164 acc=0.8291+maj=0.5214 n=64248 | process_node: macro-F1=0.0650 acc=0.2595+maj=0.1985 n=131  avg_val_macro_f1=0.1407
[L3] epoch  31/200  L_total=1.0342  (flow_node=0.0767 process_node=0.9575)  | val: flow_node: macro-F1=0.2163 acc=0.8291+maj=0.5214 n=64248 | process_node: macro-F1=0.0640 acc=0.2595+maj=0.1985 n=131  avg_val_macro_f1=0.1401
[L3] epoch  32/200  L_total=1.0267  (flow_node=0.0750 process_node=0.9518)  | val: flow_node: macro-F1=0.2163 acc=0.8291+maj=0.5214 n=64248 | process_node: macro-F1=0.0633 acc=0.2595+maj=0.1985 n=131  avg_val_macro_f1=0.1398
[L3] epoch  33/200  L_total=1.0256  (flow_node=0.0724 process_node=0.9532)  | val: flow_node: macro-F1=0.2166 acc=0.8291+maj=0.5214 n=64248 | process_node: macro-F1=0.0631 acc=0.2595+maj=0.1985 n=131  avg_val_macro_f1=0.1398
[L3] epoch  34/200  L_total=1.0184  (flow_node=0.0705 process_node=0.9479)  | val: flow_node: macro-F1=0.2173 acc=0.8291+maj=0.5214 n=64248 | process_node: macro-F1=0.0628 acc=0.2595+maj=0.1985 n=131  avg_val_macro_f1=0.1401
[L3] epoch  35/200  L_total=1.0163  (flow_node=0.0687 process_node=0.9476)  | val: flow_node: macro-F1=0.2173 acc=0.8291+maj=0.5214 n=64248 | process_node: macro-F1=0.0622 acc=0.2595+maj=0.1985 n=131  avg_val_macro_f1=0.1397
[L3] epoch  36/200  L_total=1.0131  (flow_node=0.0671 process_node=0.9460)  | val: flow_node: macro-F1=0.2177 acc=0.8292+maj=0.5214 n=64248 | process_node: macro-F1=0.0643 acc=0.2672+maj=0.1985 n=131  avg_val_macro_f1=0.1410
[L3] epoch  37/200  L_total=1.0077  (flow_node=0.0654 process_node=0.9423)  | val: flow_node: macro-F1=0.2181 acc=0.8292+maj=0.5214 n=64248 | process_node: macro-F1=0.0643 acc=0.2672+maj=0.1985 n=131  avg_val_macro_f1=0.1412
[L3] epoch  38/200  L_total=1.0018  (flow_node=0.0639 process_node=0.9379)  | val: flow_node: macro-F1=0.2182 acc=0.8293+maj=0.5214 n=64248 | process_node: macro-F1=0.0640 acc=0.2672+maj=0.1985 n=131  avg_val_macro_f1=0.1411
[L3] epoch  39/200  L_total=1.0003  (flow_node=0.0626 process_node=0.9377)  | val: flow_node: macro-F1=0.2182 acc=0.8293+maj=0.5214 n=64248 | process_node: macro-F1=0.0607 acc=0.2519+maj=0.1985 n=131  avg_val_macro_f1=0.1394
[L3] epoch  40/200  L_total=0.9977  (flow_node=0.0611 process_node=0.9366)  | val: flow_node: macro-F1=0.2184 acc=0.8293+maj=0.5214 n=64248 | process_node: macro-F1=0.0607 acc=0.2519+maj=0.1985 n=131  avg_val_macro_f1=0.1395
[L3] epoch  41/200  L_total=0.9937  (flow_node=0.0604 process_node=0.9332)  | val: flow_node: macro-F1=0.2191 acc=0.8293+maj=0.5214 n=64248 | process_node: macro-F1=0.0605 acc=0.2519+maj=0.1985 n=131  avg_val_macro_f1=0.1398
[L3] epoch  42/200  L_total=0.9893  (flow_node=0.0590 process_node=0.9303)  | val: flow_node: macro-F1=0.2193 acc=0.8293+maj=0.5214 n=64248 | process_node: macro-F1=0.0588 acc=0.2443+maj=0.1985 n=131  avg_val_macro_f1=0.1390
[L3] epoch  43/200  L_total=0.9863  (flow_node=0.0578 process_node=0.9285)  | val: flow_node: macro-F1=0.2198 acc=0.8294+maj=0.5214 n=64248 | process_node: macro-F1=0.0588 acc=0.2443+maj=0.1985 n=131  avg_val_macro_f1=0.1393
[L3] epoch  44/200  L_total=0.9800  (flow_node=0.0567 process_node=0.9233)  | val: flow_node: macro-F1=0.2200 acc=0.8294+maj=0.5214 n=64248 | process_node: macro-F1=0.0587 acc=0.2443+maj=0.1985 n=131  avg_val_macro_f1=0.1393
[L3] epoch  45/200  L_total=0.9794  (flow_node=0.0558 process_node=0.9235)  | val: flow_node: macro-F1=0.2206 acc=0.8295+maj=0.5214 n=64248 | process_node: macro-F1=0.0588 acc=0.2443+maj=0.1985 n=131  avg_val_macro_f1=0.1397
[L3] epoch  46/200  L_total=0.9756  (flow_node=0.0550 process_node=0.9206)  | val: flow_node: macro-F1=0.2219 acc=0.8300+maj=0.5214 n=64248 | process_node: macro-F1=0.0588 acc=0.2443+maj=0.1985 n=131  avg_val_macro_f1=0.1403
[L3] epoch  47/200  L_total=0.9714  (flow_node=0.0541 process_node=0.9173)  | val: flow_node: macro-F1=0.2357 acc=0.8407+maj=0.5214 n=64248 | process_node: macro-F1=0.0589 acc=0.2443+maj=0.1985 n=131  avg_val_macro_f1=0.1473
[L3] epoch  48/200  L_total=0.9670  (flow_node=0.0536 process_node=0.9134)  | val: flow_node: macro-F1=0.2677 acc=0.8726+maj=0.5214 n=64248 | process_node: macro-F1=0.0589 acc=0.2443+maj=0.1985 n=131  avg_val_macro_f1=0.1633
[L3] epoch  49/200  L_total=0.9665  (flow_node=0.0524 process_node=0.9141)  | val: flow_node: macro-F1=0.3263 acc=0.9676+maj=0.5214 n=64248 | process_node: macro-F1=0.0590 acc=0.2443+maj=0.1985 n=131  avg_val_macro_f1=0.1927
[L3] epoch  50/200  L_total=0.9628  (flow_node=0.0516 process_node=0.9112)  | val: flow_node: macro-F1=0.3331 acc=0.9826+maj=0.5214 n=64248 | process_node: macro-F1=0.0590 acc=0.2443+maj=0.1985 n=131  avg_val_macro_f1=0.1961
[L3] epoch  51/200  L_total=0.9566  (flow_node=0.0511 process_node=0.9055)  | val: flow_node: macro-F1=0.3331 acc=0.9826+maj=0.5214 n=64248 | process_node: macro-F1=0.0590 acc=0.2443+maj=0.1985 n=131  avg_val_macro_f1=0.1960
[L3] epoch  52/200  L_total=0.9547  (flow_node=0.0499 process_node=0.9048)  | val: flow_node: macro-F1=0.3326 acc=0.9826+maj=0.5214 n=64248 | process_node: macro-F1=0.0590 acc=0.2443+maj=0.1985 n=131  avg_val_macro_f1=0.1958
[L3] epoch  53/200  L_total=0.9528  (flow_node=0.0492 process_node=0.9036)  | val: flow_node: macro-F1=0.3323 acc=0.9826+maj=0.5214 n=64248 | process_node: macro-F1=0.0590 acc=0.2443+maj=0.1985 n=131  avg_val_macro_f1=0.1956
[L3] epoch  54/200  L_total=0.9522  (flow_node=0.0486 process_node=0.9036)  | val: flow_node: macro-F1=0.3319 acc=0.9827+maj=0.5214 n=64248 | process_node: macro-F1=0.0590 acc=0.2443+maj=0.1985 n=131  avg_val_macro_f1=0.1954
[L3] epoch  55/200  L_total=0.9502  (flow_node=0.0482 process_node=0.9019)  | val: flow_node: macro-F1=0.3321 acc=0.9827+maj=0.5214 n=64248 | process_node: macro-F1=0.0590 acc=0.2443+maj=0.1985 n=131  avg_val_macro_f1=0.1955
[L3] epoch  56/200  L_total=0.9448  (flow_node=0.0472 process_node=0.8976)  | val: flow_node: macro-F1=0.3321 acc=0.9827+maj=0.5214 n=64248 | process_node: macro-F1=0.0590 acc=0.2443+maj=0.1985 n=131  avg_val_macro_f1=0.1955
[L3] epoch  57/200  L_total=0.9445  (flow_node=0.0465 process_node=0.8979)  | val: flow_node: macro-F1=0.3326 acc=0.9828+maj=0.5214 n=64248 | process_node: macro-F1=0.0590 acc=0.2443+maj=0.1985 n=131  avg_val_macro_f1=0.1958
[L3] epoch  58/200  L_total=0.9416  (flow_node=0.0458 process_node=0.8958)  | val: flow_node: macro-F1=0.3325 acc=0.9828+maj=0.5214 n=64248 | process_node: macro-F1=0.0590 acc=0.2443+maj=0.1985 n=131  avg_val_macro_f1=0.1957
[L3] epoch  59/200  L_total=0.9393  (flow_node=0.0454 process_node=0.8939)  | val: flow_node: macro-F1=0.3324 acc=0.9828+maj=0.5214 n=64248 | process_node: macro-F1=0.0589 acc=0.2443+maj=0.1985 n=131  avg_val_macro_f1=0.1956
[L3] epoch  60/200  L_total=0.9376  (flow_node=0.0445 process_node=0.8931)  | val: flow_node: macro-F1=0.3324 acc=0.9828+maj=0.5214 n=64248 | process_node: macro-F1=0.0631 acc=0.2595+maj=0.1985 n=131  avg_val_macro_f1=0.1977
[L3] epoch  61/200  L_total=0.9323  (flow_node=0.0439 process_node=0.8884)  | val: flow_node: macro-F1=0.3324 acc=0.9829+maj=0.5214 n=64248 | process_node: macro-F1=0.0631 acc=0.2595+maj=0.1985 n=131  avg_val_macro_f1=0.1977
[L3] epoch  62/200  L_total=0.9331  (flow_node=0.0433 process_node=0.8899)  | val: flow_node: macro-F1=0.3330 acc=0.9834+maj=0.5214 n=64248 | process_node: macro-F1=0.0631 acc=0.2595+maj=0.1985 n=131  avg_val_macro_f1=0.1980
[L3] epoch  63/200  L_total=0.9349  (flow_node=0.0426 process_node=0.8923)  | val: flow_node: macro-F1=0.3331 acc=0.9838+maj=0.5214 n=64248 | process_node: macro-F1=0.0631 acc=0.2595+maj=0.1985 n=131  avg_val_macro_f1=0.1981
[L3] epoch  64/200  L_total=0.9300  (flow_node=0.0417 process_node=0.8883)  | val: flow_node: macro-F1=0.3330 acc=0.9839+maj=0.5214 n=64248 | process_node: macro-F1=0.0633 acc=0.2595+maj=0.1985 n=131  avg_val_macro_f1=0.1982
[L3] epoch  65/200  L_total=0.9286  (flow_node=0.0415 process_node=0.8871)  | val: flow_node: macro-F1=0.3330 acc=0.9839+maj=0.5214 n=64248 | process_node: macro-F1=0.0636 acc=0.2595+maj=0.1985 n=131  avg_val_macro_f1=0.1983
[L3] epoch  66/200  L_total=0.9267  (flow_node=0.0405 process_node=0.8861)  | val: flow_node: macro-F1=0.3362 acc=0.9842+maj=0.5214 n=64248 | process_node: macro-F1=0.0771 acc=0.2672+maj=0.1985 n=131  avg_val_macro_f1=0.2066
[L3] epoch  67/200  L_total=0.9262  (flow_node=0.0401 process_node=0.8861)  | val: flow_node: macro-F1=0.3362 acc=0.9842+maj=0.5214 n=64248 | process_node: macro-F1=0.0723 acc=0.2519+maj=0.1985 n=131  avg_val_macro_f1=0.2043
[L3] epoch  68/200  L_total=0.9234  (flow_node=0.0395 process_node=0.8840)  | val: flow_node: macro-F1=0.3362 acc=0.9842+maj=0.5214 n=64248 | process_node: macro-F1=0.0718 acc=0.2519+maj=0.1985 n=131  avg_val_macro_f1=0.2040
[L3] epoch  69/200  L_total=0.9221  (flow_node=0.0394 process_node=0.8826)  | val: flow_node: macro-F1=0.3359 acc=0.9843+maj=0.5214 n=64248 | process_node: macro-F1=0.0718 acc=0.2519+maj=0.1985 n=131  avg_val_macro_f1=0.2039
[L3] epoch  70/200  L_total=0.9213  (flow_node=0.0387 process_node=0.8825)  | val: flow_node: macro-F1=0.3359 acc=0.9843+maj=0.5214 n=64248 | process_node: macro-F1=0.0718 acc=0.2519+maj=0.1985 n=131  avg_val_macro_f1=0.2039
[L3] epoch  71/200  L_total=0.9236  (flow_node=0.0380 process_node=0.8856)  | val: flow_node: macro-F1=0.3359 acc=0.9843+maj=0.5214 n=64248 | process_node: macro-F1=0.0718 acc=0.2519+maj=0.1985 n=131  avg_val_macro_f1=0.2039
[L3] epoch  72/200  L_total=0.9204  (flow_node=0.0375 process_node=0.8829)  | val: flow_node: macro-F1=0.3360 acc=0.9845+maj=0.5214 n=64248 | process_node: macro-F1=0.0718 acc=0.2519+maj=0.1985 n=131  avg_val_macro_f1=0.2039
[L3] epoch  73/200  L_total=0.9189  (flow_node=0.0373 process_node=0.8816)  | val: flow_node: macro-F1=0.3360 acc=0.9845+maj=0.5214 n=64248 | process_node: macro-F1=0.0717 acc=0.2519+maj=0.1985 n=131  avg_val_macro_f1=0.2039
[L3] epoch  74/200  L_total=0.9197  (flow_node=0.0368 process_node=0.8829)  | val: flow_node: macro-F1=0.3364 acc=0.9845+maj=0.5214 n=64248 | process_node: macro-F1=0.0720 acc=0.2519+maj=0.1985 n=131  avg_val_macro_f1=0.2042
[L3] epoch  75/200  L_total=0.9170  (flow_node=0.0364 process_node=0.8806)  | val: flow_node: macro-F1=0.3357 acc=0.9844+maj=0.5214 n=64248 | process_node: macro-F1=0.0719 acc=0.2519+maj=0.1985 n=131  avg_val_macro_f1=0.2038
[L3] epoch  76/200  L_total=0.9207  (flow_node=0.0360 process_node=0.8847)  | val: flow_node: macro-F1=0.3356 acc=0.9844+maj=0.5214 n=64248 | process_node: macro-F1=0.0788 acc=0.2366+maj=0.1985 n=131  avg_val_macro_f1=0.2072
[L3] epoch  77/200  L_total=0.9171  (flow_node=0.0355 process_node=0.8817)  | val: flow_node: macro-F1=0.3358 acc=0.9844+maj=0.5214 n=64248 | process_node: macro-F1=0.0801 acc=0.2214+maj=0.1985 n=131  avg_val_macro_f1=0.2080
[L3] epoch  78/200  L_total=0.9146  (flow_node=0.0352 process_node=0.8794)  | val: flow_node: macro-F1=0.3365 acc=0.9845+maj=0.5214 n=64248 | process_node: macro-F1=0.0801 acc=0.2214+maj=0.1985 n=131  avg_val_macro_f1=0.2083
[L3] epoch  79/200  L_total=0.9128  (flow_node=0.0348 process_node=0.8781)  | val: flow_node: macro-F1=0.3372 acc=0.9845+maj=0.5214 n=64248 | process_node: macro-F1=0.0801 acc=0.2214+maj=0.1985 n=131  avg_val_macro_f1=0.2087
[L3] epoch  80/200  L_total=0.9169  (flow_node=0.0340 process_node=0.8829)  | val: flow_node: macro-F1=0.3394 acc=0.9845+maj=0.5214 n=64248 | process_node: macro-F1=0.0801 acc=0.2214+maj=0.1985 n=131  avg_val_macro_f1=0.2097
[L3] epoch  81/200  L_total=0.9112  (flow_node=0.0342 process_node=0.8770)  | val: flow_node: macro-F1=0.3540 acc=0.9849+maj=0.5214 n=64248 | process_node: macro-F1=0.0801 acc=0.2214+maj=0.1985 n=131  avg_val_macro_f1=0.2170
[L3] epoch  82/200  L_total=0.9101  (flow_node=0.0336 process_node=0.8765)  | val: flow_node: macro-F1=0.3709 acc=0.9855+maj=0.5214 n=64248 | process_node: macro-F1=0.0801 acc=0.2214+maj=0.1985 n=131  avg_val_macro_f1=0.2255
[L3] epoch  83/200  L_total=0.9100  (flow_node=0.0331 process_node=0.8768)  | val: flow_node: macro-F1=0.3777 acc=0.9858+maj=0.5214 n=64248 | process_node: macro-F1=0.0801 acc=0.2214+maj=0.1985 n=131  avg_val_macro_f1=0.2289
[L3] epoch  84/200  L_total=0.9097  (flow_node=0.0326 process_node=0.8770)  | val: flow_node: macro-F1=0.3805 acc=0.9859+maj=0.5214 n=64248 | process_node: macro-F1=0.0801 acc=0.2214+maj=0.1985 n=131  avg_val_macro_f1=0.2303
[L3] epoch  85/200  L_total=0.9083  (flow_node=0.0324 process_node=0.8759)  | val: flow_node: macro-F1=0.3808 acc=0.9859+maj=0.5214 n=64248 | process_node: macro-F1=0.0801 acc=0.2214+maj=0.1985 n=131  avg_val_macro_f1=0.2304
[L3] epoch  86/200  L_total=0.9077  (flow_node=0.0320 process_node=0.8756)  | val: flow_node: macro-F1=0.3806 acc=0.9859+maj=0.5214 n=64248 | process_node: macro-F1=0.0838 acc=0.2290+maj=0.1985 n=131  avg_val_macro_f1=0.2322
[L3] epoch  87/200  L_total=0.9091  (flow_node=0.0317 process_node=0.8774)  | val: flow_node: macro-F1=0.3805 acc=0.9859+maj=0.5214 n=64248 | process_node: macro-F1=0.0946 acc=0.2748+maj=0.1985 n=131  avg_val_macro_f1=0.2376
[L3] epoch  88/200  L_total=0.9034  (flow_node=0.0314 process_node=0.8720)  | val: flow_node: macro-F1=0.3792 acc=0.9858+maj=0.5214 n=64248 | process_node: macro-F1=0.0847 acc=0.2595+maj=0.1985 n=131  avg_val_macro_f1=0.2320
[L3] epoch  89/200  L_total=0.9075  (flow_node=0.0314 process_node=0.8761)  | val: flow_node: macro-F1=0.3803 acc=0.9859+maj=0.5214 n=64248 | process_node: macro-F1=0.0867 acc=0.2672+maj=0.1985 n=131  avg_val_macro_f1=0.2335
[L3] epoch  90/200  L_total=0.9088  (flow_node=0.0310 process_node=0.8779)  | val: flow_node: macro-F1=0.3795 acc=0.9859+maj=0.5214 n=64248 | process_node: macro-F1=0.0821 acc=0.2672+maj=0.1985 n=131  avg_val_macro_f1=0.2308
[L3] epoch  91/200  L_total=0.9057  (flow_node=0.0306 process_node=0.8751)  | val: flow_node: macro-F1=0.3789 acc=0.9859+maj=0.5214 n=64248 | process_node: macro-F1=0.0736 acc=0.2595+maj=0.1985 n=131  avg_val_macro_f1=0.2263
[L3] epoch  92/200  L_total=0.9034  (flow_node=0.0304 process_node=0.8731)  | val: flow_node: macro-F1=0.3787 acc=0.9858+maj=0.5214 n=64248 | process_node: macro-F1=0.0736 acc=0.2595+maj=0.1985 n=131  avg_val_macro_f1=0.2262
[L3] epoch  93/200  L_total=0.9027  (flow_node=0.0299 process_node=0.8728)  | val: flow_node: macro-F1=0.3785 acc=0.9858+maj=0.5214 n=64248 | process_node: macro-F1=0.0721 acc=0.2519+maj=0.1985 n=131  avg_val_macro_f1=0.2253
[L3] epoch  94/200  L_total=0.9024  (flow_node=0.0298 process_node=0.8726)  | val: flow_node: macro-F1=0.3779 acc=0.9858+maj=0.5214 n=64248 | process_node: macro-F1=0.0721 acc=0.2519+maj=0.1985 n=131  avg_val_macro_f1=0.2250
[L3] epoch  95/200  L_total=0.8997  (flow_node=0.0294 process_node=0.8703)  | val: flow_node: macro-F1=0.3776 acc=0.9858+maj=0.5214 n=64248 | process_node: macro-F1=0.0731 acc=0.2519+maj=0.1985 n=131  avg_val_macro_f1=0.2253
[L3] epoch  96/200  L_total=0.9007  (flow_node=0.0295 process_node=0.8712)  | val: flow_node: macro-F1=0.3771 acc=0.9857+maj=0.5214 n=64248 | process_node: macro-F1=0.0734 acc=0.2519+maj=0.1985 n=131  avg_val_macro_f1=0.2253
[L3] epoch  97/200  L_total=0.9000  (flow_node=0.0294 process_node=0.8706)  | val: flow_node: macro-F1=0.3771 acc=0.9857+maj=0.5214 n=64248 | process_node: macro-F1=0.0787 acc=0.2672+maj=0.1985 n=131  avg_val_macro_f1=0.2279
[L3] epoch  98/200  L_total=0.8987  (flow_node=0.0289 process_node=0.8698)  | val: flow_node: macro-F1=0.3769 acc=0.9857+maj=0.5214 n=64248 | process_node: macro-F1=0.0786 acc=0.2672+maj=0.1985 n=131  avg_val_macro_f1=0.2277
[L3] epoch  99/200  L_total=0.8947  (flow_node=0.0285 process_node=0.8662)  | val: flow_node: macro-F1=0.3772 acc=0.9857+maj=0.5214 n=64248 | process_node: macro-F1=0.0785 acc=0.2672+maj=0.1985 n=131  avg_val_macro_f1=0.2279
[L3] epoch 100/200  L_total=0.8968  (flow_node=0.0282 process_node=0.8686)  | val: flow_node: macro-F1=0.3771 acc=0.9857+maj=0.5214 n=64248 | process_node: macro-F1=0.0790 acc=0.2672+maj=0.1985 n=131  avg_val_macro_f1=0.2281
[L3] epoch 101/200  L_total=0.8983  (flow_node=0.0281 process_node=0.8702)  | val: flow_node: macro-F1=0.3771 acc=0.9857+maj=0.5214 n=64248 | process_node: macro-F1=0.0790 acc=0.2672+maj=0.1985 n=131  avg_val_macro_f1=0.2281
[L3] epoch 102/200  L_total=0.8991  (flow_node=0.0280 process_node=0.8711)  | val: flow_node: macro-F1=0.3771 acc=0.9857+maj=0.5214 n=64248 | process_node: macro-F1=0.0790 acc=0.2672+maj=0.1985 n=131  avg_val_macro_f1=0.2281
[L3] epoch 103/200  L_total=0.8969  (flow_node=0.0275 process_node=0.8694)  | val: flow_node: macro-F1=0.3769 acc=0.9857+maj=0.5214 n=64248 | process_node: macro-F1=0.0780 acc=0.2672+maj=0.1985 n=131  avg_val_macro_f1=0.2275
[L3] epoch 104/200  L_total=0.8962  (flow_node=0.0274 process_node=0.8688)  | val: flow_node: macro-F1=0.3769 acc=0.9857+maj=0.5214 n=64248 | process_node: macro-F1=0.0780 acc=0.2672+maj=0.1985 n=131  avg_val_macro_f1=0.2275
[L3] epoch 105/200  L_total=0.8968  (flow_node=0.0275 process_node=0.8692)  | val: flow_node: macro-F1=0.3772 acc=0.9857+maj=0.5214 n=64248 | process_node: macro-F1=0.0780 acc=0.2672+maj=0.1985 n=131  avg_val_macro_f1=0.2276
[L3] epoch 106/200  L_total=0.8955  (flow_node=0.0273 process_node=0.8683)  | val: flow_node: macro-F1=0.3784 acc=0.9857+maj=0.5214 n=64248 | process_node: macro-F1=0.0780 acc=0.2672+maj=0.1985 n=131  avg_val_macro_f1=0.2282
[L3] epoch 107/200  L_total=0.8977  (flow_node=0.0267 process_node=0.8709)  | val: flow_node: macro-F1=0.3792 acc=0.9858+maj=0.5214 n=64248 | process_node: macro-F1=0.0780 acc=0.2672+maj=0.1985 n=131  avg_val_macro_f1=0.2286
[L3] epoch 108/200  L_total=0.8972  (flow_node=0.0266 process_node=0.8705)  | val: flow_node: macro-F1=0.3804 acc=0.9858+maj=0.5214 n=64248 | process_node: macro-F1=0.0780 acc=0.2672+maj=0.1985 n=131  avg_val_macro_f1=0.2292
[L3] epoch 109/200  L_total=0.8921  (flow_node=0.0266 process_node=0.8655)  | val: flow_node: macro-F1=0.3805 acc=0.9858+maj=0.5214 n=64248 | process_node: macro-F1=0.0780 acc=0.2672+maj=0.1985 n=131  avg_val_macro_f1=0.2292
[L3] epoch 110/200  L_total=0.8952  (flow_node=0.0262 process_node=0.8691)  | val: flow_node: macro-F1=0.3811 acc=0.9858+maj=0.5214 n=64248 | process_node: macro-F1=0.0780 acc=0.2672+maj=0.1985 n=131  avg_val_macro_f1=0.2295
[L3] epoch 111/200  L_total=0.8978  (flow_node=0.0266 process_node=0.8712)  | val: flow_node: macro-F1=0.3811 acc=0.9858+maj=0.5214 n=64248 | process_node: macro-F1=0.0780 acc=0.2672+maj=0.1985 n=131  avg_val_macro_f1=0.2296
[L3] epoch 112/200  L_total=0.8968  (flow_node=0.0261 process_node=0.8708)  | val: flow_node: macro-F1=0.3811 acc=0.9858+maj=0.5214 n=64248 | process_node: macro-F1=0.0785 acc=0.2672+maj=0.1985 n=131  avg_val_macro_f1=0.2298
[L3] epoch 113/200  L_total=0.8960  (flow_node=0.0258 process_node=0.8702)  | val: flow_node: macro-F1=0.3810 acc=0.9858+maj=0.5214 n=64248 | process_node: macro-F1=0.0785 acc=0.2672+maj=0.1985 n=131  avg_val_macro_f1=0.2298
[L3] epoch 114/200  L_total=0.8957  (flow_node=0.0259 process_node=0.8699)  | val: flow_node: macro-F1=0.3811 acc=0.9858+maj=0.5214 n=64248 | process_node: macro-F1=0.0785 acc=0.2672+maj=0.1985 n=131  avg_val_macro_f1=0.2298
[L3] epoch 115/200  L_total=0.8941  (flow_node=0.0252 process_node=0.8689)  | val: flow_node: macro-F1=0.3811 acc=0.9858+maj=0.5214 n=64248 | process_node: macro-F1=0.0788 acc=0.2672+maj=0.1985 n=131  avg_val_macro_f1=0.2300
[L3] epoch 116/200  L_total=0.8909  (flow_node=0.0254 process_node=0.8655)  | val: flow_node: macro-F1=0.3812 acc=0.9858+maj=0.5214 n=64248 | process_node: macro-F1=0.0788 acc=0.2672+maj=0.1985 n=131  avg_val_macro_f1=0.2300
[L3] epoch 117/200  L_total=0.8861  (flow_node=0.0251 process_node=0.8611)  | val: flow_node: macro-F1=0.3812 acc=0.9858+maj=0.5214 n=64248 | process_node: macro-F1=0.0792 acc=0.2672+maj=0.1985 n=131  avg_val_macro_f1=0.2302
[L3] epoch 118/200  L_total=0.8928  (flow_node=0.0251 process_node=0.8677)  | val: flow_node: macro-F1=0.3812 acc=0.9858+maj=0.5214 n=64248 | process_node: macro-F1=0.0796 acc=0.2672+maj=0.1985 n=131  avg_val_macro_f1=0.2304
[L3] epoch 119/200  L_total=0.8936  (flow_node=0.0250 process_node=0.8686)  | val: flow_node: macro-F1=0.3812 acc=0.9858+maj=0.5214 n=64248 | process_node: macro-F1=0.0875 acc=0.2748+maj=0.1985 n=131  avg_val_macro_f1=0.2343
[L3] epoch 120/200  L_total=0.8925  (flow_node=0.0249 process_node=0.8676)  | val: flow_node: macro-F1=0.3812 acc=0.9858+maj=0.5214 n=64248 | process_node: macro-F1=0.0821 acc=0.2519+maj=0.1985 n=131  avg_val_macro_f1=0.2317
[L3] epoch 121/200  L_total=0.8953  (flow_node=0.0250 process_node=0.8703)  | val: flow_node: macro-F1=0.3806 acc=0.9858+maj=0.5214 n=64248 | process_node: macro-F1=0.0807 acc=0.2443+maj=0.1985 n=131  avg_val_macro_f1=0.2306
[L3] epoch 122/200  L_total=0.8920  (flow_node=0.0247 process_node=0.8673)  | val: flow_node: macro-F1=0.3805 acc=0.9858+maj=0.5214 n=64248 | process_node: macro-F1=0.0869 acc=0.2519+maj=0.1985 n=131  avg_val_macro_f1=0.2337
[L3] epoch 123/200  L_total=0.8910  (flow_node=0.0248 process_node=0.8662)  | val: flow_node: macro-F1=0.3805 acc=0.9858+maj=0.5214 n=64248 | process_node: macro-F1=0.0872 acc=0.2519+maj=0.1985 n=131  avg_val_macro_f1=0.2338
[L3] epoch 124/200  L_total=0.8894  (flow_node=0.0242 process_node=0.8652)  | val: flow_node: macro-F1=0.3804 acc=0.9858+maj=0.5214 n=64248 | process_node: macro-F1=0.0915 acc=0.2595+maj=0.1985 n=131  avg_val_macro_f1=0.2360
[L3] epoch 125/200  L_total=0.8916  (flow_node=0.0243 process_node=0.8673)  | val: flow_node: macro-F1=0.3807 acc=0.9858+maj=0.5214 n=64248 | process_node: macro-F1=0.0803 acc=0.2137+maj=0.1985 n=131  avg_val_macro_f1=0.2305
[L3] epoch 126/200  L_total=0.8864  (flow_node=0.0240 process_node=0.8624)  | val: flow_node: macro-F1=0.3803 acc=0.9858+maj=0.5214 n=64248 | process_node: macro-F1=0.0858 acc=0.2290+maj=0.1985 n=131  avg_val_macro_f1=0.2331
[L3] epoch 127/200  L_total=0.8900  (flow_node=0.0239 process_node=0.8661)  | val: flow_node: macro-F1=0.3803 acc=0.9858+maj=0.5214 n=64248 | process_node: macro-F1=0.0858 acc=0.2290+maj=0.1985 n=131  avg_val_macro_f1=0.2331
[L3] epoch 128/200  L_total=0.8857  (flow_node=0.0238 process_node=0.8619)  | val: flow_node: macro-F1=0.3806 acc=0.9858+maj=0.5214 n=64248 | process_node: macro-F1=0.0858 acc=0.2290+maj=0.1985 n=131  avg_val_macro_f1=0.2332
[L3] epoch 129/200  L_total=0.8852  (flow_node=0.0236 process_node=0.8616)  | val: flow_node: macro-F1=0.3806 acc=0.9858+maj=0.5214 n=64248 | process_node: macro-F1=0.0861 acc=0.2290+maj=0.1985 n=131  avg_val_macro_f1=0.2334
[L3] epoch 130/200  L_total=0.8878  (flow_node=0.0238 process_node=0.8639)  | val: flow_node: macro-F1=0.3809 acc=0.9858+maj=0.5214 n=64248 | process_node: macro-F1=0.0861 acc=0.2290+maj=0.1985 n=131  avg_val_macro_f1=0.2335
[L3] epoch 131/200  L_total=0.8881  (flow_node=0.0235 process_node=0.8646)  | val: flow_node: macro-F1=0.3809 acc=0.9858+maj=0.5214 n=64248 | process_node: macro-F1=0.0868 acc=0.2290+maj=0.1985 n=131  avg_val_macro_f1=0.2338
[L3] epoch 132/200  L_total=0.8830  (flow_node=0.0232 process_node=0.8597)  | val: flow_node: macro-F1=0.3809 acc=0.9858+maj=0.5214 n=64248 | process_node: macro-F1=0.0806 acc=0.2137+maj=0.1985 n=131  avg_val_macro_f1=0.2307
[L3] epoch 133/200  L_total=0.8847  (flow_node=0.0234 process_node=0.8612)  | val: flow_node: macro-F1=0.3809 acc=0.9858+maj=0.5214 n=64248 | process_node: macro-F1=0.0787 acc=0.2137+maj=0.1985 n=131  avg_val_macro_f1=0.2298
[L3] epoch 134/200  L_total=0.8821  (flow_node=0.0230 process_node=0.8591)  | val: flow_node: macro-F1=0.3809 acc=0.9858+maj=0.5214 n=64248 | process_node: macro-F1=0.0876 acc=0.2519+maj=0.1985 n=131  avg_val_macro_f1=0.2342
[L3] epoch 135/200  L_total=0.8851  (flow_node=0.0233 process_node=0.8618)  | val: flow_node: macro-F1=0.3836 acc=0.9859+maj=0.5214 n=64248 | process_node: macro-F1=0.0737 acc=0.2443+maj=0.1985 n=131  avg_val_macro_f1=0.2287
[L3] epoch 136/200  L_total=0.8854  (flow_node=0.0229 process_node=0.8625)  | val: flow_node: macro-F1=0.3842 acc=0.9859+maj=0.5214 n=64248 | process_node: macro-F1=0.0737 acc=0.2443+maj=0.1985 n=131  avg_val_macro_f1=0.2289
[L3] epoch 137/200  L_total=0.8872  (flow_node=0.0229 process_node=0.8643)  | val: flow_node: macro-F1=0.3847 acc=0.9859+maj=0.5214 n=64248 | process_node: macro-F1=0.0741 acc=0.2443+maj=0.1985 n=131  avg_val_macro_f1=0.2294
[L3] epoch 138/200  L_total=0.8834  (flow_node=0.0232 process_node=0.8602)  | val: flow_node: macro-F1=0.3847 acc=0.9859+maj=0.5214 n=64248 | process_node: macro-F1=0.0744 acc=0.2443+maj=0.1985 n=131  avg_val_macro_f1=0.2295
[L3] epoch 139/200  L_total=0.8836  (flow_node=0.0228 process_node=0.8608)  | val: flow_node: macro-F1=0.3847 acc=0.9859+maj=0.5214 n=64248 | process_node: macro-F1=0.0783 acc=0.2519+maj=0.1985 n=131  avg_val_macro_f1=0.2315
[L3] epoch 140/200  L_total=0.8850  (flow_node=0.0226 process_node=0.8624)  | val: flow_node: macro-F1=0.3847 acc=0.9859+maj=0.5214 n=64248 | process_node: macro-F1=0.0627 acc=0.1985-maj=0.1985 n=131  avg_val_macro_f1=0.2237
[L3] epoch 141/200  L_total=0.8844  (flow_node=0.0225 process_node=0.8619)  | val: flow_node: macro-F1=0.3847 acc=0.9859+maj=0.5214 n=64248 | process_node: macro-F1=0.0628 acc=0.1985-maj=0.1985 n=131  avg_val_macro_f1=0.2237
[L3] epoch 142/200  L_total=0.8852  (flow_node=0.0225 process_node=0.8628)  | val: flow_node: macro-F1=0.3862 acc=0.9860+maj=0.5214 n=64248 | process_node: macro-F1=0.0666 acc=0.2061+maj=0.1985 n=131  avg_val_macro_f1=0.2264
[L3] epoch 143/200  L_total=0.8859  (flow_node=0.0226 process_node=0.8634)  | val: flow_node: macro-F1=0.3862 acc=0.9860+maj=0.5214 n=64248 | process_node: macro-F1=0.0669 acc=0.2061+maj=0.1985 n=131  avg_val_macro_f1=0.2266
[L3] epoch 144/200  L_total=0.8848  (flow_node=0.0223 process_node=0.8625)  | val: flow_node: macro-F1=0.3868 acc=0.9860+maj=0.5214 n=64248 | process_node: macro-F1=0.0671 acc=0.2061+maj=0.1985 n=131  avg_val_macro_f1=0.2269
[L3] epoch 145/200  L_total=0.8800  (flow_node=0.0224 process_node=0.8576)  | val: flow_node: macro-F1=0.3867 acc=0.9860+maj=0.5214 n=64248 | process_node: macro-F1=0.0728 acc=0.2214+maj=0.1985 n=131  avg_val_macro_f1=0.2297
[L3] epoch 146/200  L_total=0.8835  (flow_node=0.0224 process_node=0.8611)  | val: flow_node: macro-F1=0.3867 acc=0.9860+maj=0.5214 n=64248 | process_node: macro-F1=0.0728 acc=0.2214+maj=0.1985 n=131  avg_val_macro_f1=0.2297
[L3] epoch 147/200  L_total=0.8781  (flow_node=0.0222 process_node=0.8559)  | val: flow_node: macro-F1=0.3867 acc=0.9860+maj=0.5214 n=64248 | process_node: macro-F1=0.0728 acc=0.2214+maj=0.1985 n=131  avg_val_macro_f1=0.2297
[L3] epoch 148/200  L_total=0.8810  (flow_node=0.0220 process_node=0.8590)  | val: flow_node: macro-F1=0.3867 acc=0.9860+maj=0.5214 n=64248 | process_node: macro-F1=0.0728 acc=0.2214+maj=0.1985 n=131  avg_val_macro_f1=0.2297
[L3] epoch 149/200  L_total=0.8828  (flow_node=0.0221 process_node=0.8607)  | val: flow_node: macro-F1=0.3870 acc=0.9860+maj=0.5214 n=64248 | process_node: macro-F1=0.0728 acc=0.2214+maj=0.1985 n=131  avg_val_macro_f1=0.2299
[L3] epoch 150/200  L_total=0.8798  (flow_node=0.0220 process_node=0.8578)  | val: flow_node: macro-F1=0.3870 acc=0.9860+maj=0.5214 n=64248 | process_node: macro-F1=0.0728 acc=0.2214+maj=0.1985 n=131  avg_val_macro_f1=0.2299
[L3] epoch 151/200  L_total=0.8816  (flow_node=0.0218 process_node=0.8598)  | val: flow_node: macro-F1=0.3870 acc=0.9860+maj=0.5214 n=64248 | process_node: macro-F1=0.0728 acc=0.2214+maj=0.1985 n=131  avg_val_macro_f1=0.2299
[L3] epoch 152/200  L_total=0.8793  (flow_node=0.0222 process_node=0.8571)  | val: flow_node: macro-F1=0.3870 acc=0.9860+maj=0.5214 n=64248 | process_node: macro-F1=0.0728 acc=0.2214+maj=0.1985 n=131  avg_val_macro_f1=0.2299
[L3] epoch 153/200  L_total=0.8757  (flow_node=0.0216 process_node=0.8541)  | val: flow_node: macro-F1=0.3870 acc=0.9860+maj=0.5214 n=64248 | process_node: macro-F1=0.0728 acc=0.2214+maj=0.1985 n=131  avg_val_macro_f1=0.2299
[L3] epoch 154/200  L_total=0.8805  (flow_node=0.0217 process_node=0.8588)  | val: flow_node: macro-F1=0.3867 acc=0.9860+maj=0.5214 n=64248 | process_node: macro-F1=0.0728 acc=0.2214+maj=0.1985 n=131  avg_val_macro_f1=0.2298
[L3] epoch 155/200  L_total=0.8791  (flow_node=0.0218 process_node=0.8573)  | val: flow_node: macro-F1=0.3867 acc=0.9860+maj=0.5214 n=64248 | process_node: macro-F1=0.0727 acc=0.2214+maj=0.1985 n=131  avg_val_macro_f1=0.2297
[L3] epoch 156/200  L_total=0.8824  (flow_node=0.0214 process_node=0.8610)  | val: flow_node: macro-F1=0.3868 acc=0.9860+maj=0.5214 n=64248 | process_node: macro-F1=0.0678 acc=0.2061+maj=0.1985 n=131  avg_val_macro_f1=0.2273
[L3] epoch 157/200  L_total=0.8806  (flow_node=0.0214 process_node=0.8592)  | val: flow_node: macro-F1=0.3868 acc=0.9860+maj=0.5214 n=64248 | process_node: macro-F1=0.0678 acc=0.2061+maj=0.1985 n=131  avg_val_macro_f1=0.2273
[L3] epoch 158/200  L_total=0.8790  (flow_node=0.0215 process_node=0.8575)  | val: flow_node: macro-F1=0.3867 acc=0.9860+maj=0.5214 n=64248 | process_node: macro-F1=0.0678 acc=0.2061+maj=0.1985 n=131  avg_val_macro_f1=0.2273
[L3] epoch 159/200  L_total=0.8818  (flow_node=0.0214 process_node=0.8604)  | val: flow_node: macro-F1=0.3867 acc=0.9860+maj=0.5214 n=64248 | process_node: macro-F1=0.0678 acc=0.2061+maj=0.1985 n=131  avg_val_macro_f1=0.2273
[L3] epoch 160/200  L_total=0.8783  (flow_node=0.0213 process_node=0.8570)  | val: flow_node: macro-F1=0.3866 acc=0.9859+maj=0.5214 n=64248 | process_node: macro-F1=0.0678 acc=0.2061+maj=0.1985 n=131  avg_val_macro_f1=0.2272
[L3] epoch 161/200  L_total=0.8753  (flow_node=0.0214 process_node=0.8538)  | val: flow_node: macro-F1=0.3864 acc=0.9858+maj=0.5214 n=64248 | process_node: macro-F1=0.0678 acc=0.2061+maj=0.1985 n=131  avg_val_macro_f1=0.2271
[L3] epoch 162/200  L_total=0.8765  (flow_node=0.0211 process_node=0.8554)  | val: flow_node: macro-F1=0.3863 acc=0.9858+maj=0.5214 n=64248 | process_node: macro-F1=0.0680 acc=0.2061+maj=0.1985 n=131  avg_val_macro_f1=0.2272
[L3] epoch 163/200  L_total=0.8782  (flow_node=0.0210 process_node=0.8572)  | val: flow_node: macro-F1=0.3863 acc=0.9858+maj=0.5214 n=64248 | process_node: macro-F1=0.0680 acc=0.2061+maj=0.1985 n=131  avg_val_macro_f1=0.2271
[L3] epoch 164/200  L_total=0.8775  (flow_node=0.0211 process_node=0.8564)  | val: flow_node: macro-F1=0.3862 acc=0.9858+maj=0.5214 n=64248 | process_node: macro-F1=0.0680 acc=0.2061+maj=0.1985 n=131  avg_val_macro_f1=0.2271
[L3] epoch 165/200  L_total=0.8797  (flow_node=0.0211 process_node=0.8586)  | val: flow_node: macro-F1=0.3862 acc=0.9858+maj=0.5214 n=64248 | process_node: macro-F1=0.0617 acc=0.1908-maj=0.1985 n=131  avg_val_macro_f1=0.2239
[L3] epoch 166/200  L_total=0.8746  (flow_node=0.0208 process_node=0.8538)  | val: flow_node: macro-F1=0.3861 acc=0.9858+maj=0.5214 n=64248 | process_node: macro-F1=0.0639 acc=0.1985-maj=0.1985 n=131  avg_val_macro_f1=0.2250
[L3] epoch 167/200  L_total=0.8774  (flow_node=0.0210 process_node=0.8564)  | val: flow_node: macro-F1=0.3860 acc=0.9858+maj=0.5214 n=64248 | process_node: macro-F1=0.0658 acc=0.2061+maj=0.1985 n=131  avg_val_macro_f1=0.2259
[L3] epoch 168/200  L_total=0.8768  (flow_node=0.0211 process_node=0.8557)  | val: flow_node: macro-F1=0.3860 acc=0.9858+maj=0.5214 n=64248 | process_node: macro-F1=0.0780 acc=0.2519+maj=0.1985 n=131  avg_val_macro_f1=0.2320
[L3] epoch 169/200  L_total=0.8743  (flow_node=0.0209 process_node=0.8534)  | val: flow_node: macro-F1=0.3863 acc=0.9858+maj=0.5214 n=64248 | process_node: macro-F1=0.0780 acc=0.2519+maj=0.1985 n=131  avg_val_macro_f1=0.2322
[L3] epoch 170/200  L_total=0.8773  (flow_node=0.0207 process_node=0.8566)  | val: flow_node: macro-F1=0.3860 acc=0.9858+maj=0.5214 n=64248 | process_node: macro-F1=0.0776 acc=0.2519+maj=0.1985 n=131  avg_val_macro_f1=0.2318
[L3] epoch 171/200  L_total=0.8761  (flow_node=0.0209 process_node=0.8553)  | val: flow_node: macro-F1=0.3855 acc=0.9858+maj=0.5214 n=64248 | process_node: macro-F1=0.0781 acc=0.2519+maj=0.1985 n=131  avg_val_macro_f1=0.2318
[L3] epoch 172/200  L_total=0.8713  (flow_node=0.0206 process_node=0.8507)  | val: flow_node: macro-F1=0.3855 acc=0.9858+maj=0.5214 n=64248 | process_node: macro-F1=0.0740 acc=0.2443+maj=0.1985 n=131  avg_val_macro_f1=0.2298
[L3] epoch 173/200  L_total=0.8732  (flow_node=0.0206 process_node=0.8527)  | val: flow_node: macro-F1=0.3854 acc=0.9858+maj=0.5214 n=64248 | process_node: macro-F1=0.0745 acc=0.2443+maj=0.1985 n=131  avg_val_macro_f1=0.2300
[L3] epoch 174/200  L_total=0.8719  (flow_node=0.0206 process_node=0.8513)  | val: flow_node: macro-F1=0.3854 acc=0.9858+maj=0.5214 n=64248 | process_node: macro-F1=0.0733 acc=0.2443+maj=0.1985 n=131  avg_val_macro_f1=0.2294
[L3] epoch 175/200  L_total=0.8755  (flow_node=0.0204 process_node=0.8552)  | val: flow_node: macro-F1=0.3859 acc=0.9858+maj=0.5214 n=64248 | process_node: macro-F1=0.0795 acc=0.2595+maj=0.1985 n=131  avg_val_macro_f1=0.2327
[L3] epoch 176/200  L_total=0.8774  (flow_node=0.0205 process_node=0.8569)  | val: flow_node: macro-F1=0.3861 acc=0.9858+maj=0.5214 n=64248 | process_node: macro-F1=0.0795 acc=0.2595+maj=0.1985 n=131  avg_val_macro_f1=0.2328
[L3] epoch 177/200  L_total=0.8713  (flow_node=0.0205 process_node=0.8508)  | val: flow_node: macro-F1=0.3888 acc=0.9859+maj=0.5214 n=64248 | process_node: macro-F1=0.0669 acc=0.2137+maj=0.1985 n=131  avg_val_macro_f1=0.2279
[L3] epoch 178/200  L_total=0.8695  (flow_node=0.0203 process_node=0.8492)  | val: flow_node: macro-F1=0.3940 acc=0.9861+maj=0.5214 n=64248 | process_node: macro-F1=0.0654 acc=0.2061+maj=0.1985 n=131  avg_val_macro_f1=0.2297
[L3] epoch 179/200  L_total=0.8750  (flow_node=0.0205 process_node=0.8545)  | val: flow_node: macro-F1=0.4021 acc=0.9864+maj=0.5214 n=64248 | process_node: macro-F1=0.0667 acc=0.2061+maj=0.1985 n=131  avg_val_macro_f1=0.2344
[L3] epoch 180/200  L_total=0.8716  (flow_node=0.0202 process_node=0.8514)  | val: flow_node: macro-F1=0.4095 acc=0.9868+maj=0.5214 n=64248 | process_node: macro-F1=0.0663 acc=0.2061+maj=0.1985 n=131  avg_val_macro_f1=0.2379
[L3] epoch 181/200  L_total=0.8706  (flow_node=0.0202 process_node=0.8504)  | val: flow_node: macro-F1=0.4146 acc=0.9871+maj=0.5214 n=64248 | process_node: macro-F1=0.0667 acc=0.2061+maj=0.1985 n=131  avg_val_macro_f1=0.2406
[L3] epoch 182/200  L_total=0.8668  (flow_node=0.0202 process_node=0.8466)  | val: flow_node: macro-F1=0.4168 acc=0.9872+maj=0.5214 n=64248 | process_node: macro-F1=0.0676 acc=0.2137+maj=0.1985 n=131  avg_val_macro_f1=0.2422
[L3] epoch 183/200  L_total=0.8694  (flow_node=0.0201 process_node=0.8493)  | val: flow_node: macro-F1=0.4172 acc=0.9872+maj=0.5214 n=64248 | process_node: macro-F1=0.0673 acc=0.2137+maj=0.1985 n=131  avg_val_macro_f1=0.2423
[L3] epoch 184/200  L_total=0.8702  (flow_node=0.0202 process_node=0.8499)  | val: flow_node: macro-F1=0.4177 acc=0.9872+maj=0.5214 n=64248 | process_node: macro-F1=0.0672 acc=0.2137+maj=0.1985 n=131  avg_val_macro_f1=0.2425
[L3] epoch 185/200  L_total=0.8678  (flow_node=0.0201 process_node=0.8477)  | val: flow_node: macro-F1=0.4180 acc=0.9872+maj=0.5214 n=64248 | process_node: macro-F1=0.0699 acc=0.2214+maj=0.1985 n=131  avg_val_macro_f1=0.2440
[L3] epoch 186/200  L_total=0.8721  (flow_node=0.0202 process_node=0.8520)  | val: flow_node: macro-F1=0.4176 acc=0.9872+maj=0.5214 n=64248 | process_node: macro-F1=0.0645 acc=0.2061+maj=0.1985 n=131  avg_val_macro_f1=0.2410
[L3] epoch 187/200  L_total=0.8723  (flow_node=0.0200 process_node=0.8523)  | val: flow_node: macro-F1=0.4176 acc=0.9872+maj=0.5214 n=64248 | process_node: macro-F1=0.0665 acc=0.2137+maj=0.1985 n=131  avg_val_macro_f1=0.2421
[L3] epoch 188/200  L_total=0.8687  (flow_node=0.0199 process_node=0.8487)  | val: flow_node: macro-F1=0.4175 acc=0.9872+maj=0.5214 n=64248 | process_node: macro-F1=0.0786 acc=0.2595+maj=0.1985 n=131  avg_val_macro_f1=0.2481
[L3] epoch 189/200  L_total=0.8711  (flow_node=0.0197 process_node=0.8514)  | val: flow_node: macro-F1=0.4175 acc=0.9872+maj=0.5214 n=64248 | process_node: macro-F1=0.0786 acc=0.2595+maj=0.1985 n=131  avg_val_macro_f1=0.2481
[L3] epoch 190/200  L_total=0.8692  (flow_node=0.0199 process_node=0.8494)  | val: flow_node: macro-F1=0.4175 acc=0.9872+maj=0.5214 n=64248 | process_node: macro-F1=0.0748 acc=0.2519+maj=0.1985 n=131  avg_val_macro_f1=0.2462
[L3] epoch 191/200  L_total=0.8689  (flow_node=0.0199 process_node=0.8490)  | val: flow_node: macro-F1=0.4176 acc=0.9872+maj=0.5214 n=64248 | process_node: macro-F1=0.0748 acc=0.2519+maj=0.1985 n=131  avg_val_macro_f1=0.2462
[L3] epoch 192/200  L_total=0.8658  (flow_node=0.0198 process_node=0.8460)  | val: flow_node: macro-F1=0.4173 acc=0.9872+maj=0.5214 n=64248 | process_node: macro-F1=0.0741 acc=0.2519+maj=0.1985 n=131  avg_val_macro_f1=0.2457
[L3] epoch 193/200  L_total=0.8676  (flow_node=0.0196 process_node=0.8479)  | val: flow_node: macro-F1=0.4173 acc=0.9872+maj=0.5214 n=64248 | process_node: macro-F1=0.0738 acc=0.2519+maj=0.1985 n=131  avg_val_macro_f1=0.2456
[L3] epoch 194/200  L_total=0.8700  (flow_node=0.0196 process_node=0.8504)  | val: flow_node: macro-F1=0.4201 acc=0.9873+maj=0.5214 n=64248 | process_node: macro-F1=0.0686 acc=0.2443+maj=0.1985 n=131  avg_val_macro_f1=0.2444
[L3] epoch 195/200  L_total=0.8690  (flow_node=0.0197 process_node=0.8494)  | val: flow_node: macro-F1=0.4217 acc=0.9874+maj=0.5214 n=64248 | process_node: macro-F1=0.0719 acc=0.2595+maj=0.1985 n=131  avg_val_macro_f1=0.2468
[L3] epoch 196/200  L_total=0.8653  (flow_node=0.0197 process_node=0.8457)  | val: flow_node: macro-F1=0.4273 acc=0.9877+maj=0.5214 n=64248 | process_node: macro-F1=0.0719 acc=0.2595+maj=0.1985 n=131  avg_val_macro_f1=0.2496
[L3] epoch 197/200  L_total=0.8683  (flow_node=0.0195 process_node=0.8489)  | val: flow_node: macro-F1=0.4338 acc=0.9880+maj=0.5214 n=64248 | process_node: macro-F1=0.0788 acc=0.2748+maj=0.1985 n=131  avg_val_macro_f1=0.2563
[L3] epoch 198/200  L_total=0.8698  (flow_node=0.0195 process_node=0.8503)  | val: flow_node: macro-F1=0.4385 acc=0.9883+maj=0.5214 n=64248 | process_node: macro-F1=0.0804 acc=0.2824+maj=0.1985 n=131  avg_val_macro_f1=0.2594
[L3] epoch 199/200  L_total=0.8655  (flow_node=0.0195 process_node=0.8461)  | val: flow_node: macro-F1=0.4415 acc=0.9884+maj=0.5214 n=64248 | process_node: macro-F1=0.0804 acc=0.2824+maj=0.1985 n=131  avg_val_macro_f1=0.2610
[L3] epoch 200/200  L_total=0.8602  (flow_node=0.0195 process_node=0.8407)  | val: flow_node: macro-F1=0.4429 acc=0.9885+maj=0.5214 n=64248 | process_node: macro-F1=0.0803 acc=0.2824+maj=0.1985 n=131  avg_val_macro_f1=0.2616
[L3] restored best val checkpoint from epoch 200 (val_macro_f1_avg=0.2616)

[L3 TEST] flow_node: macro-F1=0.4453  micro-F1=0.9883  acc=0.9883  n=64248

[L3 TEST] process_node: macro-F1=0.1731  micro-F1=0.2977  acc=0.2977  n=131
[L3] saved checkpoint: logs/l3_dd14_focal/checkpoint_l3.pt
[L3] summary written: logs/l3_dd14_focal/l3_summary.json
