Loading dataset: unsw_mg24
=== Loading MG24 from data/unsw_mg24 ===
[flows] loading network flows...
  benign  admin      admin traffic.csv: 305,919 rows
  benign  microgrid  microgrid traffic.csv: 3,616 rows
  benign  research   research traffic.csv: 163,101 rows
  benign  teaching   teaching traffic.csv: 402,833 rows
  attack  mitm           MITM1.pcap_Flow.csv: 253 rows
  attack  backdoor       backdoor1.pcap_Flow.csv: 794 rows
  attack  backdoor       backdoor2.pcap_Flow.csv: 990 rows
  attack  ddos           ddos1.pcap_Flow.csv: 2,233,313 rows
  attack  dos            dos1.pcap_Flow.csv: 131,308 rows
  attack  credential     ftp_password.pcap_Flow.csv: 257 rows
  attack  credential     hydra_password.pcap_Flow.csv: 2,037 rows
  attack  ransomware     ransomware.pcap_Flow.csv: 294 rows
  attack  samba          samba_permission.pcap_Flow.csv: 118 rows
  attack  recon          scan1_nmap.pcap_Flow.csv: 66,141 rows
  attack  recon          scan2_nikto.pcap_Flow.csv: 337 rows
  attack  shellshock     shellshock.pcap_Flow.csv: 241 rows
  attack  sql_injection  sql_injection.pcap_Flow.csv: 2,212 rows
  ddos subsample: 2,233,313 → 223,331 (10%); seed=42
[flows] total: 1,303,782 rows (428,313 malicious)
[audit] loading Linux audit logs...
  benign  Admin department: 31,754 events
  benign  Research department: 50,444 events
  benign  Teaching department: 42,576 events
  attack  mitm           audit_MITM1.log: 11,524 events
  attack  mitm           audit_MITM2.log: 7,315 events
  attack  backdoor       audit_backdoor.log: 11,033 events
  attack  backdoor       audit_backdoor2.log: 16,585 events
  attack  backdoor       audit_backdoor_3.log: 11,724 events
  attack  dos            audit_dos1.log: 18,527 events
  attack  dos            audit_dos2.log: 1,690 events
  attack  credential     audit_ftp_password.log: 8,058 events
  attack  credential     audit_hydra_passowrd_1.log: 9,455 events
  attack  credential     audit_password.log: 13,479 events
  attack  ransomware     audit_ransomware_1.log: 8,080 events
  attack  reverse_shell  audit_reverse_shell.log: 9,024 events
  attack  samba          audit_samaba_permission.log: 15,519 events
  attack  recon          audit_scan_nikto1.log: 8,977 events
  attack  recon          audit_scan_nikto2.log: 3,554 events
  attack  recon          audit_scan_nmap1.log: 4,104 events
  attack  sql_injection  audit_sql1.log: 2,715 events
  attack  sql_injection  audit_sql2.log: 3,114 events
  attack  sql_injection  audit_sql3.log: 5,681 events
  attack  ddos           ddos1.log: 9,986 events
  attack  mimicry        mimicry1.log: 7,309 events
  attack  mimicry        mimicry2.log: 5,452 events
  attack  ransomware     ransomware2.log: 5,833 events
  attack  shellshock     shellshock1.log: 14,602 events
  attack  shellshock     shellshock2.log: 13,154 events
  attack  shellshock     shellshock3.log: 15,840 events
[audit] total: 367,108 events (242,334 malicious)
[procmon] loading Windows Procmon CSVs...
  central  ben central_normal_system_calls.CSV: 12,170 events
  local1   ben local1_normal_system_calls.CSV: 305,994 events
  local2   ben local2_normal_system_calls.CSV: 92,149 events
  central  mal central_malicious.CSV: 6,947 events
  local1   mal local1_macilious.CSV: 279,994 events
  local2   mal local2_macilious.CSV: 227,253 events
[procmon] total: 924,507 events (514,194 malicious)
[power] loading power measurements...
  local1 ben local1_normal.csv: 893 samples (mechanical)
  local1 mal local1_malicious.csv: 987 samples (mechanical)
  local2 ben local2_normal.csv: 833 samples (electrical)
  local2 mal local2_malicious.csv: 903 samples (electrical)
[power] total: 3,616 samples
[hosts] pruned 379,240 → 255,283 (retained: {'ip': 255238, 'audit_source': 37, 'hostname': 8}; min_flows=5)
=== Done. Node counts: hosts=255283 processes=1500 flows=1303782 devices=2 measurements=3616 ===
  Split mode: hybrid (DD-8)
  Host role:  full  (features=full)
  Dropping flow features (DD-8 Fix 5): ['Active Std', 'Active Max', 'Active Mean']
Building TypedCausalGraph...
  Causal graph: 10000 nodes, 11917 directed edges
  [debug] target_node=875471, in_graph=True, parents={1412138}
  Class weight: licit=1.00  illicit=2.67  (pos=229735, neg=612829)
  Multi-task NCM supervision: ['flow_node', 'measurement_node', 'process_node']

Training [Phase 1 (No GAN)] for 100 epochs on cuda...
Epoch 001 | Loss 0.7569 (det=0.6902, stab=0.00e+00, ncm=0.6670) | Val F1=0.3987  AUC=0.1876
  ↑ Best checkpoint saved → checkpoints/active_ablation/without_active/ci_rct_unsw_mg24_best.pt
Epoch 002 | Loss 0.7389 (det=0.6732, stab=2.27e-06, ncm=0.6577) | Val F1=0.3987  AUC=0.2253
Epoch 003 | Loss 0.7197 (det=0.6550, stab=1.99e-07, ncm=0.6477) | Val F1=0.3987  AUC=0.2401
Epoch 004 | Loss 0.7026 (det=0.6387, stab=1.65e-08, ncm=0.6390) | Val F1=0.3987  AUC=0.2569
Epoch 005 | Loss 0.6788 (det=0.6154, stab=4.30e-07, ncm=0.6340) | Val F1=0.3986  AUC=0.2676
Epoch 006 | Loss 0.6568 (det=0.5942, stab=1.49e-06, ncm=0.6256) | Val F1=0.3931  AUC=0.2857
Epoch 007 | Loss 0.6310 (det=0.5690, stab=1.02e-07, ncm=0.6194) | Val F1=0.3915  AUC=0.3200
Epoch 008 | Loss 0.6014 (det=0.5404, stab=1.15e-06, ncm=0.6095) | Val F1=0.3895  AUC=0.3654
Epoch 009 | Loss 0.5777 (det=0.5179, stab=1.80e-06, ncm=0.5981) | Val F1=0.3887  AUC=0.4395
Epoch 010 | Loss 0.5410 (det=0.4825, stab=1.25e-06, ncm=0.5854) | Val F1=0.3878  AUC=0.4969
Epoch 011 | Loss 0.5100 (det=0.4530, stab=4.34e-06, ncm=0.5702) | Val F1=0.3873  AUC=0.5387
Epoch 012 | Loss 0.4745 (det=0.4192, stab=9.79e-07, ncm=0.5534) | Val F1=0.3871  AUC=0.6078
Epoch 013 | Loss 0.4407 (det=0.3872, stab=5.03e-06, ncm=0.5346) | Val F1=0.3868  AUC=0.8525
Epoch 014 | Loss 0.4063 (det=0.3546, stab=1.87e-08, ncm=0.5172) | Val F1=0.9635  AUC=0.9984
  ↑ Best checkpoint saved → checkpoints/active_ablation/without_active/ci_rct_unsw_mg24_best.pt
Epoch 015 | Loss 0.3757 (det=0.3259, stab=3.61e-06, ncm=0.4977) | Val F1=0.9638  AUC=0.9988
  ↑ Best checkpoint saved → checkpoints/active_ablation/without_active/ci_rct_unsw_mg24_best.pt
Epoch 016 | Loss 0.3392 (det=0.2903, stab=3.01e-06, ncm=0.4893) | Val F1=0.9636  AUC=0.9989
Epoch 017 | Loss 0.3089 (det=0.2631, stab=3.30e-05, ncm=0.4587) | Val F1=0.9598  AUC=0.9998
Epoch 018 | Loss 0.2800 (det=0.2370, stab=3.62e-06, ncm=0.4303) | Val F1=0.9552  AUC=0.9999
Epoch 019 | Loss 0.2484 (det=0.2106, stab=1.06e-06, ncm=0.3779) | Val F1=0.9522  AUC=0.9999
Epoch 020 | Loss 0.2173 (det=0.1867, stab=3.51e-05, ncm=0.3056) | Val F1=0.9493  AUC=0.9999
Epoch 021 | Loss 0.1875 (det=0.1639, stab=2.86e-06, ncm=0.2354) | Val F1=0.9468  AUC=0.9999
Epoch 022 | Loss 0.1644 (det=0.1432, stab=4.85e-05, ncm=0.2121) | Val F1=0.9443  AUC=0.9999
Epoch 023 | Loss 0.1454 (det=0.1255, stab=1.25e-06, ncm=0.1992) | Val F1=0.9424  AUC=0.9999
Epoch 024 | Loss 0.1327 (det=0.1115, stab=8.58e-06, ncm=0.2115) | Val F1=0.9413  AUC=0.9999
Epoch 025 | Loss 0.1178 (det=0.0956, stab=2.28e-05, ncm=0.2224) | Val F1=0.9411  AUC=0.9999
Epoch 026 | Loss 0.1127 (det=0.0900, stab=3.40e-05, ncm=0.2265) | Val F1=0.9413  AUC=0.9997
Epoch 027 | Loss 0.1052 (det=0.0814, stab=3.35e-06, ncm=0.2382) | Val F1=0.9424  AUC=0.9998
Epoch 028 | Loss 0.0983 (det=0.0738, stab=9.25e-08, ncm=0.2453) | Val F1=0.9430  AUC=0.9998
Epoch 029 | Loss 0.0882 (det=0.0648, stab=4.91e-06, ncm=0.2348) | Val F1=0.9451  AUC=0.9998
Epoch 030 | Loss 0.0832 (det=0.0605, stab=1.29e-06, ncm=0.2263) | Val F1=0.9472  AUC=0.9998
Epoch 031 | Loss 0.0782 (det=0.0570, stab=1.85e-05, ncm=0.2114) | Val F1=0.9498  AUC=0.9998
Epoch 032 | Loss 0.0721 (det=0.0518, stab=1.30e-06, ncm=0.2030) | Val F1=0.9521  AUC=0.9998
Epoch 033 | Loss 0.0682 (det=0.0482, stab=9.68e-05, ncm=0.1992) | Val F1=0.9546  AUC=0.9998
Epoch 034 | Loss 0.0796 (det=0.0588, stab=4.63e-05, ncm=0.2081) | Val F1=0.9554  AUC=0.9998
Epoch 035 | Loss 0.0745 (det=0.0549, stab=1.83e-06, ncm=0.1963) | Val F1=0.9582  AUC=0.9999
Epoch 036 | Loss 0.0605 (det=0.0409, stab=9.02e-07, ncm=0.1961) | Val F1=0.9578  AUC=0.9999
Epoch 037 | Loss 0.0641 (det=0.0441, stab=8.73e-08, ncm=0.2005) | Val F1=0.9630  AUC=0.9999
Epoch 038 | Loss 0.0618 (det=0.0420, stab=1.23e-05, ncm=0.1986) | Val F1=0.9636  AUC=0.9999
Epoch 039 | Loss 0.0663 (det=0.0474, stab=1.28e-06, ncm=0.1894) | Val F1=0.9637  AUC=0.9999
Epoch 040 | Loss 0.0621 (det=0.0427, stab=2.22e-06, ncm=0.1948) | Val F1=0.9637  AUC=0.9999
Epoch 041 | Loss 0.0569 (det=0.0377, stab=1.37e-05, ncm=0.1923) | Val F1=0.9637  AUC=0.9999
Epoch 042 | Loss 0.0591 (det=0.0400, stab=2.89e-06, ncm=0.1903) | Val F1=0.9643  AUC=0.9999
  ↑ Best checkpoint saved → checkpoints/active_ablation/without_active/ci_rct_unsw_mg24_best.pt
Epoch 043 | Loss 0.0569 (det=0.0375, stab=1.17e-05, ncm=0.1947) | Val F1=0.9643  AUC=0.9999
  ↑ Best checkpoint saved → checkpoints/active_ablation/without_active/ci_rct_unsw_mg24_best.pt
Epoch 044 | Loss 0.0536 (det=0.0351, stab=9.18e-06, ncm=0.1854) | Val F1=0.9644  AUC=0.9999
  ↑ Best checkpoint saved → checkpoints/active_ablation/without_active/ci_rct_unsw_mg24_best.pt
Epoch 045 | Loss 0.0512 (det=0.0327, stab=1.82e-05, ncm=0.1853) | Val F1=0.9646  AUC=0.9999
  ↑ Best checkpoint saved → checkpoints/active_ablation/without_active/ci_rct_unsw_mg24_best.pt
Epoch 046 | Loss 0.0513 (det=0.0330, stab=1.61e-05, ncm=0.1837) | Val F1=0.9641  AUC=0.9998
Epoch 047 | Loss 0.0498 (det=0.0319, stab=6.64e-06, ncm=0.1782) | Val F1=0.9641  AUC=0.9998
Epoch 048 | Loss 0.0514 (det=0.0333, stab=9.36e-07, ncm=0.1814) | Val F1=0.9646  AUC=0.9999
  ↑ Best checkpoint saved → checkpoints/active_ablation/without_active/ci_rct_unsw_mg24_best.pt
Epoch 049 | Loss 0.0517 (det=0.0335, stab=4.61e-05, ncm=0.1817) | Val F1=0.9644  AUC=0.9999
Epoch 050 | Loss 0.0482 (det=0.0307, stab=2.40e-08, ncm=0.1757) | Val F1=0.9644  AUC=0.9999
Epoch 051 | Loss 0.0505 (det=0.0328, stab=6.31e-07, ncm=0.1769) | Val F1=0.9644  AUC=0.9999
Epoch 052 | Loss 0.0514 (det=0.0333, stab=3.35e-06, ncm=0.1814) | Val F1=0.9645  AUC=0.9999
Epoch 053 | Loss 0.0515 (det=0.0339, stab=3.34e-05, ncm=0.1761) | Val F1=0.9645  AUC=0.9999
Epoch 054 | Loss 0.0495 (det=0.0319, stab=2.86e-05, ncm=0.1757) | Val F1=0.9645  AUC=0.9999
Epoch 055 | Loss 0.0504 (det=0.0326, stab=2.22e-06, ncm=0.1782) | Val F1=0.9645  AUC=0.9999
Epoch 056 | Loss 0.0487 (det=0.0311, stab=3.97e-06, ncm=0.1751) | Val F1=0.9646  AUC=0.9999
Epoch 057 | Loss 0.0465 (det=0.0293, stab=2.84e-05, ncm=0.1718) | Val F1=0.9646  AUC=0.9999
Epoch 058 | Loss 0.0481 (det=0.0305, stab=4.89e-05, ncm=0.1757) | Val F1=0.9646  AUC=0.9999
  ↑ Best checkpoint saved → checkpoints/active_ablation/without_active/ci_rct_unsw_mg24_best.pt
Epoch 059 | Loss 0.0455 (det=0.0283, stab=4.48e-05, ncm=0.1718) | Val F1=0.9649  AUC=0.9999
  ↑ Best checkpoint saved → checkpoints/active_ablation/without_active/ci_rct_unsw_mg24_best.pt
Epoch 060 | Loss 0.0454 (det=0.0280, stab=1.43e-05, ncm=0.1741) | Val F1=0.9650  AUC=0.9999
  ↑ Best checkpoint saved → checkpoints/active_ablation/without_active/ci_rct_unsw_mg24_best.pt
Epoch 061 | Loss 0.0469 (det=0.0296, stab=5.14e-05, ncm=0.1728) | Val F1=0.9651  AUC=0.9999
  ↑ Best checkpoint saved → checkpoints/active_ablation/without_active/ci_rct_unsw_mg24_best.pt
Epoch 062 | Loss 0.0458 (det=0.0285, stab=1.12e-05, ncm=0.1729) | Val F1=0.9651  AUC=0.9999
  ↑ Best checkpoint saved → checkpoints/active_ablation/without_active/ci_rct_unsw_mg24_best.pt
Epoch 063 | Loss 0.0467 (det=0.0290, stab=1.01e-05, ncm=0.1769) | Val F1=0.9652  AUC=0.9999
  ↑ Best checkpoint saved → checkpoints/active_ablation/without_active/ci_rct_unsw_mg24_best.pt
Epoch 064 | Loss 0.0439 (det=0.0267, stab=7.29e-07, ncm=0.1721) | Val F1=0.9653  AUC=0.9999
  ↑ Best checkpoint saved → checkpoints/active_ablation/without_active/ci_rct_unsw_mg24_best.pt
Epoch 065 | Loss 0.0442 (det=0.0273, stab=4.47e-05, ncm=0.1695) | Val F1=0.9653  AUC=0.9999
  ↑ Best checkpoint saved → checkpoints/active_ablation/without_active/ci_rct_unsw_mg24_best.pt
Epoch 066 | Loss 0.0444 (det=0.0273, stab=9.28e-06, ncm=0.1710) | Val F1=0.9653  AUC=1.0000
Epoch 067 | Loss 0.0438 (det=0.0263, stab=4.30e-06, ncm=0.1753) | Val F1=0.9654  AUC=1.0000
  ↑ Best checkpoint saved → checkpoints/active_ablation/without_active/ci_rct_unsw_mg24_best.pt
Epoch 068 | Loss 0.0431 (det=0.0265, stab=7.91e-06, ncm=0.1669) | Val F1=0.9656  AUC=1.0000
  ↑ Best checkpoint saved → checkpoints/active_ablation/without_active/ci_rct_unsw_mg24_best.pt
Epoch 069 | Loss 0.0433 (det=0.0262, stab=1.33e-06, ncm=0.1707) | Val F1=0.9658  AUC=1.0000
  ↑ Best checkpoint saved → checkpoints/active_ablation/without_active/ci_rct_unsw_mg24_best.pt
Epoch 070 | Loss 0.0433 (det=0.0267, stab=6.25e-06, ncm=0.1659) | Val F1=0.9663  AUC=1.0000
  ↑ Best checkpoint saved → checkpoints/active_ablation/without_active/ci_rct_unsw_mg24_best.pt
Epoch 071 | Loss 0.0422 (det=0.0256, stab=8.31e-06, ncm=0.1669) | Val F1=0.9673  AUC=1.0000
  ↑ Best checkpoint saved → checkpoints/active_ablation/without_active/ci_rct_unsw_mg24_best.pt
Epoch 072 | Loss 0.0421 (det=0.0253, stab=4.13e-06, ncm=0.1677) | Val F1=0.9685  AUC=1.0000
  ↑ Best checkpoint saved → checkpoints/active_ablation/without_active/ci_rct_unsw_mg24_best.pt
Epoch 073 | Loss 0.0433 (det=0.0267, stab=1.69e-05, ncm=0.1656) | Val F1=0.9688  AUC=1.0000
  ↑ Best checkpoint saved → checkpoints/active_ablation/without_active/ci_rct_unsw_mg24_best.pt
Epoch 074 | Loss 0.0415 (det=0.0248, stab=1.73e-06, ncm=0.1667) | Val F1=0.9689  AUC=1.0000
  ↑ Best checkpoint saved → checkpoints/active_ablation/without_active/ci_rct_unsw_mg24_best.pt
Epoch 075 | Loss 0.0426 (det=0.0256, stab=3.19e-06, ncm=0.1699) | Val F1=0.9691  AUC=1.0000
  ↑ Best checkpoint saved → checkpoints/active_ablation/without_active/ci_rct_unsw_mg24_best.pt
Epoch 076 | Loss 0.0430 (det=0.0260, stab=9.63e-07, ncm=0.1697) | Val F1=0.9693  AUC=1.0000
  ↑ Best checkpoint saved → checkpoints/active_ablation/without_active/ci_rct_unsw_mg24_best.pt
Epoch 077 | Loss 0.0405 (det=0.0237, stab=1.14e-05, ncm=0.1681) | Val F1=0.9696  AUC=1.0000
  ↑ Best checkpoint saved → checkpoints/active_ablation/without_active/ci_rct_unsw_mg24_best.pt
Epoch 078 | Loss 0.0406 (det=0.0245, stab=1.10e-05, ncm=0.1616) | Val F1=0.9698  AUC=1.0000
  ↑ Best checkpoint saved → checkpoints/active_ablation/without_active/ci_rct_unsw_mg24_best.pt
Epoch 079 | Loss 0.0406 (det=0.0245, stab=4.20e-06, ncm=0.1603) | Val F1=0.9701  AUC=1.0000
  ↑ Best checkpoint saved → checkpoints/active_ablation/without_active/ci_rct_unsw_mg24_best.pt
Epoch 080 | Loss 0.0414 (det=0.0252, stab=5.74e-06, ncm=0.1622) | Val F1=0.9704  AUC=1.0000
  ↑ Best checkpoint saved → checkpoints/active_ablation/without_active/ci_rct_unsw_mg24_best.pt
Epoch 081 | Loss 0.0403 (det=0.0239, stab=4.42e-07, ncm=0.1636) | Val F1=0.9707  AUC=1.0000
  ↑ Best checkpoint saved → checkpoints/active_ablation/without_active/ci_rct_unsw_mg24_best.pt
Epoch 082 | Loss 0.0397 (det=0.0237, stab=1.74e-05, ncm=0.1601) | Val F1=0.9712  AUC=1.0000
  ↑ Best checkpoint saved → checkpoints/active_ablation/without_active/ci_rct_unsw_mg24_best.pt
Epoch 083 | Loss 0.0399 (det=0.0238, stab=1.69e-05, ncm=0.1614) | Val F1=0.9716  AUC=1.0000
  ↑ Best checkpoint saved → checkpoints/active_ablation/without_active/ci_rct_unsw_mg24_best.pt
Epoch 084 | Loss 0.0396 (det=0.0241, stab=3.55e-05, ncm=0.1549) | Val F1=0.9723  AUC=1.0000
  ↑ Best checkpoint saved → checkpoints/active_ablation/without_active/ci_rct_unsw_mg24_best.pt
Epoch 085 | Loss 0.0381 (det=0.0227, stab=1.99e-06, ncm=0.1539) | Val F1=0.9733  AUC=1.0000
  ↑ Best checkpoint saved → checkpoints/active_ablation/without_active/ci_rct_unsw_mg24_best.pt
Epoch 086 | Loss 0.0389 (det=0.0235, stab=6.86e-06, ncm=0.1543) | Val F1=0.9742  AUC=1.0000
  ↑ Best checkpoint saved → checkpoints/active_ablation/without_active/ci_rct_unsw_mg24_best.pt
Epoch 087 | Loss 0.0385 (det=0.0231, stab=3.51e-06, ncm=0.1538) | Val F1=0.9753  AUC=1.0000
  ↑ Best checkpoint saved → checkpoints/active_ablation/without_active/ci_rct_unsw_mg24_best.pt
Epoch 088 | Loss 0.0382 (det=0.0226, stab=1.92e-05, ncm=0.1564) | Val F1=0.9760  AUC=1.0000
  ↑ Best checkpoint saved → checkpoints/active_ablation/without_active/ci_rct_unsw_mg24_best.pt
Epoch 089 | Loss 0.0384 (det=0.0232, stab=1.35e-07, ncm=0.1514) | Val F1=0.9767  AUC=1.0000
  ↑ Best checkpoint saved → checkpoints/active_ablation/without_active/ci_rct_unsw_mg24_best.pt
Epoch 090 | Loss 0.0374 (det=0.0221, stab=1.99e-06, ncm=0.1528) | Val F1=0.9771  AUC=1.0000
  ↑ Best checkpoint saved → checkpoints/active_ablation/without_active/ci_rct_unsw_mg24_best.pt
Epoch 091 | Loss 0.0371 (det=0.0219, stab=2.78e-06, ncm=0.1516) | Val F1=0.9777  AUC=1.0000
  ↑ Best checkpoint saved → checkpoints/active_ablation/without_active/ci_rct_unsw_mg24_best.pt
Epoch 092 | Loss 0.0364 (det=0.0215, stab=1.82e-05, ncm=0.1484) | Val F1=0.9785  AUC=1.0000
  ↑ Best checkpoint saved → checkpoints/active_ablation/without_active/ci_rct_unsw_mg24_best.pt
Epoch 093 | Loss 0.0377 (det=0.0227, stab=8.39e-07, ncm=0.1505) | Val F1=0.9791  AUC=1.0000
  ↑ Best checkpoint saved → checkpoints/active_ablation/without_active/ci_rct_unsw_mg24_best.pt
Epoch 094 | Loss 0.0378 (det=0.0222, stab=1.46e-05, ncm=0.1564) | Val F1=0.9796  AUC=1.0000
  ↑ Best checkpoint saved → checkpoints/active_ablation/without_active/ci_rct_unsw_mg24_best.pt
Epoch 095 | Loss 0.0371 (det=0.0224, stab=3.41e-05, ncm=0.1469) | Val F1=0.9801  AUC=1.0000
  ↑ Best checkpoint saved → checkpoints/active_ablation/without_active/ci_rct_unsw_mg24_best.pt
Epoch 096 | Loss 0.0370 (det=0.0220, stab=6.90e-08, ncm=0.1495) | Val F1=0.9804  AUC=1.0000
  ↑ Best checkpoint saved → checkpoints/active_ablation/without_active/ci_rct_unsw_mg24_best.pt
Epoch 097 | Loss 0.0363 (det=0.0216, stab=6.24e-07, ncm=0.1470) | Val F1=0.9810  AUC=1.0000
  ↑ Best checkpoint saved → checkpoints/active_ablation/without_active/ci_rct_unsw_mg24_best.pt
Epoch 098 | Loss 0.0363 (det=0.0216, stab=6.74e-06, ncm=0.1467) | Val F1=0.9814  AUC=1.0000
  ↑ Best checkpoint saved → checkpoints/active_ablation/without_active/ci_rct_unsw_mg24_best.pt
Epoch 099 | Loss 0.0364 (det=0.0214, stab=1.69e-05, ncm=0.1496) | Val F1=0.9818  AUC=1.0000
  ↑ Best checkpoint saved → checkpoints/active_ablation/without_active/ci_rct_unsw_mg24_best.pt
Epoch 100 | Loss 0.0357 (det=0.0204, stab=1.81e-06, ncm=0.1531) | Val F1=0.9822  AUC=1.0000
  ↑ Best checkpoint saved → checkpoints/active_ablation/without_active/ci_rct_unsw_mg24_best.pt

Loading best checkpoint for test evaluation...
Test  F1=0.9881  AUC=1.0000
