Loading dataset: unsw_mg24
=== Loading MG24 from data/unsw_mg24 ===
[flows] loading network flows...
  benign  admin      admin traffic.csv: 305,919 rows
  benign  microgrid  microgrid traffic.csv: 3,616 rows
  benign  research   research traffic.csv: 163,101 rows
  benign  teaching   teaching traffic.csv: 402,833 rows
  attack  mitm           MITM1.pcap_Flow.csv: 253 rows
  attack  backdoor       backdoor1.pcap_Flow.csv: 794 rows
  attack  backdoor       backdoor2.pcap_Flow.csv: 990 rows
  attack  ddos           ddos1.pcap_Flow.csv: 2,233,313 rows
  attack  dos            dos1.pcap_Flow.csv: 131,308 rows
  attack  credential     ftp_password.pcap_Flow.csv: 257 rows
  attack  credential     hydra_password.pcap_Flow.csv: 2,037 rows
  attack  ransomware     ransomware.pcap_Flow.csv: 294 rows
  attack  samba          samba_permission.pcap_Flow.csv: 118 rows
  attack  recon          scan1_nmap.pcap_Flow.csv: 66,141 rows
  attack  recon          scan2_nikto.pcap_Flow.csv: 337 rows
  attack  shellshock     shellshock.pcap_Flow.csv: 241 rows
  attack  sql_injection  sql_injection.pcap_Flow.csv: 2,212 rows
  ddos subsample: 2,233,313 → 223,331 (10%); seed=42
[flows] total: 1,303,782 rows (428,313 malicious)
[audit] loading Linux audit logs...
  benign  Admin department: 31,754 events
  benign  Research department: 50,444 events
  benign  Teaching department: 42,576 events
  attack  mitm           audit_MITM1.log: 11,524 events
  attack  mitm           audit_MITM2.log: 7,315 events
  attack  backdoor       audit_backdoor.log: 11,033 events
  attack  backdoor       audit_backdoor2.log: 16,585 events
  attack  backdoor       audit_backdoor_3.log: 11,724 events
  attack  dos            audit_dos1.log: 18,527 events
  attack  dos            audit_dos2.log: 1,690 events
  attack  credential     audit_ftp_password.log: 8,058 events
  attack  credential     audit_hydra_passowrd_1.log: 9,455 events
  attack  credential     audit_password.log: 13,479 events
  attack  ransomware     audit_ransomware_1.log: 8,080 events
  attack  reverse_shell  audit_reverse_shell.log: 9,024 events
  attack  samba          audit_samaba_permission.log: 15,519 events
  attack  recon          audit_scan_nikto1.log: 8,977 events
  attack  recon          audit_scan_nikto2.log: 3,554 events
  attack  recon          audit_scan_nmap1.log: 4,104 events
  attack  sql_injection  audit_sql1.log: 2,715 events
  attack  sql_injection  audit_sql2.log: 3,114 events
  attack  sql_injection  audit_sql3.log: 5,681 events
  attack  ddos           ddos1.log: 9,986 events
  attack  mimicry        mimicry1.log: 7,309 events
  attack  mimicry        mimicry2.log: 5,452 events
  attack  ransomware     ransomware2.log: 5,833 events
  attack  shellshock     shellshock1.log: 14,602 events
  attack  shellshock     shellshock2.log: 13,154 events
  attack  shellshock     shellshock3.log: 15,840 events
[audit] total: 367,108 events (242,334 malicious)
[procmon] loading Windows Procmon CSVs...
  central  ben central_normal_system_calls.CSV: 12,170 events
  local1   ben local1_normal_system_calls.CSV: 305,994 events
  local2   ben local2_normal_system_calls.CSV: 92,149 events
  central  mal central_malicious.CSV: 6,947 events
  local1   mal local1_macilious.CSV: 279,994 events
  local2   mal local2_macilious.CSV: 227,253 events
[procmon] total: 924,507 events (514,194 malicious)
[power] loading power measurements...
  local1 ben local1_normal.csv: 893 samples (mechanical)
  local1 mal local1_malicious.csv: 987 samples (mechanical)
  local2 ben local2_normal.csv: 833 samples (electrical)
  local2 mal local2_malicious.csv: 903 samples (electrical)
[power] total: 3,616 samples
[hosts] pruned 379,240 → 255,283 (retained: {'ip': 255238, 'audit_source': 37, 'hostname': 8}; min_flows=5)
=== Done. Node counts: hosts=255283 processes=1500 flows=1303782 devices=2 measurements=3616 ===
  Split mode: hybrid (DD-8)
  Host role:  full  (features=full)
Building TypedCausalGraph...
  Causal graph: 10000 nodes, 11917 directed edges
  [debug] target_node=875471, in_graph=True, parents={1412138}
  Class weight: licit=1.00  illicit=2.67  (pos=229735, neg=612829)
  Multi-task NCM supervision: ['flow_node', 'measurement_node', 'process_node']

Training [Phase 1 (No GAN)] for 100 epochs on cuda...
Epoch 001 | Loss 0.7641 (det=0.6962, stab=0.00e+00, ncm=0.6796) | Val F1=0.3874  AUC=0.3944
  ↑ Best checkpoint saved → checkpoints/active_ablation/with_active/ci_rct_unsw_mg24_best.pt
Epoch 002 | Loss 0.7462 (det=0.6797, stab=4.76e-07, ncm=0.6649) | Val F1=0.3874  AUC=0.3155
  ↑ Best checkpoint saved → checkpoints/active_ablation/with_active/ci_rct_unsw_mg24_best.pt
Epoch 003 | Loss 0.7287 (det=0.6638, stab=7.23e-09, ncm=0.6482) | Val F1=0.3873  AUC=0.2915
Epoch 004 | Loss 0.7125 (det=0.6487, stab=2.86e-06, ncm=0.6386) | Val F1=0.3870  AUC=0.2717
Epoch 005 | Loss 0.6918 (det=0.6295, stab=2.52e-08, ncm=0.6229) | Val F1=0.3870  AUC=0.2738
Epoch 006 | Loss 0.6698 (det=0.6087, stab=1.46e-07, ncm=0.6104) | Val F1=0.3870  AUC=0.2920
Epoch 007 | Loss 0.6466 (det=0.5868, stab=1.00e-06, ncm=0.5979) | Val F1=0.3869  AUC=0.3444
Epoch 008 | Loss 0.6174 (det=0.5590, stab=7.10e-08, ncm=0.5842) | Val F1=0.3869  AUC=0.4309
Epoch 009 | Loss 0.5980 (det=0.5411, stab=2.91e-06, ncm=0.5686) | Val F1=0.3869  AUC=0.5167
Epoch 010 | Loss 0.5603 (det=0.5052, stab=1.22e-06, ncm=0.5512) | Val F1=0.3869  AUC=0.6269
Epoch 011 | Loss 0.5291 (det=0.4760, stab=5.02e-07, ncm=0.5309) | Val F1=0.3868  AUC=0.7514
Epoch 012 | Loss 0.4902 (det=0.4390, stab=5.11e-08, ncm=0.5121) | Val F1=0.3867  AUC=0.8703
Epoch 013 | Loss 0.4584 (det=0.4092, stab=1.29e-08, ncm=0.4918) | Val F1=0.3866  AUC=0.9488
Epoch 014 | Loss 0.4289 (det=0.3815, stab=7.62e-07, ncm=0.4737) | Val F1=0.9636  AUC=0.9986
  ↑ Best checkpoint saved → checkpoints/active_ablation/with_active/ci_rct_unsw_mg24_best.pt
Epoch 015 | Loss 0.4019 (det=0.3563, stab=8.59e-07, ncm=0.4560) | Val F1=0.9637  AUC=0.9988
  ↑ Best checkpoint saved → checkpoints/active_ablation/with_active/ci_rct_unsw_mg24_best.pt
Epoch 016 | Loss 0.3684 (det=0.3254, stab=9.21e-06, ncm=0.4296) | Val F1=0.9636  AUC=0.9989
Epoch 017 | Loss 0.3396 (det=0.2989, stab=3.60e-06, ncm=0.4072) | Val F1=0.9635  AUC=0.9999
Epoch 018 | Loss 0.3129 (det=0.2748, stab=1.62e-09, ncm=0.3808) | Val F1=0.9635  AUC=0.9999
Epoch 019 | Loss 0.2792 (det=0.2477, stab=9.08e-08, ncm=0.3155) | Val F1=0.9611  AUC=0.9999
Epoch 020 | Loss 0.2515 (det=0.2241, stab=5.13e-06, ncm=0.2731) | Val F1=0.9571  AUC=0.9999
Epoch 021 | Loss 0.2195 (det=0.1967, stab=9.42e-07, ncm=0.2280) | Val F1=0.9535  AUC=0.9999
Epoch 022 | Loss 0.1940 (det=0.1731, stab=1.96e-06, ncm=0.2092) | Val F1=0.9507  AUC=0.9999
Epoch 023 | Loss 0.1716 (det=0.1503, stab=1.52e-06, ncm=0.2131) | Val F1=0.9480  AUC=0.9999
Epoch 024 | Loss 0.1548 (det=0.1316, stab=7.61e-06, ncm=0.2322) | Val F1=0.9459  AUC=0.9997
Epoch 025 | Loss 0.1405 (det=0.1159, stab=9.07e-09, ncm=0.2461) | Val F1=0.9438  AUC=0.9996
Epoch 026 | Loss 0.1271 (det=0.1020, stab=1.51e-05, ncm=0.2503) | Val F1=0.9424  AUC=0.9994
Epoch 027 | Loss 0.1161 (det=0.0924, stab=4.84e-06, ncm=0.2368) | Val F1=0.9418  AUC=0.9998
Epoch 028 | Loss 0.1051 (det=0.0806, stab=2.45e-05, ncm=0.2456) | Val F1=0.9416  AUC=0.9999
Epoch 029 | Loss 0.1001 (det=0.0762, stab=1.47e-05, ncm=0.2384) | Val F1=0.9427  AUC=0.9999
Epoch 030 | Loss 0.0928 (det=0.0705, stab=3.56e-07, ncm=0.2226) | Val F1=0.9443  AUC=0.9998
Epoch 031 | Loss 0.0863 (det=0.0648, stab=3.86e-06, ncm=0.2153) | Val F1=0.9466  AUC=0.9998
Epoch 032 | Loss 0.0809 (det=0.0598, stab=9.61e-07, ncm=0.2112) | Val F1=0.9486  AUC=0.9998
Epoch 033 | Loss 0.0752 (det=0.0544, stab=3.20e-06, ncm=0.2080) | Val F1=0.9510  AUC=0.9998
Epoch 034 | Loss 0.0734 (det=0.0525, stab=2.05e-05, ncm=0.2093) | Val F1=0.9530  AUC=0.9998
Epoch 035 | Loss 0.0681 (det=0.0472, stab=2.86e-06, ncm=0.2085) | Val F1=0.9549  AUC=0.9998
Epoch 036 | Loss 0.0675 (det=0.0467, stab=3.12e-08, ncm=0.2080) | Val F1=0.9579  AUC=0.9998
Epoch 037 | Loss 0.0621 (det=0.0416, stab=5.39e-07, ncm=0.2047) | Val F1=0.9590  AUC=0.9998
Epoch 038 | Loss 0.0599 (det=0.0392, stab=2.96e-06, ncm=0.2073) | Val F1=0.9643  AUC=0.9998
  ↑ Best checkpoint saved → checkpoints/active_ablation/with_active/ci_rct_unsw_mg24_best.pt
Epoch 039 | Loss 0.0593 (det=0.0391, stab=2.81e-06, ncm=0.2018) | Val F1=0.9645  AUC=0.9998
  ↑ Best checkpoint saved → checkpoints/active_ablation/with_active/ci_rct_unsw_mg24_best.pt
Epoch 040 | Loss 0.0567 (det=0.0365, stab=2.39e-06, ncm=0.2021) | Val F1=0.9645  AUC=0.9998
  ↑ Best checkpoint saved → checkpoints/active_ablation/with_active/ci_rct_unsw_mg24_best.pt
Epoch 041 | Loss 0.0575 (det=0.0368, stab=2.43e-06, ncm=0.2069) | Val F1=0.9645  AUC=0.9998
Epoch 042 | Loss 0.0535 (det=0.0337, stab=5.39e-06, ncm=0.1982) | Val F1=0.9643  AUC=0.9998
Epoch 043 | Loss 0.0534 (det=0.0337, stab=6.07e-07, ncm=0.1968) | Val F1=0.9643  AUC=0.9999
Epoch 044 | Loss 0.0533 (det=0.0339, stab=8.49e-06, ncm=0.1933) | Val F1=0.9643  AUC=0.9999
Epoch 045 | Loss 0.0548 (det=0.0358, stab=1.12e-07, ncm=0.1902) | Val F1=0.9643  AUC=0.9999
Epoch 046 | Loss 0.0540 (det=0.0351, stab=3.50e-06, ncm=0.1887) | Val F1=0.9643  AUC=0.9999
Epoch 047 | Loss 0.0532 (det=0.0350, stab=8.60e-06, ncm=0.1827) | Val F1=0.9643  AUC=0.9999
Epoch 048 | Loss 0.0509 (det=0.0330, stab=8.27e-07, ncm=0.1791) | Val F1=0.9644  AUC=0.9999
Epoch 049 | Loss 0.0507 (det=0.0318, stab=2.39e-06, ncm=0.1888) | Val F1=0.9646  AUC=0.9999
  ↑ Best checkpoint saved → checkpoints/active_ablation/with_active/ci_rct_unsw_mg24_best.pt
Epoch 050 | Loss 0.0489 (det=0.0309, stab=1.78e-07, ncm=0.1797) | Val F1=0.9647  AUC=0.9999
  ↑ Best checkpoint saved → checkpoints/active_ablation/with_active/ci_rct_unsw_mg24_best.pt
Epoch 051 | Loss 0.0507 (det=0.0329, stab=8.94e-06, ncm=0.1785) | Val F1=0.9647  AUC=0.9999
  ↑ Best checkpoint saved → checkpoints/active_ablation/with_active/ci_rct_unsw_mg24_best.pt
Epoch 052 | Loss 0.0519 (det=0.0342, stab=8.01e-07, ncm=0.1774) | Val F1=0.9647  AUC=0.9999
  ↑ Best checkpoint saved → checkpoints/active_ablation/with_active/ci_rct_unsw_mg24_best.pt
Epoch 053 | Loss 0.0488 (det=0.0310, stab=3.34e-06, ncm=0.1785) | Val F1=0.9647  AUC=0.9999
  ↑ Best checkpoint saved → checkpoints/active_ablation/with_active/ci_rct_unsw_mg24_best.pt
Epoch 054 | Loss 0.0479 (det=0.0299, stab=5.08e-06, ncm=0.1791) | Val F1=0.9645  AUC=0.9999
Epoch 055 | Loss 0.0482 (det=0.0305, stab=3.83e-07, ncm=0.1773) | Val F1=0.9645  AUC=1.0000
Epoch 056 | Loss 0.0478 (det=0.0295, stab=1.42e-10, ncm=0.1823) | Val F1=0.9645  AUC=1.0000
Epoch 057 | Loss 0.0465 (det=0.0289, stab=1.92e-06, ncm=0.1763) | Val F1=0.9645  AUC=1.0000
Epoch 058 | Loss 0.0476 (det=0.0301, stab=5.38e-07, ncm=0.1745) | Val F1=0.9645  AUC=1.0000
Epoch 059 | Loss 0.0470 (det=0.0295, stab=4.64e-08, ncm=0.1749) | Val F1=0.9646  AUC=1.0000
Epoch 060 | Loss 0.0462 (det=0.0285, stab=9.16e-06, ncm=0.1764) | Val F1=0.9646  AUC=1.0000
Epoch 061 | Loss 0.0449 (det=0.0275, stab=1.73e-09, ncm=0.1740) | Val F1=0.9648  AUC=1.0000
  ↑ Best checkpoint saved → checkpoints/active_ablation/with_active/ci_rct_unsw_mg24_best.pt
Epoch 062 | Loss 0.0454 (det=0.0272, stab=1.13e-07, ncm=0.1821) | Val F1=0.9649  AUC=1.0000
  ↑ Best checkpoint saved → checkpoints/active_ablation/with_active/ci_rct_unsw_mg24_best.pt
Epoch 063 | Loss 0.0453 (det=0.0275, stab=3.86e-06, ncm=0.1786) | Val F1=0.9650  AUC=1.0000
  ↑ Best checkpoint saved → checkpoints/active_ablation/with_active/ci_rct_unsw_mg24_best.pt
Epoch 064 | Loss 0.0442 (det=0.0268, stab=2.19e-05, ncm=0.1745) | Val F1=0.9651  AUC=1.0000
  ↑ Best checkpoint saved → checkpoints/active_ablation/with_active/ci_rct_unsw_mg24_best.pt
Epoch 065 | Loss 0.0439 (det=0.0270, stab=1.12e-05, ncm=0.1689) | Val F1=0.9652  AUC=1.0000
  ↑ Best checkpoint saved → checkpoints/active_ablation/with_active/ci_rct_unsw_mg24_best.pt
Epoch 066 | Loss 0.0442 (det=0.0274, stab=1.74e-07, ncm=0.1686) | Val F1=0.9654  AUC=1.0000
  ↑ Best checkpoint saved → checkpoints/active_ablation/with_active/ci_rct_unsw_mg24_best.pt
Epoch 067 | Loss 0.0426 (det=0.0258, stab=6.47e-06, ncm=0.1676) | Val F1=0.9655  AUC=1.0000
  ↑ Best checkpoint saved → checkpoints/active_ablation/with_active/ci_rct_unsw_mg24_best.pt
Epoch 068 | Loss 0.0428 (det=0.0262, stab=2.24e-05, ncm=0.1666) | Val F1=0.9657  AUC=1.0000
  ↑ Best checkpoint saved → checkpoints/active_ablation/with_active/ci_rct_unsw_mg24_best.pt
Epoch 069 | Loss 0.0420 (det=0.0252, stab=1.49e-08, ncm=0.1683) | Val F1=0.9659  AUC=1.0000
  ↑ Best checkpoint saved → checkpoints/active_ablation/with_active/ci_rct_unsw_mg24_best.pt
Epoch 070 | Loss 0.0427 (det=0.0265, stab=9.55e-07, ncm=0.1622) | Val F1=0.9661  AUC=1.0000
  ↑ Best checkpoint saved → checkpoints/active_ablation/with_active/ci_rct_unsw_mg24_best.pt
Epoch 071 | Loss 0.0419 (det=0.0256, stab=2.81e-06, ncm=0.1629) | Val F1=0.9667  AUC=1.0000
  ↑ Best checkpoint saved → checkpoints/active_ablation/with_active/ci_rct_unsw_mg24_best.pt
Epoch 072 | Loss 0.0418 (det=0.0256, stab=2.73e-05, ncm=0.1614) | Val F1=0.9676  AUC=1.0000
  ↑ Best checkpoint saved → checkpoints/active_ablation/with_active/ci_rct_unsw_mg24_best.pt
Epoch 073 | Loss 0.0418 (det=0.0258, stab=5.67e-06, ncm=0.1600) | Val F1=0.9682  AUC=1.0000
  ↑ Best checkpoint saved → checkpoints/active_ablation/with_active/ci_rct_unsw_mg24_best.pt
Epoch 074 | Loss 0.0413 (det=0.0251, stab=2.88e-07, ncm=0.1617) | Val F1=0.9686  AUC=1.0000
  ↑ Best checkpoint saved → checkpoints/active_ablation/with_active/ci_rct_unsw_mg24_best.pt
Epoch 075 | Loss 0.0417 (det=0.0260, stab=1.61e-05, ncm=0.1573) | Val F1=0.9689  AUC=1.0000
  ↑ Best checkpoint saved → checkpoints/active_ablation/with_active/ci_rct_unsw_mg24_best.pt
Epoch 076 | Loss 0.0412 (det=0.0257, stab=1.65e-06, ncm=0.1551) | Val F1=0.9691  AUC=1.0000
  ↑ Best checkpoint saved → checkpoints/active_ablation/with_active/ci_rct_unsw_mg24_best.pt
Epoch 077 | Loss 0.0394 (det=0.0240, stab=2.87e-09, ncm=0.1542) | Val F1=0.9693  AUC=1.0000
  ↑ Best checkpoint saved → checkpoints/active_ablation/with_active/ci_rct_unsw_mg24_best.pt
Epoch 078 | Loss 0.0399 (det=0.0245, stab=4.91e-05, ncm=0.1535) | Val F1=0.9696  AUC=1.0000
  ↑ Best checkpoint saved → checkpoints/active_ablation/with_active/ci_rct_unsw_mg24_best.pt
Epoch 079 | Loss 0.0399 (det=0.0246, stab=2.79e-05, ncm=0.1528) | Val F1=0.9699  AUC=1.0000
  ↑ Best checkpoint saved → checkpoints/active_ablation/with_active/ci_rct_unsw_mg24_best.pt
Epoch 080 | Loss 0.0404 (det=0.0252, stab=5.49e-05, ncm=0.1521) | Val F1=0.9702  AUC=1.0000
  ↑ Best checkpoint saved → checkpoints/active_ablation/with_active/ci_rct_unsw_mg24_best.pt
Epoch 081 | Loss 0.0397 (det=0.0247, stab=6.49e-07, ncm=0.1503) | Val F1=0.9705  AUC=1.0000
  ↑ Best checkpoint saved → checkpoints/active_ablation/with_active/ci_rct_unsw_mg24_best.pt
Epoch 082 | Loss 0.0384 (det=0.0237, stab=1.64e-05, ncm=0.1478) | Val F1=0.9709  AUC=1.0000
  ↑ Best checkpoint saved → checkpoints/active_ablation/with_active/ci_rct_unsw_mg24_best.pt
Epoch 083 | Loss 0.0385 (det=0.0238, stab=3.85e-05, ncm=0.1475) | Val F1=0.9711  AUC=1.0000
  ↑ Best checkpoint saved → checkpoints/active_ablation/with_active/ci_rct_unsw_mg24_best.pt
Epoch 084 | Loss 0.0384 (det=0.0238, stab=7.69e-06, ncm=0.1463) | Val F1=0.9714  AUC=1.0000
  ↑ Best checkpoint saved → checkpoints/active_ablation/with_active/ci_rct_unsw_mg24_best.pt
Epoch 085 | Loss 0.0376 (det=0.0229, stab=3.01e-06, ncm=0.1464) | Val F1=0.9717  AUC=1.0000
  ↑ Best checkpoint saved → checkpoints/active_ablation/with_active/ci_rct_unsw_mg24_best.pt
Epoch 086 | Loss 0.0381 (det=0.0236, stab=4.54e-06, ncm=0.1450) | Val F1=0.9721  AUC=1.0000
  ↑ Best checkpoint saved → checkpoints/active_ablation/with_active/ci_rct_unsw_mg24_best.pt
Epoch 087 | Loss 0.0377 (det=0.0230, stab=4.68e-06, ncm=0.1476) | Val F1=0.9728  AUC=1.0000
  ↑ Best checkpoint saved → checkpoints/active_ablation/with_active/ci_rct_unsw_mg24_best.pt
Epoch 088 | Loss 0.0376 (det=0.0231, stab=2.75e-06, ncm=0.1448) | Val F1=0.9732  AUC=1.0000
  ↑ Best checkpoint saved → checkpoints/active_ablation/with_active/ci_rct_unsw_mg24_best.pt
Epoch 089 | Loss 0.0377 (det=0.0234, stab=1.20e-05, ncm=0.1438) | Val F1=0.9736  AUC=1.0000
  ↑ Best checkpoint saved → checkpoints/active_ablation/with_active/ci_rct_unsw_mg24_best.pt
Epoch 090 | Loss 0.0366 (det=0.0221, stab=2.41e-06, ncm=0.1450) | Val F1=0.9746  AUC=1.0000
  ↑ Best checkpoint saved → checkpoints/active_ablation/with_active/ci_rct_unsw_mg24_best.pt
Epoch 091 | Loss 0.0370 (det=0.0221, stab=3.74e-06, ncm=0.1485) | Val F1=0.9752  AUC=1.0000
  ↑ Best checkpoint saved → checkpoints/active_ablation/with_active/ci_rct_unsw_mg24_best.pt
Epoch 092 | Loss 0.0362 (det=0.0217, stab=8.27e-06, ncm=0.1450) | Val F1=0.9760  AUC=1.0000
  ↑ Best checkpoint saved → checkpoints/active_ablation/with_active/ci_rct_unsw_mg24_best.pt
Epoch 093 | Loss 0.0372 (det=0.0226, stab=1.25e-05, ncm=0.1464) | Val F1=0.9766  AUC=1.0000
  ↑ Best checkpoint saved → checkpoints/active_ablation/with_active/ci_rct_unsw_mg24_best.pt
Epoch 094 | Loss 0.0365 (det=0.0222, stab=1.89e-06, ncm=0.1434) | Val F1=0.9771  AUC=1.0000
  ↑ Best checkpoint saved → checkpoints/active_ablation/with_active/ci_rct_unsw_mg24_best.pt
Epoch 095 | Loss 0.0364 (det=0.0219, stab=2.81e-06, ncm=0.1446) | Val F1=0.9777  AUC=1.0000
  ↑ Best checkpoint saved → checkpoints/active_ablation/with_active/ci_rct_unsw_mg24_best.pt
Epoch 096 | Loss 0.0370 (det=0.0222, stab=6.07e-06, ncm=0.1473) | Val F1=0.9783  AUC=1.0000
  ↑ Best checkpoint saved → checkpoints/active_ablation/with_active/ci_rct_unsw_mg24_best.pt
Epoch 097 | Loss 0.0359 (det=0.0214, stab=4.59e-06, ncm=0.1454) | Val F1=0.9789  AUC=1.0000
  ↑ Best checkpoint saved → checkpoints/active_ablation/with_active/ci_rct_unsw_mg24_best.pt
Epoch 098 | Loss 0.0359 (det=0.0214, stab=4.33e-06, ncm=0.1451) | Val F1=0.9795  AUC=1.0000
  ↑ Best checkpoint saved → checkpoints/active_ablation/with_active/ci_rct_unsw_mg24_best.pt
Epoch 099 | Loss 0.0357 (det=0.0212, stab=2.10e-06, ncm=0.1451) | Val F1=0.9798  AUC=1.0000
  ↑ Best checkpoint saved → checkpoints/active_ablation/with_active/ci_rct_unsw_mg24_best.pt
Epoch 100 | Loss 0.0356 (det=0.0208, stab=1.74e-05, ncm=0.1474) | Val F1=0.9802  AUC=1.0000
  ↑ Best checkpoint saved → checkpoints/active_ablation/with_active/ci_rct_unsw_mg24_best.pt

Loading best checkpoint for test evaluation...
Test  F1=0.9865  AUC=1.0000
