[L3] device: cuda
[L3] loading MG24 (subsample_ddos=0.1, split_mode=by_incident, host_role=zeroed)
[L3] node counts: device_node=2, flow_node=1,303,782, host_node=255,283, measurement_node=3,616, process_node=1,500
[L3] loaded Stage-1 checkpoint: checkpoints/dd18/ci_rct_unsw_mg24_best.pt
[L3] backbone partial freeze: unfrozen_hgt_layers=1, trainable_backbone_params=379,421/853,906 (44.43%)
[L3] stage2_split_mode = by_file
[L3] flow_node: train_classes=10, n_train_fraud=299817, n_val_fraud=64248 (+unseen=654), n_test_fraud=64248 (+unseen=513)
       train dist (top 10): {'ddos': 156331, 'dos': 91916, 'recon': 46534, 'credential': 1606, 'sql_injection': 1548, 'backdoor': 1248, 'ransomware': 206, 'mitm': 177, 'shellshock': 169, 'samba': 82}
       class_weight[sqrt] max/min ratio = 43.66 (max=2.621, min=0.060)
       MAJORITY-BASELINE: val acc=0.5214 (class='ddos', n=33500)  test acc=0.5214 (class='ddos', n=33500)  random = 0.1000
[L3] process_node: train_classes=13, n_train_fraud=599, n_val_fraud=131 (+unseen=260), n_test_fraud=131 (+unseen=300)
       train dist (top 10): {'credential': 123, 'mimicry': 111, 'shellshock': 90, 'recon': 69, 'sql_injection': 52, 'mitm': 40, 'ransomware': 35, 'samba': 31, 'backdoor': 23, 'reverse_shell': 18}
       class_weight[sqrt] max/min ratio = 7.84 (max=2.632, min=0.336)
       MAJORITY-BASELINE: val acc=0.1985 (class='credential', n=26)  test acc=0.1985 (class='credential', n=26)  random = 0.0769
[L3] epoch   1/200  L_total=1.2216  (flow_node=0.1573 process_node=1.0642)  | val: flow_node: macro-F1=0.0193 acc=0.1066-maj=0.5214 n=64248 | process_node: macro-F1=0.0193 acc=0.0687-maj=0.1985 n=131  avg_val_macro_f1=0.0193
[L3] epoch   2/200  L_total=1.2015  (flow_node=0.1419 process_node=1.0596)  | val: flow_node: macro-F1=0.0791 acc=0.3069-maj=0.5214 n=64248 | process_node: macro-F1=0.0174 acc=0.1145-maj=0.1985 n=131  avg_val_macro_f1=0.0482
[L3] epoch   3/200  L_total=1.1859  (flow_node=0.1308 process_node=1.0551)  | val: flow_node: macro-F1=0.0896 acc=0.3070-maj=0.5214 n=64248 | process_node: macro-F1=0.0179 acc=0.1145-maj=0.1985 n=131  avg_val_macro_f1=0.0537
[L3] epoch   4/200  L_total=1.1685  (flow_node=0.1177 process_node=1.0509)  | val: flow_node: macro-F1=0.0917 acc=0.3070-maj=0.5214 n=64248 | process_node: macro-F1=0.0221 acc=0.1145-maj=0.1985 n=131  avg_val_macro_f1=0.0569
[L3] epoch   5/200  L_total=1.1586  (flow_node=0.1114 process_node=1.0472)  | val: flow_node: macro-F1=0.1919 acc=0.8284+maj=0.5214 n=64248 | process_node: macro-F1=0.0232 acc=0.1145-maj=0.1985 n=131  avg_val_macro_f1=0.1076
[L3] epoch   6/200  L_total=1.1491  (flow_node=0.1050 process_node=1.0441)  | val: flow_node: macro-F1=0.2161 acc=0.8290+maj=0.5214 n=64248 | process_node: macro-F1=0.0324 acc=0.1221-maj=0.1985 n=131  avg_val_macro_f1=0.1242
[L3] epoch   7/200  L_total=1.1388  (flow_node=0.1008 process_node=1.0381)  | val: flow_node: macro-F1=0.2182 acc=0.8294+maj=0.5214 n=64248 | process_node: macro-F1=0.0333 acc=0.1221-maj=0.1985 n=131  avg_val_macro_f1=0.1257
[L3] epoch   8/200  L_total=1.1329  (flow_node=0.0979 process_node=1.0350)  | val: flow_node: macro-F1=0.2196 acc=0.8306+maj=0.5214 n=64248 | process_node: macro-F1=0.0415 acc=0.1374-maj=0.1985 n=131  avg_val_macro_f1=0.1305
[L3] epoch   9/200  L_total=1.1249  (flow_node=0.0941 process_node=1.0308)  | val: flow_node: macro-F1=0.3319 acc=0.9837+maj=0.5214 n=64248 | process_node: macro-F1=0.0434 acc=0.1450-maj=0.1985 n=131  avg_val_macro_f1=0.1876
[L3] epoch  10/200  L_total=1.1188  (flow_node=0.0914 process_node=1.0275)  | val: flow_node: macro-F1=0.3308 acc=0.9837+maj=0.5214 n=64248 | process_node: macro-F1=0.0577 acc=0.2061+maj=0.1985 n=131  avg_val_macro_f1=0.1943
[L3] epoch  11/200  L_total=1.1139  (flow_node=0.0890 process_node=1.0250)  | val: flow_node: macro-F1=0.3305 acc=0.9837+maj=0.5214 n=64248 | process_node: macro-F1=0.0604 acc=0.2366+maj=0.1985 n=131  avg_val_macro_f1=0.1954
[L3] epoch  12/200  L_total=1.1058  (flow_node=0.0859 process_node=1.0199)  | val: flow_node: macro-F1=0.3166 acc=0.9831+maj=0.5214 n=64248 | process_node: macro-F1=0.0608 acc=0.2519+maj=0.1985 n=131  avg_val_macro_f1=0.1887
[L3] epoch  13/200  L_total=1.0992  (flow_node=0.0826 process_node=1.0166)  | val: flow_node: macro-F1=0.3161 acc=0.9830+maj=0.5214 n=64248 | process_node: macro-F1=0.0607 acc=0.2519+maj=0.1985 n=131  avg_val_macro_f1=0.1884
[L3] epoch  14/200  L_total=1.0906  (flow_node=0.0782 process_node=1.0124)  | val: flow_node: macro-F1=0.2981 acc=0.9823+maj=0.5214 n=64248 | process_node: macro-F1=0.0605 acc=0.2519+maj=0.1985 n=131  avg_val_macro_f1=0.1793
[L3] epoch  15/200  L_total=1.0841  (flow_node=0.0755 process_node=1.0086)  | val: flow_node: macro-F1=0.2768 acc=0.9458+maj=0.5214 n=64248 | process_node: macro-F1=0.0604 acc=0.2519+maj=0.1985 n=131  avg_val_macro_f1=0.1686
[L3] epoch  16/200  L_total=1.0780  (flow_node=0.0721 process_node=1.0059)  | val: flow_node: macro-F1=0.2194 acc=0.8642+maj=0.5214 n=64248 | process_node: macro-F1=0.0640 acc=0.2672+maj=0.1985 n=131  avg_val_macro_f1=0.1417
[L3] epoch  17/200  L_total=1.0699  (flow_node=0.0682 process_node=1.0017)  | val: flow_node: macro-F1=0.2633 acc=0.9223+maj=0.5214 n=64248 | process_node: macro-F1=0.0641 acc=0.2672+maj=0.1985 n=131  avg_val_macro_f1=0.1637
[L3] epoch  18/200  L_total=1.0621  (flow_node=0.0652 process_node=0.9969)  | val: flow_node: macro-F1=0.2902 acc=0.9713+maj=0.5214 n=64248 | process_node: macro-F1=0.0622 acc=0.2595+maj=0.1985 n=131  avg_val_macro_f1=0.1762
[L3] epoch  19/200  L_total=1.0587  (flow_node=0.0622 process_node=0.9965)  | val: flow_node: macro-F1=0.2955 acc=0.9823+maj=0.5214 n=64248 | process_node: macro-F1=0.0626 acc=0.2595+maj=0.1985 n=131  avg_val_macro_f1=0.1790
[L3] epoch  20/200  L_total=1.0515  (flow_node=0.0602 process_node=0.9913)  | val: flow_node: macro-F1=0.2960 acc=0.9823+maj=0.5214 n=64248 | process_node: macro-F1=0.0631 acc=0.2595+maj=0.1985 n=131  avg_val_macro_f1=0.1795
[L3] epoch  21/200  L_total=1.0471  (flow_node=0.0585 process_node=0.9886)  | val: flow_node: macro-F1=0.2959 acc=0.9822+maj=0.5214 n=64248 | process_node: macro-F1=0.0633 acc=0.2595+maj=0.1985 n=131  avg_val_macro_f1=0.1796
[L3] epoch  22/200  L_total=1.0426  (flow_node=0.0552 process_node=0.9874)  | val: flow_node: macro-F1=0.2974 acc=0.9822+maj=0.5214 n=64248 | process_node: macro-F1=0.0640 acc=0.2595+maj=0.1985 n=131  avg_val_macro_f1=0.1807
[L3] epoch  23/200  L_total=1.0374  (flow_node=0.0536 process_node=0.9839)  | val: flow_node: macro-F1=0.3312 acc=0.9837+maj=0.5214 n=64248 | process_node: macro-F1=0.0647 acc=0.2595+maj=0.1985 n=131  avg_val_macro_f1=0.1979
[L3] epoch  24/200  L_total=1.0346  (flow_node=0.0525 process_node=0.9820)  | val: flow_node: macro-F1=0.3460 acc=0.9839+maj=0.5214 n=64248 | process_node: macro-F1=0.0647 acc=0.2595+maj=0.1985 n=131  avg_val_macro_f1=0.2054
[L3] epoch  25/200  L_total=1.0279  (flow_node=0.0500 process_node=0.9778)  | val: flow_node: macro-F1=0.3977 acc=0.9854+maj=0.5214 n=64248 | process_node: macro-F1=0.0647 acc=0.2595+maj=0.1985 n=131  avg_val_macro_f1=0.2312
[L3] epoch  26/200  L_total=1.0251  (flow_node=0.0475 process_node=0.9775)  | val: flow_node: macro-F1=0.3366 acc=0.9834+maj=0.5214 n=64248 | process_node: macro-F1=0.0647 acc=0.2595+maj=0.1985 n=131  avg_val_macro_f1=0.2006
[L3] epoch  27/200  L_total=1.0231  (flow_node=0.0463 process_node=0.9768)  | val: flow_node: macro-F1=0.3183 acc=0.9828+maj=0.5214 n=64248 | process_node: macro-F1=0.0538 acc=0.2290+maj=0.1985 n=131  avg_val_macro_f1=0.1861
[L3] epoch  28/200  L_total=1.0184  (flow_node=0.0445 process_node=0.9739)  | val: flow_node: macro-F1=0.3168 acc=0.9829+maj=0.5214 n=64248 | process_node: macro-F1=0.0538 acc=0.2290+maj=0.1985 n=131  avg_val_macro_f1=0.1853
[L3] epoch  29/200  L_total=1.0157  (flow_node=0.0428 process_node=0.9729)  | val: flow_node: macro-F1=0.3161 acc=0.9829+maj=0.5214 n=64248 | process_node: macro-F1=0.0538 acc=0.2290+maj=0.1985 n=131  avg_val_macro_f1=0.1850
[L3] epoch  30/200  L_total=1.0120  (flow_node=0.0420 process_node=0.9700)  | val: flow_node: macro-F1=0.3174 acc=0.9830+maj=0.5214 n=64248 | process_node: macro-F1=0.0538 acc=0.2290+maj=0.1985 n=131  avg_val_macro_f1=0.1856
[L3] epoch  31/200  L_total=1.0112  (flow_node=0.0407 process_node=0.9705)  | val: flow_node: macro-F1=0.3176 acc=0.9830+maj=0.5214 n=64248 | process_node: macro-F1=0.0647 acc=0.2595+maj=0.1985 n=131  avg_val_macro_f1=0.1911
[L3] epoch  32/200  L_total=1.0073  (flow_node=0.0404 process_node=0.9668)  | val: flow_node: macro-F1=0.3179 acc=0.9830+maj=0.5214 n=64248 | process_node: macro-F1=0.0647 acc=0.2595+maj=0.1985 n=131  avg_val_macro_f1=0.1913
[L3] epoch  33/200  L_total=1.0070  (flow_node=0.0390 process_node=0.9680)  | val: flow_node: macro-F1=0.3182 acc=0.9831+maj=0.5214 n=64248 | process_node: macro-F1=0.0647 acc=0.2595+maj=0.1985 n=131  avg_val_macro_f1=0.1914
[L3] epoch  34/200  L_total=1.0021  (flow_node=0.0384 process_node=0.9637)  | val: flow_node: macro-F1=0.3185 acc=0.9831+maj=0.5214 n=64248 | process_node: macro-F1=0.0640 acc=0.2595+maj=0.1985 n=131  avg_val_macro_f1=0.1912
[L3] epoch  35/200  L_total=1.0012  (flow_node=0.0370 process_node=0.9642)  | val: flow_node: macro-F1=0.3171 acc=0.9831+maj=0.5214 n=64248 | process_node: macro-F1=0.0640 acc=0.2595+maj=0.1985 n=131  avg_val_macro_f1=0.1905
[L3] epoch  36/200  L_total=1.0010  (flow_node=0.0373 process_node=0.9637)  | val: flow_node: macro-F1=0.3175 acc=0.9831+maj=0.5214 n=64248 | process_node: macro-F1=0.0631 acc=0.2595+maj=0.1985 n=131  avg_val_macro_f1=0.1903
[L3] epoch  37/200  L_total=0.9969  (flow_node=0.0361 process_node=0.9608)  | val: flow_node: macro-F1=0.3216 acc=0.9831+maj=0.5214 n=64248 | process_node: macro-F1=0.0626 acc=0.2595+maj=0.1985 n=131  avg_val_macro_f1=0.1921
[L3] epoch  38/200  L_total=0.9938  (flow_node=0.0354 process_node=0.9585)  | val: flow_node: macro-F1=0.3223 acc=0.9830+maj=0.5214 n=64248 | process_node: macro-F1=0.0626 acc=0.2595+maj=0.1985 n=131  avg_val_macro_f1=0.1925
[L3] epoch  39/200  L_total=0.9940  (flow_node=0.0348 process_node=0.9592)  | val: flow_node: macro-F1=0.3412 acc=0.9836+maj=0.5214 n=64248 | process_node: macro-F1=0.0622 acc=0.2595+maj=0.1985 n=131  avg_val_macro_f1=0.2017
[L3] epoch  40/200  L_total=0.9925  (flow_node=0.0342 process_node=0.9582)  | val: flow_node: macro-F1=0.3500 acc=0.9839+maj=0.5214 n=64248 | process_node: macro-F1=0.0641 acc=0.2672+maj=0.1985 n=131  avg_val_macro_f1=0.2071
[L3] epoch  41/200  L_total=0.9895  (flow_node=0.0342 process_node=0.9553)  | val: flow_node: macro-F1=0.4107 acc=0.9860+maj=0.5214 n=64248 | process_node: macro-F1=0.0641 acc=0.2672+maj=0.1985 n=131  avg_val_macro_f1=0.2374
[L3] epoch  42/200  L_total=0.9882  (flow_node=0.0330 process_node=0.9552)  | val: flow_node: macro-F1=0.4168 acc=0.9864+maj=0.5214 n=64248 | process_node: macro-F1=0.0607 acc=0.2519+maj=0.1985 n=131  avg_val_macro_f1=0.2387
[L3] epoch  43/200  L_total=0.9874  (flow_node=0.0325 process_node=0.9550)  | val: flow_node: macro-F1=0.4164 acc=0.9864+maj=0.5214 n=64248 | process_node: macro-F1=0.0607 acc=0.2519+maj=0.1985 n=131  avg_val_macro_f1=0.2386
[L3] epoch  44/200  L_total=0.9848  (flow_node=0.0323 process_node=0.9525)  | val: flow_node: macro-F1=0.4235 acc=0.9869+maj=0.5214 n=64248 | process_node: macro-F1=0.0605 acc=0.2519+maj=0.1985 n=131  avg_val_macro_f1=0.2420
[L3] epoch  45/200  L_total=0.9843  (flow_node=0.0320 process_node=0.9523)  | val: flow_node: macro-F1=0.4242 acc=0.9869+maj=0.5214 n=64248 | process_node: macro-F1=0.0587 acc=0.2443+maj=0.1985 n=131  avg_val_macro_f1=0.2414
[L3] epoch  46/200  L_total=0.9833  (flow_node=0.0320 process_node=0.9513)  | val: flow_node: macro-F1=0.4236 acc=0.9869+maj=0.5214 n=64248 | process_node: macro-F1=0.0587 acc=0.2443+maj=0.1985 n=131  avg_val_macro_f1=0.2411
[L3] epoch  47/200  L_total=0.9798  (flow_node=0.0307 process_node=0.9492)  | val: flow_node: macro-F1=0.4239 acc=0.9869+maj=0.5214 n=64248 | process_node: macro-F1=0.0606 acc=0.2519+maj=0.1985 n=131  avg_val_macro_f1=0.2422
[L3] epoch  48/200  L_total=0.9787  (flow_node=0.0309 process_node=0.9478)  | val: flow_node: macro-F1=0.3815 acc=0.9855+maj=0.5214 n=64248 | process_node: macro-F1=0.0606 acc=0.2519+maj=0.1985 n=131  avg_val_macro_f1=0.2211
[L3] epoch  49/200  L_total=0.9789  (flow_node=0.0306 process_node=0.9483)  | val: flow_node: macro-F1=0.3827 acc=0.9855+maj=0.5214 n=64248 | process_node: macro-F1=0.0606 acc=0.2519+maj=0.1985 n=131  avg_val_macro_f1=0.2216
[L3] epoch  50/200  L_total=0.9761  (flow_node=0.0298 process_node=0.9462)  | val: flow_node: macro-F1=0.3834 acc=0.9856+maj=0.5214 n=64248 | process_node: macro-F1=0.0606 acc=0.2519+maj=0.1985 n=131  avg_val_macro_f1=0.2220
[L3] epoch  51/200  L_total=0.9709  (flow_node=0.0302 process_node=0.9407)  | val: flow_node: macro-F1=0.3811 acc=0.9855+maj=0.5214 n=64248 | process_node: macro-F1=0.0587 acc=0.2443+maj=0.1985 n=131  avg_val_macro_f1=0.2199
[L3] epoch  52/200  L_total=0.9710  (flow_node=0.0293 process_node=0.9416)  | val: flow_node: macro-F1=0.3812 acc=0.9856+maj=0.5214 n=64248 | process_node: macro-F1=0.0587 acc=0.2443+maj=0.1985 n=131  avg_val_macro_f1=0.2199
[L3] epoch  53/200  L_total=0.9698  (flow_node=0.0292 process_node=0.9406)  | val: flow_node: macro-F1=0.3790 acc=0.9856+maj=0.5214 n=64248 | process_node: macro-F1=0.0587 acc=0.2443+maj=0.1985 n=131  avg_val_macro_f1=0.2188
[L3] epoch  54/200  L_total=0.9672  (flow_node=0.0290 process_node=0.9383)  | val: flow_node: macro-F1=0.3805 acc=0.9857+maj=0.5214 n=64248 | process_node: macro-F1=0.0588 acc=0.2443+maj=0.1985 n=131  avg_val_macro_f1=0.2197
[L3] epoch  55/200  L_total=0.9675  (flow_node=0.0286 process_node=0.9390)  | val: flow_node: macro-F1=0.3807 acc=0.9857+maj=0.5214 n=64248 | process_node: macro-F1=0.0588 acc=0.2443+maj=0.1985 n=131  avg_val_macro_f1=0.2197
[L3] epoch  56/200  L_total=0.9629  (flow_node=0.0282 process_node=0.9347)  | val: flow_node: macro-F1=0.3806 acc=0.9857+maj=0.5214 n=64248 | process_node: macro-F1=0.0588 acc=0.2443+maj=0.1985 n=131  avg_val_macro_f1=0.2197
[L3] epoch  57/200  L_total=0.9629  (flow_node=0.0282 process_node=0.9348)  | val: flow_node: macro-F1=0.3806 acc=0.9857+maj=0.5214 n=64248 | process_node: macro-F1=0.0589 acc=0.2443+maj=0.1985 n=131  avg_val_macro_f1=0.2197
[L3] epoch  58/200  L_total=0.9595  (flow_node=0.0282 process_node=0.9313)  | val: flow_node: macro-F1=0.3803 acc=0.9857+maj=0.5214 n=64248 | process_node: macro-F1=0.0588 acc=0.2443+maj=0.1985 n=131  avg_val_macro_f1=0.2196
[L3] epoch  59/200  L_total=0.9566  (flow_node=0.0280 process_node=0.9285)  | val: flow_node: macro-F1=0.3804 acc=0.9857+maj=0.5214 n=64248 | process_node: macro-F1=0.0588 acc=0.2443+maj=0.1985 n=131  avg_val_macro_f1=0.2196
[L3] epoch  60/200  L_total=0.9567  (flow_node=0.0277 process_node=0.9290)  | val: flow_node: macro-F1=0.3852 acc=0.9859+maj=0.5214 n=64248 | process_node: macro-F1=0.0629 acc=0.2595+maj=0.1985 n=131  avg_val_macro_f1=0.2241
[L3] epoch  61/200  L_total=0.9513  (flow_node=0.0276 process_node=0.9236)  | val: flow_node: macro-F1=0.3852 acc=0.9859+maj=0.5214 n=64248 | process_node: macro-F1=0.0629 acc=0.2595+maj=0.1985 n=131  avg_val_macro_f1=0.2241
[L3] epoch  62/200  L_total=0.9513  (flow_node=0.0273 process_node=0.9240)  | val: flow_node: macro-F1=0.3853 acc=0.9858+maj=0.5214 n=64248 | process_node: macro-F1=0.0629 acc=0.2595+maj=0.1985 n=131  avg_val_macro_f1=0.2241
[L3] epoch  63/200  L_total=0.9513  (flow_node=0.0274 process_node=0.9239)  | val: flow_node: macro-F1=0.3854 acc=0.9858+maj=0.5214 n=64248 | process_node: macro-F1=0.0629 acc=0.2595+maj=0.1985 n=131  avg_val_macro_f1=0.2241
[L3] epoch  64/200  L_total=0.9459  (flow_node=0.0267 process_node=0.9192)  | val: flow_node: macro-F1=0.3856 acc=0.9858+maj=0.5214 n=64248 | process_node: macro-F1=0.0629 acc=0.2595+maj=0.1985 n=131  avg_val_macro_f1=0.2243
[L3] epoch  65/200  L_total=0.9458  (flow_node=0.0270 process_node=0.9188)  | val: flow_node: macro-F1=0.3857 acc=0.9858+maj=0.5214 n=64248 | process_node: macro-F1=0.0629 acc=0.2595+maj=0.1985 n=131  avg_val_macro_f1=0.2243
[L3] epoch  66/200  L_total=0.9422  (flow_node=0.0268 process_node=0.9155)  | val: flow_node: macro-F1=0.3864 acc=0.9859+maj=0.5214 n=64248 | process_node: macro-F1=0.0613 acc=0.2519+maj=0.1985 n=131  avg_val_macro_f1=0.2238
[L3] epoch  67/200  L_total=0.9420  (flow_node=0.0265 process_node=0.9154)  | val: flow_node: macro-F1=0.3870 acc=0.9859+maj=0.5214 n=64248 | process_node: macro-F1=0.0613 acc=0.2519+maj=0.1985 n=131  avg_val_macro_f1=0.2242
[L3] epoch  68/200  L_total=0.9370  (flow_node=0.0261 process_node=0.9109)  | val: flow_node: macro-F1=0.3869 acc=0.9859+maj=0.5214 n=64248 | process_node: macro-F1=0.0613 acc=0.2519+maj=0.1985 n=131  avg_val_macro_f1=0.2241
[L3] epoch  69/200  L_total=0.9374  (flow_node=0.0264 process_node=0.9110)  | val: flow_node: macro-F1=0.3871 acc=0.9859+maj=0.5214 n=64248 | process_node: macro-F1=0.0613 acc=0.2519+maj=0.1985 n=131  avg_val_macro_f1=0.2242
[L3] epoch  70/200  L_total=0.9352  (flow_node=0.0262 process_node=0.9090)  | val: flow_node: macro-F1=0.3876 acc=0.9859+maj=0.5214 n=64248 | process_node: macro-F1=0.0613 acc=0.2519+maj=0.1985 n=131  avg_val_macro_f1=0.2244
[L3] epoch  71/200  L_total=0.9353  (flow_node=0.0262 process_node=0.9092)  | val: flow_node: macro-F1=0.3875 acc=0.9859+maj=0.5214 n=64248 | process_node: macro-F1=0.0611 acc=0.2519+maj=0.1985 n=131  avg_val_macro_f1=0.2243
[L3] epoch  72/200  L_total=0.9347  (flow_node=0.0260 process_node=0.9087)  | val: flow_node: macro-F1=0.3876 acc=0.9859+maj=0.5214 n=64248 | process_node: macro-F1=0.0611 acc=0.2519+maj=0.1985 n=131  avg_val_macro_f1=0.2243
[L3] epoch  73/200  L_total=0.9319  (flow_node=0.0262 process_node=0.9058)  | val: flow_node: macro-F1=0.3873 acc=0.9860+maj=0.5214 n=64248 | process_node: macro-F1=0.0611 acc=0.2519+maj=0.1985 n=131  avg_val_macro_f1=0.2242
[L3] epoch  74/200  L_total=0.9300  (flow_node=0.0259 process_node=0.9041)  | val: flow_node: macro-F1=0.3875 acc=0.9860+maj=0.5214 n=64248 | process_node: macro-F1=0.0611 acc=0.2519+maj=0.1985 n=131  avg_val_macro_f1=0.2243
[L3] epoch  75/200  L_total=0.9265  (flow_node=0.0256 process_node=0.9009)  | val: flow_node: macro-F1=0.3874 acc=0.9860+maj=0.5214 n=64248 | process_node: macro-F1=0.0611 acc=0.2519+maj=0.1985 n=131  avg_val_macro_f1=0.2242
[L3] epoch  76/200  L_total=0.9307  (flow_node=0.0257 process_node=0.9050)  | val: flow_node: macro-F1=0.3876 acc=0.9860+maj=0.5214 n=64248 | process_node: macro-F1=0.0612 acc=0.2519+maj=0.1985 n=131  avg_val_macro_f1=0.2244
[L3] epoch  77/200  L_total=0.9272  (flow_node=0.0254 process_node=0.9018)  | val: flow_node: macro-F1=0.3874 acc=0.9860+maj=0.5214 n=64248 | process_node: macro-F1=0.0651 acc=0.2672+maj=0.1985 n=131  avg_val_macro_f1=0.2263
[L3] epoch  78/200  L_total=0.9231  (flow_node=0.0252 process_node=0.8978)  | val: flow_node: macro-F1=0.3874 acc=0.9860+maj=0.5214 n=64248 | process_node: macro-F1=0.0651 acc=0.2672+maj=0.1985 n=131  avg_val_macro_f1=0.2263
[L3] epoch  79/200  L_total=0.9221  (flow_node=0.0250 process_node=0.8971)  | val: flow_node: macro-F1=0.3883 acc=0.9860+maj=0.5214 n=64248 | process_node: macro-F1=0.0651 acc=0.2672+maj=0.1985 n=131  avg_val_macro_f1=0.2267
[L3] epoch  80/200  L_total=0.9254  (flow_node=0.0251 process_node=0.9003)  | val: flow_node: macro-F1=0.3879 acc=0.9860+maj=0.5214 n=64248 | process_node: macro-F1=0.0651 acc=0.2672+maj=0.1985 n=131  avg_val_macro_f1=0.2265
[L3] epoch  81/200  L_total=0.9190  (flow_node=0.0249 process_node=0.8940)  | val: flow_node: macro-F1=0.3879 acc=0.9860+maj=0.5214 n=64248 | process_node: macro-F1=0.0593 acc=0.2443+maj=0.1985 n=131  avg_val_macro_f1=0.2236
[L3] epoch  82/200  L_total=0.9182  (flow_node=0.0251 process_node=0.8932)  | val: flow_node: macro-F1=0.3877 acc=0.9860+maj=0.5214 n=64248 | process_node: macro-F1=0.0593 acc=0.2443+maj=0.1985 n=131  avg_val_macro_f1=0.2235
[L3] epoch  83/200  L_total=0.9190  (flow_node=0.0246 process_node=0.8944)  | val: flow_node: macro-F1=0.3879 acc=0.9860+maj=0.5214 n=64248 | process_node: macro-F1=0.0593 acc=0.2443+maj=0.1985 n=131  avg_val_macro_f1=0.2236
[L3] epoch  84/200  L_total=0.9186  (flow_node=0.0243 process_node=0.8943)  | val: flow_node: macro-F1=0.3877 acc=0.9860+maj=0.5214 n=64248 | process_node: macro-F1=0.0596 acc=0.2443+maj=0.1985 n=131  avg_val_macro_f1=0.2236
[L3] epoch  85/200  L_total=0.9167  (flow_node=0.0245 process_node=0.8922)  | val: flow_node: macro-F1=0.3877 acc=0.9860+maj=0.5214 n=64248 | process_node: macro-F1=0.0596 acc=0.2443+maj=0.1985 n=131  avg_val_macro_f1=0.2236
[L3] epoch  86/200  L_total=0.9156  (flow_node=0.0242 process_node=0.8915)  | val: flow_node: macro-F1=0.3877 acc=0.9860+maj=0.5214 n=64248 | process_node: macro-F1=0.0596 acc=0.2443+maj=0.1985 n=131  avg_val_macro_f1=0.2236
[L3] epoch  87/200  L_total=0.9154  (flow_node=0.0241 process_node=0.8913)  | val: flow_node: macro-F1=0.3876 acc=0.9860+maj=0.5214 n=64248 | process_node: macro-F1=0.0596 acc=0.2443+maj=0.1985 n=131  avg_val_macro_f1=0.2236
[L3] epoch  88/200  L_total=0.9124  (flow_node=0.0244 process_node=0.8880)  | val: flow_node: macro-F1=0.3876 acc=0.9860+maj=0.5214 n=64248 | process_node: macro-F1=0.0596 acc=0.2443+maj=0.1985 n=131  avg_val_macro_f1=0.2236
[L3] epoch  89/200  L_total=0.9145  (flow_node=0.0247 process_node=0.8898)  | val: flow_node: macro-F1=0.3877 acc=0.9860+maj=0.5214 n=64248 | process_node: macro-F1=0.0597 acc=0.2443+maj=0.1985 n=131  avg_val_macro_f1=0.2237
[L3] epoch  90/200  L_total=0.9171  (flow_node=0.0242 process_node=0.8930)  | val: flow_node: macro-F1=0.3877 acc=0.9860+maj=0.5214 n=64248 | process_node: macro-F1=0.0619 acc=0.2519+maj=0.1985 n=131  avg_val_macro_f1=0.2248
[L3] epoch  91/200  L_total=0.9138  (flow_node=0.0242 process_node=0.8896)  | val: flow_node: macro-F1=0.3877 acc=0.9860+maj=0.5214 n=64248 | process_node: macro-F1=0.0622 acc=0.2519+maj=0.1985 n=131  avg_val_macro_f1=0.2250
[L3] epoch  92/200  L_total=0.9113  (flow_node=0.0240 process_node=0.8873)  | val: flow_node: macro-F1=0.3877 acc=0.9860+maj=0.5214 n=64248 | process_node: macro-F1=0.0622 acc=0.2519+maj=0.1985 n=131  avg_val_macro_f1=0.2250
[L3] epoch  93/200  L_total=0.9112  (flow_node=0.0240 process_node=0.8872)  | val: flow_node: macro-F1=0.3876 acc=0.9860+maj=0.5214 n=64248 | process_node: macro-F1=0.0622 acc=0.2519+maj=0.1985 n=131  avg_val_macro_f1=0.2249
[L3] epoch  94/200  L_total=0.9096  (flow_node=0.0241 process_node=0.8855)  | val: flow_node: macro-F1=0.3869 acc=0.9860+maj=0.5214 n=64248 | process_node: macro-F1=0.0622 acc=0.2519+maj=0.1985 n=131  avg_val_macro_f1=0.2246
[L3] epoch  95/200  L_total=0.9065  (flow_node=0.0236 process_node=0.8829)  | val: flow_node: macro-F1=0.3852 acc=0.9859+maj=0.5214 n=64248 | process_node: macro-F1=0.0756 acc=0.2595+maj=0.1985 n=131  avg_val_macro_f1=0.2304
[L3] epoch  96/200  L_total=0.9093  (flow_node=0.0239 process_node=0.8854)  | val: flow_node: macro-F1=0.3852 acc=0.9859+maj=0.5214 n=64248 | process_node: macro-F1=0.0756 acc=0.2595+maj=0.1985 n=131  avg_val_macro_f1=0.2304
[L3] epoch  97/200  L_total=0.9091  (flow_node=0.0241 process_node=0.8850)  | val: flow_node: macro-F1=0.3869 acc=0.9860+maj=0.5214 n=64248 | process_node: macro-F1=0.0749 acc=0.2595+maj=0.1985 n=131  avg_val_macro_f1=0.2309
[L3] epoch  98/200  L_total=0.9046  (flow_node=0.0237 process_node=0.8809)  | val: flow_node: macro-F1=0.3877 acc=0.9860+maj=0.5214 n=64248 | process_node: macro-F1=0.0749 acc=0.2595+maj=0.1985 n=131  avg_val_macro_f1=0.2313
[L3] epoch  99/200  L_total=0.9055  (flow_node=0.0240 process_node=0.8815)  | val: flow_node: macro-F1=0.3891 acc=0.9860+maj=0.5214 n=64248 | process_node: macro-F1=0.0744 acc=0.2595+maj=0.1985 n=131  avg_val_macro_f1=0.2318
[L3] epoch 100/200  L_total=0.9048  (flow_node=0.0233 process_node=0.8816)  | val: flow_node: macro-F1=0.4236 acc=0.9871+maj=0.5214 n=64248 | process_node: macro-F1=0.0744 acc=0.2595+maj=0.1985 n=131  avg_val_macro_f1=0.2490
[L3] epoch 101/200  L_total=0.9063  (flow_node=0.0233 process_node=0.8830)  | val: flow_node: macro-F1=0.4321 acc=0.9875+maj=0.5214 n=64248 | process_node: macro-F1=0.0741 acc=0.2595+maj=0.1985 n=131  avg_val_macro_f1=0.2531
[L3] epoch 102/200  L_total=0.9064  (flow_node=0.0237 process_node=0.8827)  | val: flow_node: macro-F1=0.4325 acc=0.9875+maj=0.5214 n=64248 | process_node: macro-F1=0.0741 acc=0.2595+maj=0.1985 n=131  avg_val_macro_f1=0.2533
[L3] epoch 103/200  L_total=0.9039  (flow_node=0.0234 process_node=0.8805)  | val: flow_node: macro-F1=0.4325 acc=0.9875+maj=0.5214 n=64248 | process_node: macro-F1=0.0741 acc=0.2595+maj=0.1985 n=131  avg_val_macro_f1=0.2533
[L3] epoch 104/200  L_total=0.9038  (flow_node=0.0232 process_node=0.8806)  | val: flow_node: macro-F1=0.4253 acc=0.9872+maj=0.5214 n=64248 | process_node: macro-F1=0.0741 acc=0.2595+maj=0.1985 n=131  avg_val_macro_f1=0.2497
[L3] epoch 105/200  L_total=0.9052  (flow_node=0.0236 process_node=0.8816)  | val: flow_node: macro-F1=0.4214 acc=0.9871+maj=0.5214 n=64248 | process_node: macro-F1=0.0741 acc=0.2595+maj=0.1985 n=131  avg_val_macro_f1=0.2478
[L3] epoch 106/200  L_total=0.9043  (flow_node=0.0231 process_node=0.8813)  | val: flow_node: macro-F1=0.3919 acc=0.9861+maj=0.5214 n=64248 | process_node: macro-F1=0.0741 acc=0.2595+maj=0.1985 n=131  avg_val_macro_f1=0.2330
[L3] epoch 107/200  L_total=0.9054  (flow_node=0.0229 process_node=0.8825)  | val: flow_node: macro-F1=0.3861 acc=0.9860+maj=0.5214 n=64248 | process_node: macro-F1=0.0741 acc=0.2595+maj=0.1985 n=131  avg_val_macro_f1=0.2301
[L3] epoch 108/200  L_total=0.9044  (flow_node=0.0230 process_node=0.8814)  | val: flow_node: macro-F1=0.3849 acc=0.9859+maj=0.5214 n=64248 | process_node: macro-F1=0.0741 acc=0.2595+maj=0.1985 n=131  avg_val_macro_f1=0.2295
[L3] epoch 109/200  L_total=0.8997  (flow_node=0.0233 process_node=0.8764)  | val: flow_node: macro-F1=0.3851 acc=0.9859+maj=0.5214 n=64248 | process_node: macro-F1=0.0737 acc=0.2595+maj=0.1985 n=131  avg_val_macro_f1=0.2294
[L3] epoch 110/200  L_total=0.9028  (flow_node=0.0227 process_node=0.8801)  | val: flow_node: macro-F1=0.3851 acc=0.9859+maj=0.5214 n=64248 | process_node: macro-F1=0.0737 acc=0.2595+maj=0.1985 n=131  avg_val_macro_f1=0.2294
[L3] epoch 111/200  L_total=0.9066  (flow_node=0.0231 process_node=0.8835)  | val: flow_node: macro-F1=0.3852 acc=0.9859+maj=0.5214 n=64248 | process_node: macro-F1=0.0737 acc=0.2595+maj=0.1985 n=131  avg_val_macro_f1=0.2295
[L3] epoch 112/200  L_total=0.9059  (flow_node=0.0228 process_node=0.8831)  | val: flow_node: macro-F1=0.3855 acc=0.9859+maj=0.5214 n=64248 | process_node: macro-F1=0.0737 acc=0.2595+maj=0.1985 n=131  avg_val_macro_f1=0.2296
[L3] epoch 113/200  L_total=0.9019  (flow_node=0.0227 process_node=0.8792)  | val: flow_node: macro-F1=0.4080 acc=0.9866+maj=0.5214 n=64248 | process_node: macro-F1=0.0757 acc=0.2672+maj=0.1985 n=131  avg_val_macro_f1=0.2418
[L3] epoch 114/200  L_total=0.9035  (flow_node=0.0230 process_node=0.8805)  | val: flow_node: macro-F1=0.4177 acc=0.9869+maj=0.5214 n=64248 | process_node: macro-F1=0.0757 acc=0.2672+maj=0.1985 n=131  avg_val_macro_f1=0.2467
[L3] epoch 115/200  L_total=0.9018  (flow_node=0.0227 process_node=0.8791)  | val: flow_node: macro-F1=0.3953 acc=0.9862+maj=0.5214 n=64248 | process_node: macro-F1=0.0757 acc=0.2672+maj=0.1985 n=131  avg_val_macro_f1=0.2355
[L3] epoch 116/200  L_total=0.8994  (flow_node=0.0229 process_node=0.8765)  | val: flow_node: macro-F1=0.3852 acc=0.9859+maj=0.5214 n=64248 | process_node: macro-F1=0.0757 acc=0.2672+maj=0.1985 n=131  avg_val_macro_f1=0.2305
[L3] epoch 117/200  L_total=0.8962  (flow_node=0.0225 process_node=0.8737)  | val: flow_node: macro-F1=0.3848 acc=0.9859+maj=0.5214 n=64248 | process_node: macro-F1=0.0757 acc=0.2672+maj=0.1985 n=131  avg_val_macro_f1=0.2303
[L3] epoch 118/200  L_total=0.9014  (flow_node=0.0228 process_node=0.8785)  | val: flow_node: macro-F1=0.3841 acc=0.9859+maj=0.5214 n=64248 | process_node: macro-F1=0.0757 acc=0.2672+maj=0.1985 n=131  avg_val_macro_f1=0.2299
[L3] epoch 119/200  L_total=0.8998  (flow_node=0.0227 process_node=0.8772)  | val: flow_node: macro-F1=0.3842 acc=0.9859+maj=0.5214 n=64248 | process_node: macro-F1=0.0757 acc=0.2672+maj=0.1985 n=131  avg_val_macro_f1=0.2300
[L3] epoch 120/200  L_total=0.9014  (flow_node=0.0224 process_node=0.8791)  | val: flow_node: macro-F1=0.3843 acc=0.9859+maj=0.5214 n=64248 | process_node: macro-F1=0.0757 acc=0.2672+maj=0.1985 n=131  avg_val_macro_f1=0.2300
[L3] epoch 121/200  L_total=0.9028  (flow_node=0.0226 process_node=0.8802)  | val: flow_node: macro-F1=0.3850 acc=0.9859+maj=0.5214 n=64248 | process_node: macro-F1=0.0715 acc=0.2519+maj=0.1985 n=131  avg_val_macro_f1=0.2282
[L3] epoch 122/200  L_total=0.8998  (flow_node=0.0223 process_node=0.8775)  | val: flow_node: macro-F1=0.4163 acc=0.9869+maj=0.5214 n=64248 | process_node: macro-F1=0.0715 acc=0.2519+maj=0.1985 n=131  avg_val_macro_f1=0.2439
[L3] epoch 123/200  L_total=0.8995  (flow_node=0.0228 process_node=0.8767)  | val: flow_node: macro-F1=0.4259 acc=0.9872+maj=0.5214 n=64248 | process_node: macro-F1=0.0715 acc=0.2519+maj=0.1985 n=131  avg_val_macro_f1=0.2487
[L3] epoch 124/200  L_total=0.8972  (flow_node=0.0222 process_node=0.8749)  | val: flow_node: macro-F1=0.4292 acc=0.9873+maj=0.5214 n=64248 | process_node: macro-F1=0.0715 acc=0.2519+maj=0.1985 n=131  avg_val_macro_f1=0.2503
[L3] epoch 125/200  L_total=0.8980  (flow_node=0.0223 process_node=0.8757)  | val: flow_node: macro-F1=0.4275 acc=0.9873+maj=0.5214 n=64248 | process_node: macro-F1=0.0714 acc=0.2519+maj=0.1985 n=131  avg_val_macro_f1=0.2494
[L3] epoch 126/200  L_total=0.8943  (flow_node=0.0224 process_node=0.8719)  | val: flow_node: macro-F1=0.4262 acc=0.9872+maj=0.5214 n=64248 | process_node: macro-F1=0.0714 acc=0.2519+maj=0.1985 n=131  avg_val_macro_f1=0.2488
[L3] epoch 127/200  L_total=0.8980  (flow_node=0.0221 process_node=0.8760)  | val: flow_node: macro-F1=0.4280 acc=0.9873+maj=0.5214 n=64248 | process_node: macro-F1=0.0756 acc=0.2672+maj=0.1985 n=131  avg_val_macro_f1=0.2518
[L3] epoch 128/200  L_total=0.8962  (flow_node=0.0222 process_node=0.8740)  | val: flow_node: macro-F1=0.4259 acc=0.9872+maj=0.5214 n=64248 | process_node: macro-F1=0.0756 acc=0.2672+maj=0.1985 n=131  avg_val_macro_f1=0.2508
[L3] epoch 129/200  L_total=0.8954  (flow_node=0.0220 process_node=0.8734)  | val: flow_node: macro-F1=0.4179 acc=0.9869+maj=0.5214 n=64248 | process_node: macro-F1=0.0756 acc=0.2672+maj=0.1985 n=131  avg_val_macro_f1=0.2468
[L3] epoch 130/200  L_total=0.8953  (flow_node=0.0223 process_node=0.8730)  | val: flow_node: macro-F1=0.4049 acc=0.9865+maj=0.5214 n=64248 | process_node: macro-F1=0.0714 acc=0.2519+maj=0.1985 n=131  avg_val_macro_f1=0.2382
[L3] epoch 131/200  L_total=0.8976  (flow_node=0.0220 process_node=0.8756)  | val: flow_node: macro-F1=0.3872 acc=0.9860+maj=0.5214 n=64248 | process_node: macro-F1=0.0714 acc=0.2519+maj=0.1985 n=131  avg_val_macro_f1=0.2293
[L3] epoch 132/200  L_total=0.8915  (flow_node=0.0218 process_node=0.8698)  | val: flow_node: macro-F1=0.3837 acc=0.9859+maj=0.5214 n=64248 | process_node: macro-F1=0.0714 acc=0.2519+maj=0.1985 n=131  avg_val_macro_f1=0.2275
[L3] epoch 133/200  L_total=0.8945  (flow_node=0.0220 process_node=0.8725)  | val: flow_node: macro-F1=0.3857 acc=0.9859+maj=0.5214 n=64248 | process_node: macro-F1=0.0715 acc=0.2519+maj=0.1985 n=131  avg_val_macro_f1=0.2286
[L3] epoch 134/200  L_total=0.8908  (flow_node=0.0216 process_node=0.8692)  | val: flow_node: macro-F1=0.4113 acc=0.9867+maj=0.5214 n=64248 | process_node: macro-F1=0.0715 acc=0.2519+maj=0.1985 n=131  avg_val_macro_f1=0.2414
[L3] epoch 135/200  L_total=0.8942  (flow_node=0.0220 process_node=0.8723)  | val: flow_node: macro-F1=0.4182 acc=0.9869+maj=0.5214 n=64248 | process_node: macro-F1=0.0718 acc=0.2519+maj=0.1985 n=131  avg_val_macro_f1=0.2450
[L3] epoch 136/200  L_total=0.8957  (flow_node=0.0217 process_node=0.8740)  | val: flow_node: macro-F1=0.4266 acc=0.9872+maj=0.5214 n=64248 | process_node: macro-F1=0.0717 acc=0.2519+maj=0.1985 n=131  avg_val_macro_f1=0.2492
[L3] epoch 137/200  L_total=0.8948  (flow_node=0.0217 process_node=0.8731)  | val: flow_node: macro-F1=0.4261 acc=0.9872+maj=0.5214 n=64248 | process_node: macro-F1=0.0717 acc=0.2519+maj=0.1985 n=131  avg_val_macro_f1=0.2489
[L3] epoch 138/200  L_total=0.8946  (flow_node=0.0221 process_node=0.8725)  | val: flow_node: macro-F1=0.4247 acc=0.9872+maj=0.5214 n=64248 | process_node: macro-F1=0.0717 acc=0.2519+maj=0.1985 n=131  avg_val_macro_f1=0.2482
[L3] epoch 139/200  L_total=0.8919  (flow_node=0.0219 process_node=0.8700)  | val: flow_node: macro-F1=0.4234 acc=0.9871+maj=0.5214 n=64248 | process_node: macro-F1=0.0717 acc=0.2519+maj=0.1985 n=131  avg_val_macro_f1=0.2476
[L3] epoch 140/200  L_total=0.8970  (flow_node=0.0216 process_node=0.8754)  | val: flow_node: macro-F1=0.4233 acc=0.9871+maj=0.5214 n=64248 | process_node: macro-F1=0.0727 acc=0.2519+maj=0.1985 n=131  avg_val_macro_f1=0.2480
[L3] epoch 141/200  L_total=0.8933  (flow_node=0.0217 process_node=0.8715)  | val: flow_node: macro-F1=0.4279 acc=0.9873+maj=0.5214 n=64248 | process_node: macro-F1=0.0876 acc=0.2595+maj=0.1985 n=131  avg_val_macro_f1=0.2578
[L3] epoch 142/200  L_total=0.8951  (flow_node=0.0215 process_node=0.8736)  | val: flow_node: macro-F1=0.4169 acc=0.9869+maj=0.5214 n=64248 | process_node: macro-F1=0.0961 acc=0.2748+maj=0.1985 n=131  avg_val_macro_f1=0.2565
[L3] epoch 143/200  L_total=0.8930  (flow_node=0.0217 process_node=0.8714)  | val: flow_node: macro-F1=0.4128 acc=0.9868+maj=0.5214 n=64248 | process_node: macro-F1=0.0960 acc=0.2748+maj=0.1985 n=131  avg_val_macro_f1=0.2544
[L3] epoch 144/200  L_total=0.8939  (flow_node=0.0215 process_node=0.8724)  | val: flow_node: macro-F1=0.4090 acc=0.9866+maj=0.5214 n=64248 | process_node: macro-F1=0.0876 acc=0.2595+maj=0.1985 n=131  avg_val_macro_f1=0.2483
[L3] epoch 145/200  L_total=0.8910  (flow_node=0.0218 process_node=0.8692)  | val: flow_node: macro-F1=0.4187 acc=0.9870+maj=0.5214 n=64248 | process_node: macro-F1=0.0876 acc=0.2595+maj=0.1985 n=131  avg_val_macro_f1=0.2532
[L3] epoch 146/200  L_total=0.8925  (flow_node=0.0218 process_node=0.8708)  | val: flow_node: macro-F1=0.4265 acc=0.9873+maj=0.5214 n=64248 | process_node: macro-F1=0.0876 acc=0.2595+maj=0.1985 n=131  avg_val_macro_f1=0.2571
[L3] epoch 147/200  L_total=0.8896  (flow_node=0.0214 process_node=0.8682)  | val: flow_node: macro-F1=0.4209 acc=0.9871+maj=0.5214 n=64248 | process_node: macro-F1=0.0876 acc=0.2595+maj=0.1985 n=131  avg_val_macro_f1=0.2543
[L3] epoch 148/200  L_total=0.8897  (flow_node=0.0213 process_node=0.8685)  | val: flow_node: macro-F1=0.4143 acc=0.9868+maj=0.5214 n=64248 | process_node: macro-F1=0.0961 acc=0.2748+maj=0.1985 n=131  avg_val_macro_f1=0.2552
[L3] epoch 149/200  L_total=0.8907  (flow_node=0.0213 process_node=0.8694)  | val: flow_node: macro-F1=0.4126 acc=0.9868+maj=0.5214 n=64248 | process_node: macro-F1=0.0961 acc=0.2748+maj=0.1985 n=131  avg_val_macro_f1=0.2544
[L3] epoch 150/200  L_total=0.8899  (flow_node=0.0211 process_node=0.8688)  | val: flow_node: macro-F1=0.4122 acc=0.9867+maj=0.5214 n=64248 | process_node: macro-F1=0.0962 acc=0.2748+maj=0.1985 n=131  avg_val_macro_f1=0.2542
[L3] epoch 151/200  L_total=0.8928  (flow_node=0.0215 process_node=0.8713)  | val: flow_node: macro-F1=0.4141 acc=0.9868+maj=0.5214 n=64248 | process_node: macro-F1=0.1002 acc=0.2824+maj=0.1985 n=131  avg_val_macro_f1=0.2572
[L3] epoch 152/200  L_total=0.8897  (flow_node=0.0214 process_node=0.8683)  | val: flow_node: macro-F1=0.4155 acc=0.9868+maj=0.5214 n=64248 | process_node: macro-F1=0.0964 acc=0.2748+maj=0.1985 n=131  avg_val_macro_f1=0.2560
[L3] epoch 153/200  L_total=0.8870  (flow_node=0.0210 process_node=0.8660)  | val: flow_node: macro-F1=0.4249 acc=0.9872+maj=0.5214 n=64248 | process_node: macro-F1=0.0964 acc=0.2748+maj=0.1985 n=131  avg_val_macro_f1=0.2607
[L3] epoch 154/200  L_total=0.8881  (flow_node=0.0211 process_node=0.8671)  | val: flow_node: macro-F1=0.4198 acc=0.9870+maj=0.5214 n=64248 | process_node: macro-F1=0.0880 acc=0.2595+maj=0.1985 n=131  avg_val_macro_f1=0.2539
[L3] epoch 155/200  L_total=0.8883  (flow_node=0.0215 process_node=0.8668)  | val: flow_node: macro-F1=0.4172 acc=0.9869+maj=0.5214 n=64248 | process_node: macro-F1=0.0906 acc=0.2672+maj=0.1985 n=131  avg_val_macro_f1=0.2539
[L3] epoch 156/200  L_total=0.8916  (flow_node=0.0211 process_node=0.8705)  | val: flow_node: macro-F1=0.4154 acc=0.9868+maj=0.5214 n=64248 | process_node: macro-F1=0.0873 acc=0.2672+maj=0.1985 n=131  avg_val_macro_f1=0.2513
[L3] epoch 157/200  L_total=0.8922  (flow_node=0.0211 process_node=0.8711)  | val: flow_node: macro-F1=0.4144 acc=0.9868+maj=0.5214 n=64248 | process_node: macro-F1=0.0813 acc=0.2595+maj=0.1985 n=131  avg_val_macro_f1=0.2479
[L3] epoch 158/200  L_total=0.8921  (flow_node=0.0213 process_node=0.8708)  | val: flow_node: macro-F1=0.4181 acc=0.9869+maj=0.5214 n=64248 | process_node: macro-F1=0.0813 acc=0.2595+maj=0.1985 n=131  avg_val_macro_f1=0.2497
[L3] epoch 159/200  L_total=0.8942  (flow_node=0.0212 process_node=0.8729)  | val: flow_node: macro-F1=0.4258 acc=0.9872+maj=0.5214 n=64248 | process_node: macro-F1=0.0741 acc=0.2595+maj=0.1985 n=131  avg_val_macro_f1=0.2499
[L3] epoch 160/200  L_total=0.8880  (flow_node=0.0209 process_node=0.8671)  | val: flow_node: macro-F1=0.4227 acc=0.9871+maj=0.5214 n=64248 | process_node: macro-F1=0.0754 acc=0.2519+maj=0.1985 n=131  avg_val_macro_f1=0.2490
[L3] epoch 161/200  L_total=0.8870  (flow_node=0.0211 process_node=0.8659)  | val: flow_node: macro-F1=0.4150 acc=0.9868+maj=0.5214 n=64248 | process_node: macro-F1=0.0884 acc=0.2824+maj=0.1985 n=131  avg_val_macro_f1=0.2517
[L3] epoch 162/200  L_total=0.8890  (flow_node=0.0210 process_node=0.8680)  | val: flow_node: macro-F1=0.4150 acc=0.9868+maj=0.5214 n=64248 | process_node: macro-F1=0.0882 acc=0.2824+maj=0.1985 n=131  avg_val_macro_f1=0.2516
[L3] epoch 163/200  L_total=0.8881  (flow_node=0.0210 process_node=0.8671)  | val: flow_node: macro-F1=0.4126 acc=0.9868+maj=0.5214 n=64248 | process_node: macro-F1=0.0882 acc=0.2824+maj=0.1985 n=131  avg_val_macro_f1=0.2504
[L3] epoch 164/200  L_total=0.8885  (flow_node=0.0211 process_node=0.8675)  | val: flow_node: macro-F1=0.4118 acc=0.9867+maj=0.5214 n=64248 | process_node: macro-F1=0.0754 acc=0.2519+maj=0.1985 n=131  avg_val_macro_f1=0.2436
[L3] epoch 165/200  L_total=0.8877  (flow_node=0.0209 process_node=0.8668)  | val: flow_node: macro-F1=0.4123 acc=0.9868+maj=0.5214 n=64248 | process_node: macro-F1=0.0754 acc=0.2519+maj=0.1985 n=131  avg_val_macro_f1=0.2438
[L3] epoch 166/200  L_total=0.8865  (flow_node=0.0208 process_node=0.8657)  | val: flow_node: macro-F1=0.4164 acc=0.9869+maj=0.5214 n=64248 | process_node: macro-F1=0.0775 acc=0.2595+maj=0.1985 n=131  avg_val_macro_f1=0.2469
[L3] epoch 167/200  L_total=0.8894  (flow_node=0.0208 process_node=0.8686)  | val: flow_node: macro-F1=0.4218 acc=0.9871+maj=0.5214 n=64248 | process_node: macro-F1=0.0741 acc=0.2595+maj=0.1985 n=131  avg_val_macro_f1=0.2480
[L3] epoch 168/200  L_total=0.8901  (flow_node=0.0212 process_node=0.8689)  | val: flow_node: macro-F1=0.4202 acc=0.9870+maj=0.5214 n=64248 | process_node: macro-F1=0.0679 acc=0.2519+maj=0.1985 n=131  avg_val_macro_f1=0.2441
[L3] epoch 169/200  L_total=0.8895  (flow_node=0.0208 process_node=0.8687)  | val: flow_node: macro-F1=0.4193 acc=0.9870+maj=0.5214 n=64248 | process_node: macro-F1=0.0603 acc=0.2443+maj=0.1985 n=131  avg_val_macro_f1=0.2398
[L3] epoch 170/200  L_total=0.8876  (flow_node=0.0207 process_node=0.8668)  | val: flow_node: macro-F1=0.4187 acc=0.9870+maj=0.5214 n=64248 | process_node: macro-F1=0.0646 acc=0.2595+maj=0.1985 n=131  avg_val_macro_f1=0.2416
[L3] epoch 171/200  L_total=0.8896  (flow_node=0.0208 process_node=0.8688)  | val: flow_node: macro-F1=0.4159 acc=0.9869+maj=0.5214 n=64248 | process_node: macro-F1=0.0646 acc=0.2595+maj=0.1985 n=131  avg_val_macro_f1=0.2402
[L3] epoch 172/200  L_total=0.8846  (flow_node=0.0206 process_node=0.8641)  | val: flow_node: macro-F1=0.4155 acc=0.9869+maj=0.5214 n=64248 | process_node: macro-F1=0.0603 acc=0.2443+maj=0.1985 n=131  avg_val_macro_f1=0.2379
[L3] epoch 173/200  L_total=0.8854  (flow_node=0.0207 process_node=0.8647)  | val: flow_node: macro-F1=0.4140 acc=0.9868+maj=0.5214 n=64248 | process_node: macro-F1=0.0732 acc=0.2519+maj=0.1985 n=131  avg_val_macro_f1=0.2436
[L3] epoch 174/200  L_total=0.8867  (flow_node=0.0206 process_node=0.8661)  | val: flow_node: macro-F1=0.4121 acc=0.9868+maj=0.5214 n=64248 | process_node: macro-F1=0.0726 acc=0.2519+maj=0.1985 n=131  avg_val_macro_f1=0.2424
[L3] epoch 175/200  L_total=0.8874  (flow_node=0.0207 process_node=0.8667)  | val: flow_node: macro-F1=0.4099 acc=0.9867+maj=0.5214 n=64248 | process_node: macro-F1=0.0808 acc=0.2595+maj=0.1985 n=131  avg_val_macro_f1=0.2453
[L3] epoch 176/200  L_total=0.8853  (flow_node=0.0206 process_node=0.8647)  | val: flow_node: macro-F1=0.4099 acc=0.9867+maj=0.5214 n=64248 | process_node: macro-F1=0.1004 acc=0.2748+maj=0.1985 n=131  avg_val_macro_f1=0.2551
[L3] epoch 177/200  L_total=0.8841  (flow_node=0.0205 process_node=0.8636)  | val: flow_node: macro-F1=0.4099 acc=0.9867+maj=0.5214 n=64248 | process_node: macro-F1=0.1043 acc=0.2748+maj=0.1985 n=131  avg_val_macro_f1=0.2571
[L3] epoch 178/200  L_total=0.8838  (flow_node=0.0204 process_node=0.8634)  | val: flow_node: macro-F1=0.4111 acc=0.9867+maj=0.5214 n=64248 | process_node: macro-F1=0.1022 acc=0.2672+maj=0.1985 n=131  avg_val_macro_f1=0.2567
[L3] epoch 179/200  L_total=0.8890  (flow_node=0.0209 process_node=0.8681)  | val: flow_node: macro-F1=0.4101 acc=0.9867+maj=0.5214 n=64248 | process_node: macro-F1=0.1108 acc=0.2824+maj=0.1985 n=131  avg_val_macro_f1=0.2605
[L3] epoch 180/200  L_total=0.8868  (flow_node=0.0205 process_node=0.8663)  | val: flow_node: macro-F1=0.4079 acc=0.9866+maj=0.5214 n=64248 | process_node: macro-F1=0.1101 acc=0.2824+maj=0.1985 n=131  avg_val_macro_f1=0.2590
[L3] epoch 181/200  L_total=0.8839  (flow_node=0.0205 process_node=0.8634)  | val: flow_node: macro-F1=0.4084 acc=0.9866+maj=0.5214 n=64248 | process_node: macro-F1=0.1007 acc=0.2824+maj=0.1985 n=131  avg_val_macro_f1=0.2545
[L3] epoch 182/200  L_total=0.8811  (flow_node=0.0206 process_node=0.8605)  | val: flow_node: macro-F1=0.4102 acc=0.9867+maj=0.5214 n=64248 | process_node: macro-F1=0.1012 acc=0.2824+maj=0.1985 n=131  avg_val_macro_f1=0.2557
[L3] epoch 183/200  L_total=0.8836  (flow_node=0.0205 process_node=0.8631)  | val: flow_node: macro-F1=0.4102 acc=0.9867+maj=0.5214 n=64248 | process_node: macro-F1=0.1024 acc=0.2901+maj=0.1985 n=131  avg_val_macro_f1=0.2563
[L3] epoch 184/200  L_total=0.8844  (flow_node=0.0207 process_node=0.8637)  | val: flow_node: macro-F1=0.4126 acc=0.9868+maj=0.5214 n=64248 | process_node: macro-F1=0.1024 acc=0.2901+maj=0.1985 n=131  avg_val_macro_f1=0.2575
[L3] epoch 185/200  L_total=0.8848  (flow_node=0.0204 process_node=0.8644)  | val: flow_node: macro-F1=0.4164 acc=0.9869+maj=0.5214 n=64248 | process_node: macro-F1=0.0937 acc=0.2748+maj=0.1985 n=131  avg_val_macro_f1=0.2551
[L3] epoch 186/200  L_total=0.8856  (flow_node=0.0205 process_node=0.8652)  | val: flow_node: macro-F1=0.4188 acc=0.9870+maj=0.5214 n=64248 | process_node: macro-F1=0.0937 acc=0.2748+maj=0.1985 n=131  avg_val_macro_f1=0.2563
[L3] epoch 187/200  L_total=0.8887  (flow_node=0.0204 process_node=0.8683)  | val: flow_node: macro-F1=0.4154 acc=0.9869+maj=0.5214 n=64248 | process_node: macro-F1=0.0899 acc=0.2595+maj=0.1985 n=131  avg_val_macro_f1=0.2527
[L3] epoch 188/200  L_total=0.8856  (flow_node=0.0202 process_node=0.8654)  | val: flow_node: macro-F1=0.4154 acc=0.9869+maj=0.5214 n=64248 | process_node: macro-F1=0.0921 acc=0.2672+maj=0.1985 n=131  avg_val_macro_f1=0.2538
[L3] epoch 189/200  L_total=0.8877  (flow_node=0.0200 process_node=0.8677)  | val: flow_node: macro-F1=0.4128 acc=0.9868+maj=0.5214 n=64248 | process_node: macro-F1=0.1036 acc=0.2748+maj=0.1985 n=131  avg_val_macro_f1=0.2582
[L3] epoch 190/200  L_total=0.8849  (flow_node=0.0203 process_node=0.8645)  | val: flow_node: macro-F1=0.4118 acc=0.9867+maj=0.5214 n=64248 | process_node: macro-F1=0.1036 acc=0.2748+maj=0.1985 n=131  avg_val_macro_f1=0.2577
[L3] epoch 191/200  L_total=0.8841  (flow_node=0.0204 process_node=0.8637)  | val: flow_node: macro-F1=0.4099 acc=0.9867+maj=0.5214 n=64248 | process_node: macro-F1=0.1036 acc=0.2748+maj=0.1985 n=131  avg_val_macro_f1=0.2568
[L3] epoch 192/200  L_total=0.8821  (flow_node=0.0202 process_node=0.8618)  | val: flow_node: macro-F1=0.4082 acc=0.9866+maj=0.5214 n=64248 | process_node: macro-F1=0.0999 acc=0.2748+maj=0.1985 n=131  avg_val_macro_f1=0.2541
[L3] epoch 193/200  L_total=0.8837  (flow_node=0.0200 process_node=0.8637)  | val: flow_node: macro-F1=0.4077 acc=0.9866+maj=0.5214 n=64248 | process_node: macro-F1=0.0979 acc=0.2824+maj=0.1985 n=131  avg_val_macro_f1=0.2528
[L3] epoch 194/200  L_total=0.8850  (flow_node=0.0200 process_node=0.8650)  | val: flow_node: macro-F1=0.4077 acc=0.9866+maj=0.5214 n=64248 | process_node: macro-F1=0.0800 acc=0.2595+maj=0.1985 n=131  avg_val_macro_f1=0.2439
[L3] epoch 195/200  L_total=0.8864  (flow_node=0.0203 process_node=0.8662)  | val: flow_node: macro-F1=0.4077 acc=0.9866+maj=0.5214 n=64248 | process_node: macro-F1=0.0723 acc=0.2519+maj=0.1985 n=131  avg_val_macro_f1=0.2400
[L3] epoch 196/200  L_total=0.8844  (flow_node=0.0201 process_node=0.8642)  | val: flow_node: macro-F1=0.4099 acc=0.9867+maj=0.5214 n=64248 | process_node: macro-F1=0.0642 acc=0.2595+maj=0.1985 n=131  avg_val_macro_f1=0.2371
[L3] epoch 197/200  L_total=0.8822  (flow_node=0.0201 process_node=0.8621)  | val: flow_node: macro-F1=0.4116 acc=0.9867+maj=0.5214 n=64248 | process_node: macro-F1=0.0639 acc=0.2595+maj=0.1985 n=131  avg_val_macro_f1=0.2378
[L3] epoch 198/200  L_total=0.8853  (flow_node=0.0199 process_node=0.8653)  | val: flow_node: macro-F1=0.4127 acc=0.9868+maj=0.5214 n=64248 | process_node: macro-F1=0.0597 acc=0.2443+maj=0.1985 n=131  avg_val_macro_f1=0.2362
[L3] epoch 199/200  L_total=0.8821  (flow_node=0.0201 process_node=0.8621)  | val: flow_node: macro-F1=0.4127 acc=0.9868+maj=0.5214 n=64248 | process_node: macro-F1=0.0597 acc=0.2443+maj=0.1985 n=131  avg_val_macro_f1=0.2362
[L3] epoch 200/200  L_total=0.8826  (flow_node=0.0202 process_node=0.8624)  | val: flow_node: macro-F1=0.4107 acc=0.9867+maj=0.5214 n=64248 | process_node: macro-F1=0.0639 acc=0.2595+maj=0.1985 n=131  avg_val_macro_f1=0.2373
[L3] restored best val checkpoint from epoch 153 (val_macro_f1_avg=0.2607)

[L3 TEST] flow_node: macro-F1=0.4332  micro-F1=0.9873  acc=0.9873  n=64248

[L3 TEST] process_node: macro-F1=0.0747  micro-F1=0.2595  acc=0.2595  n=131
[L3] saved checkpoint: logs/l3_dd18_focal/checkpoint_l3.pt
[L3] summary written: logs/l3_dd18_focal/l3_summary.json
