Loading dataset: elliptic++ (variant=joint)
  Loading CSVs …
  Building transaction features …
  Building labels …
  Filtering connected wallets …
  Building wallet features …
  Building edges …
  Transactions: 203,769  (illicit=4,545, licit=199,224, unknown=0)
  Wallets (connected): 822,942 [per-address, deduped]  (feat_dim=56)
  Edges:  wallet→tx=477,117  tx→wallet=837,124  tx→tx=234,355  wallet→wallet=2,868,964
  Joint wallet aux: illicit=14,266 / labeled=265,354 / 822,942 wallets; split train=185,747 val=39,802 test=39,805
Building TypedCausalGraph...
  [BFS] blocked edge types (2, src=dataset-default): ['address__to__address', 'wallet__to__wallet']
  [data_utils] Skipped 347 blocked edges from causal graph (types=['address__to__address', 'wallet__to__wallet']).
  [data_utils] Rejected 4 edges violating temporal precedence (time-respecting DAG; 844,812/500 nodes timed).
  Causal graph: 500 nodes, 737 directed edges
  [debug] target_node=917, in_graph=True, parents={217032}
  Joint heads: primary=transaction  aux=['wallet']  (λ_aux=1.0)  mode=SYMMETRIC (aux fused into primary backward, co-equal head)
  Class weight: licit=1.00  illicit=9.25  (pos=3181, neg=29413)

Training [Phase 2 (GAN)] for 400 epochs on cuda (variant=joint)...
  Model selection metric: fraud_f1 (val['fraud_f1'])
Epoch 010 | Loss 1.3114 (det=0.5921, adv=0.4616, G=-0.0221, ncm=0.5879) aux=0.6143(fused) | Val macroF1=0.3949  fraudF1=0.1751  AUC=0.8076
  ↑ Best checkpoint saved (val fraud_f1=0.1751) → checkpoints/ci_rct_elliptic++_joint_best.pt
Epoch 020 | Loss 1.1863 (det=0.5038, adv=0.7796, G=-0.0779, ncm=0.4855) aux=0.5560(fused) | Val macroF1=0.4009  fraudF1=0.1831  AUC=0.8536
  ↑ Best checkpoint saved (val fraud_f1=0.1831) → checkpoints/ci_rct_elliptic++_joint_best.pt
Epoch 030 | Loss 1.0559 (det=0.4648, adv=0.5208, G=-0.1188, ncm=0.4062) aux=0.4984(fused) | Val macroF1=0.4189  fraudF1=0.1897  AUC=0.8526
  ↑ Best checkpoint saved (val fraud_f1=0.1897) → checkpoints/ci_rct_elliptic++_joint_best.pt
Epoch 040 | Loss 0.9962 (det=0.4246, adv=0.7463, G=-0.1784, ncm=0.3501) aux=0.4620(fused) | Val macroF1=0.4315  fraudF1=0.1992  AUC=0.8704
  ↑ Best checkpoint saved (val fraud_f1=0.1992) → checkpoints/ci_rct_elliptic++_joint_best.pt
Epoch 050 | Loss 1.0008 (det=0.4021, adv=1.3053, G=-0.2720, ncm=0.3345) aux=0.4347(fused) | Val macroF1=0.5473  fraudF1=0.2698  AUC=0.8816
  ↑ Best checkpoint saved (val fraud_f1=0.2698) → checkpoints/ci_rct_elliptic++_joint_best.pt
Epoch 060 | Loss 0.9993 (det=0.3757, adv=1.7773, G=-0.3485, ncm=0.3229) aux=0.4136(fused) | Val macroF1=0.6305  fraudF1=0.3593  AUC=0.8942
  ↑ Best checkpoint saved (val fraud_f1=0.3593) → checkpoints/ci_rct_elliptic++_joint_best.pt
Epoch 070 | Loss 0.9781 (det=0.3485, adv=2.0517, G=-0.4090, ncm=0.3070) aux=0.3937(fused) | Val macroF1=0.6478  fraudF1=0.3827  AUC=0.9055
  ↑ Best checkpoint saved (val fraud_f1=0.3827) → checkpoints/ci_rct_elliptic++_joint_best.pt
Epoch 080 | Loss 0.9703 (det=0.3252, adv=2.4267, G=-0.4709, ncm=0.2516) aux=0.3773(fused) | Val macroF1=0.6665  fraudF1=0.4096  AUC=0.9138
  ↑ Best checkpoint saved (val fraud_f1=0.4096) → checkpoints/ci_rct_elliptic++_joint_best.pt
Epoch 090 | Loss 0.9573 (det=0.3051, adv=2.6914, G=-0.5179, ncm=0.2281) aux=0.3603(fused) | Val macroF1=0.6791  fraudF1=0.4287  AUC=0.9194
  ↑ Best checkpoint saved (val fraud_f1=0.4287) → checkpoints/ci_rct_elliptic++_joint_best.pt
Epoch 100 | Loss 0.9411 (det=0.2876, adv=2.8278, G=-0.5524, ncm=0.2064) aux=0.3501(fused) | Val macroF1=0.6961  fraudF1=0.4548  AUC=0.9254
  ↑ Best checkpoint saved (val fraud_f1=0.4548) → checkpoints/ci_rct_elliptic++_joint_best.pt
Epoch 110 | Loss 0.9248 (det=0.2692, adv=2.9925, G=-0.5892, ncm=0.1946) aux=0.3369(fused) | Val macroF1=0.7106  fraudF1=0.4778  AUC=0.9289
  ↑ Best checkpoint saved (val fraud_f1=0.4778) → checkpoints/ci_rct_elliptic++_joint_best.pt
Epoch 120 | Loss 0.9142 (det=0.2516, adv=3.2386, G=-0.6350, ncm=0.1697) aux=0.3218(fused) | Val macroF1=0.7280  fraudF1=0.5063  AUC=0.9348
  ↑ Best checkpoint saved (val fraud_f1=0.5063) → checkpoints/ci_rct_elliptic++_joint_best.pt
Epoch 130 | Loss 0.9238 (det=0.2349, adv=3.5990, G=-0.6924, ncm=0.1487) aux=0.3142(fused) | Val macroF1=0.7445  fraudF1=0.5336  AUC=0.9387
  ↑ Best checkpoint saved (val fraud_f1=0.5336) → checkpoints/ci_rct_elliptic++_joint_best.pt
Epoch 140 | Loss 0.9421 (det=0.2231, adv=3.9701, G=-0.7544, ncm=0.1313) aux=0.3088(fused) | Val macroF1=0.7460  fraudF1=0.5364  AUC=0.9414
  ↑ Best checkpoint saved (val fraud_f1=0.5364) → checkpoints/ci_rct_elliptic++_joint_best.pt
Epoch 150 | Loss 0.9605 (det=0.2112, adv=4.3451, G=-0.8160, ncm=0.1184) aux=0.3030(fused) | Val macroF1=0.7610  fraudF1=0.5619  AUC=0.9429
  ↑ Best checkpoint saved (val fraud_f1=0.5619) → checkpoints/ci_rct_elliptic++_joint_best.pt
Epoch 160 | Loss 0.9804 (det=0.2038, adv=4.6840, G=-0.8805, ncm=0.1090) aux=0.2972(fused) | Val macroF1=0.7573  fraudF1=0.5561  AUC=0.9451
Epoch 170 | Loss 0.9943 (det=0.1979, adv=4.9071, G=-0.9363, ncm=0.1081) aux=0.2949(fused) | Val macroF1=0.7732  fraudF1=0.5830  AUC=0.9459
  ↑ Best checkpoint saved (val fraud_f1=0.5830) → checkpoints/ci_rct_elliptic++_joint_best.pt
Epoch 180 | Loss 0.9904 (det=0.1887, adv=5.0193, G=-0.9840, ncm=0.0931) aux=0.2904(fused) | Val macroF1=0.7838  fraudF1=0.6022  AUC=0.9476
  ↑ Best checkpoint saved (val fraud_f1=0.6022) → checkpoints/ci_rct_elliptic++_joint_best.pt
Epoch 190 | Loss 1.0223 (det=0.2086, adv=5.0803, G=-1.0305, ncm=0.1027) aux=0.2954(fused) | Val macroF1=0.7875  fraudF1=0.6080  AUC=0.9438
  ↑ Best checkpoint saved (val fraud_f1=0.6080) → checkpoints/ci_rct_elliptic++_joint_best.pt
Epoch 200 | Loss 1.0188 (det=0.2014, adv=5.1103, G=-1.0777, ncm=0.0915) aux=0.2972(fused) | Val macroF1=0.7778  fraudF1=0.5917  AUC=0.9459
Epoch 210 | Loss 0.9831 (det=0.1877, adv=4.9508, G=-1.1083, ncm=0.1046) aux=0.2898(fused) | Val macroF1=0.7801  fraudF1=0.5961  AUC=0.9481
Epoch 220 | Loss 0.9622 (det=0.1793, adv=4.8688, G=-1.1460, ncm=0.0975) aux=0.2863(fused) | Val macroF1=0.7838  fraudF1=0.6026  AUC=0.9492
Epoch 230 | Loss 0.9393 (det=0.1714, adv=4.7480, G=-1.1919, ncm=0.1002) aux=0.2830(fused) | Val macroF1=0.7892  fraudF1=0.6118  AUC=0.9496
  ↑ Best checkpoint saved (val fraud_f1=0.6118) → checkpoints/ci_rct_elliptic++_joint_best.pt
Epoch 240 | Loss 0.9277 (det=0.1669, adv=4.7091, G=-1.2474, ncm=0.0900) aux=0.2808(fused) | Val macroF1=0.7961  fraudF1=0.6238  AUC=0.9503
  ↑ Best checkpoint saved (val fraud_f1=0.6238) → checkpoints/ci_rct_elliptic++_joint_best.pt
Epoch 250 | Loss 0.9205 (det=0.1626, adv=4.6963, G=-1.3097, ncm=0.0887) aux=0.2794(fused) | Val macroF1=0.7964  fraudF1=0.6244  AUC=0.9505
  ↑ Best checkpoint saved (val fraud_f1=0.6244) → checkpoints/ci_rct_elliptic++_joint_best.pt
Epoch 260 | Loss 0.9083 (det=0.1584, adv=4.6251, G=-1.3777, ncm=0.0893) aux=0.2785(fused) | Val macroF1=0.8015  fraudF1=0.6333  AUC=0.9506
  ↑ Best checkpoint saved (val fraud_f1=0.6333) → checkpoints/ci_rct_elliptic++_joint_best.pt
Epoch 270 | Loss 0.8993 (det=0.1589, adv=4.5158, G=-1.4383, ncm=0.0848) aux=0.2804(fused) | Val macroF1=0.7979  fraudF1=0.6271  AUC=0.9516
Epoch 280 | Loss 0.8782 (det=0.1505, adv=4.4479, G=-1.5093, ncm=0.0789) aux=0.2750(fused) | Val macroF1=0.8063  fraudF1=0.6418  AUC=0.9509
  ↑ Best checkpoint saved (val fraud_f1=0.6418) → checkpoints/ci_rct_elliptic++_joint_best.pt
Epoch 290 | Loss 0.8878 (det=0.1491, adv=4.5783, G=-1.6097, ncm=0.0781) aux=0.2731(fused) | Val macroF1=0.8091  fraudF1=0.6468  AUC=0.9515
  ↑ Best checkpoint saved (val fraud_f1=0.6468) → checkpoints/ci_rct_elliptic++_joint_best.pt
Epoch 300 | Loss 0.8757 (det=0.1448, adv=4.5148, G=-1.6755, ncm=0.0816) aux=0.2712(fused) | Val macroF1=0.8073  fraudF1=0.6436  AUC=0.9525
Epoch 310 | Loss 0.8411 (det=0.1413, adv=4.2100, G=-1.7673, ncm=0.0825) aux=0.2706(fused) | Val macroF1=0.8022  fraudF1=0.6349  AUC=0.9534
Epoch 320 | Loss 0.9067 (det=0.1689, adv=4.4965, G=-1.8835, ncm=0.0779) aux=0.2804(fused) | Val macroF1=0.7968  fraudF1=0.6253  AUC=0.9522
Epoch 330 | Loss 0.8926 (det=0.1470, adv=4.5553, G=-1.9924, ncm=0.0778) aux=0.2823(fused) | Val macroF1=0.7970  fraudF1=0.6257  AUC=0.9520
Epoch 340 | Loss 0.9047 (det=0.1427, adv=4.7795, G=-2.1108, ncm=0.0789) aux=0.2761(fused) | Val macroF1=0.8009  fraudF1=0.6325  AUC=0.9533
Epoch 350 | Loss 0.8878 (det=0.1389, adv=4.6938, G=-2.2456, ncm=0.0752) aux=0.2721(fused) | Val macroF1=0.8051  fraudF1=0.6397  AUC=0.9537
Epoch 360 | Loss 0.9290 (det=0.1422, adv=5.0555, G=-2.4221, ncm=0.0682) aux=0.2744(fused) | Val macroF1=0.8201  fraudF1=0.6660  AUC=0.9516
  ↑ Best checkpoint saved (val fraud_f1=0.6660) → checkpoints/ci_rct_elliptic++_joint_best.pt
Epoch 370 | Loss 0.9521 (det=0.1412, adv=5.3001, G=-2.5452, ncm=0.0772) aux=0.2732(fused) | Val macroF1=0.7971  fraudF1=0.6259  AUC=0.9540
Epoch 380 | Loss 0.9190 (det=0.1329, adv=5.1017, G=-2.7071, ncm=0.0704) aux=0.2690(fused) | Val macroF1=0.7997  fraudF1=0.6304  AUC=0.9547
Epoch 390 | Loss 0.9897 (det=0.1293, adv=5.8621, G=-2.8507, ncm=0.0700) aux=0.2672(fused) | Val macroF1=0.7963  fraudF1=0.6246  AUC=0.9548
Epoch 400 | Loss 0.9852 (det=0.1260, adv=5.8856, G=-3.0396, ncm=0.0645) aux=0.2642(fused) | Val macroF1=0.8081  fraudF1=0.6452  AUC=0.9555

Loading best checkpoint for test evaluation...
Test  fraudF1=0.6631  (macroF1=0.8188  AUC=0.9483)
