Loading dataset: elliptic++
  Loading CSVs …
  Building transaction features …
  Building labels …
  Filtering connected wallets …
  Building wallet features …
  Building edges …
  Transactions: 203,769  (illicit=4,545, licit=199,224, unknown=0)
  Wallets (connected): 1,268,260
  Edges:  wallet→tx=477,117  tx→wallet=837,124  tx→tx=234,355  wallet→wallet=2,868,964
Building TypedCausalGraph...
  [BFS] blocked edge types (2, src=dataset-default): ['address__to__address', 'wallet__to__wallet']
  [data_utils] Skipped 347 blocked edges from causal graph (types=['address__to__address', 'wallet__to__wallet']).
  [data_utils] Rejected 4 edges violating temporal precedence (time-respecting DAG; 844,812/500 nodes timed).
  Causal graph: 500 nodes, 737 directed edges
  [debug] target_node=917, in_graph=True, parents={223729}
  Class weight: licit=1.00  illicit=9.25  (pos=3181, neg=29413)

Training [Phase 2 (GAN)] for 200 epochs on cuda...
  Model selection metric: macro_f1 (val['f1'])
Epoch 010 | Loss 0.6815 (det=0.6200, adv=-0.0365, G=-0.0206, ncm=0.6510) | Val macroF1=0.5106  fraudF1=0.2964  AUC=0.8001
  ↑ Best checkpoint saved (val macro_f1=0.5106) → checkpoints/ci_rct_elliptic++_best.pt
Epoch 020 | Loss 0.5942 (det=0.5112, adv=0.2894, G=-0.0679, ncm=0.5407) | Val macroF1=0.4936  fraudF1=0.3026  AUC=0.8099
Epoch 030 | Loss 0.4972 (det=0.4545, adv=0.0032, G=-0.1058, ncm=0.4247) | Val macroF1=0.5237  fraudF1=0.3203  AUC=0.8453
  ↑ Best checkpoint saved (val macro_f1=0.5237) → checkpoints/ci_rct_elliptic++_best.pt
Epoch 040 | Loss 0.4637 (det=0.4065, adv=0.2280, G=-0.1624, ncm=0.3442) | Val macroF1=0.5697  fraudF1=0.3599  AUC=0.8889
  ↑ Best checkpoint saved (val macro_f1=0.5697) → checkpoints/ci_rct_elliptic++_best.pt
Epoch 050 | Loss 0.4803 (det=0.3690, adv=0.7868, G=-0.2492, ncm=0.3271) | Val macroF1=0.6087  fraudF1=0.3948  AUC=0.9125
  ↑ Best checkpoint saved (val macro_f1=0.6087) → checkpoints/ci_rct_elliptic++_best.pt
Epoch 060 | Loss 0.4920 (det=0.3301, adv=1.3521, G=-0.3314, ncm=0.2670) | Val macroF1=0.6381  fraudF1=0.4314  AUC=0.9338
  ↑ Best checkpoint saved (val macro_f1=0.6381) → checkpoints/ci_rct_elliptic++_best.pt
Epoch 070 | Loss 0.5091 (det=0.2893, adv=1.9656, G=-0.4197, ncm=0.2323) | Val macroF1=0.6586  fraudF1=0.4570  AUC=0.9474
  ↑ Best checkpoint saved (val macro_f1=0.6586) → checkpoints/ci_rct_elliptic++_best.pt
Epoch 080 | Loss 0.5598 (det=0.2668, adv=2.7145, G=-0.5182, ncm=0.2155) | Val macroF1=0.6849  fraudF1=0.4880  AUC=0.9550
  ↑ Best checkpoint saved (val macro_f1=0.6849) → checkpoints/ci_rct_elliptic++_best.pt
Epoch 090 | Loss 0.5957 (det=0.2485, adv=3.2688, G=-0.5965, ncm=0.2027) | Val macroF1=0.7016  fraudF1=0.5102  AUC=0.9596
  ↑ Best checkpoint saved (val macro_f1=0.7016) → checkpoints/ci_rct_elliptic++_best.pt
Epoch 100 | Loss 0.6239 (det=0.2364, adv=3.6855, G=-0.6642, ncm=0.1888) | Val macroF1=0.7059  fraudF1=0.5165  AUC=0.9625
  ↑ Best checkpoint saved (val macro_f1=0.7059) → checkpoints/ci_rct_elliptic++_best.pt
Epoch 110 | Loss 0.6479 (det=0.2301, adv=3.9993, G=-0.7211, ncm=0.1783) | Val macroF1=0.7137  fraudF1=0.5273  AUC=0.9659
  ↑ Best checkpoint saved (val macro_f1=0.7137) → checkpoints/ci_rct_elliptic++_best.pt
Epoch 120 | Loss 0.6704 (det=0.2300, adv=4.2381, G=-0.7745, ncm=0.1655) | Val macroF1=0.7320  fraudF1=0.5525  AUC=0.9662
  ↑ Best checkpoint saved (val macro_f1=0.7320) → checkpoints/ci_rct_elliptic++_best.pt
Epoch 130 | Loss 0.6738 (det=0.2161, adv=4.4194, G=-0.8190, ncm=0.1575) | Val macroF1=0.7426  fraudF1=0.5684  AUC=0.9693
  ↑ Best checkpoint saved (val macro_f1=0.7426) → checkpoints/ci_rct_elliptic++_best.pt
Epoch 140 | Loss 0.6767 (det=0.2077, adv=4.5397, G=-0.8669, ncm=0.1509) | Val macroF1=0.7385  fraudF1=0.5628  AUC=0.9709
Epoch 150 | Loss 0.6781 (det=0.1998, adv=4.6373, G=-0.9125, ncm=0.1449) | Val macroF1=0.7407  fraudF1=0.5664  AUC=0.9721
Epoch 160 | Loss 0.6753 (det=0.1936, adv=4.6764, G=-0.9618, ncm=0.1406) | Val macroF1=0.7497  fraudF1=0.5798  AUC=0.9731
  ↑ Best checkpoint saved (val macro_f1=0.7497) → checkpoints/ci_rct_elliptic++_best.pt
Epoch 170 | Loss 0.6653 (det=0.1880, adv=4.6316, G=-1.0086, ncm=0.1411) | Val macroF1=0.7519  fraudF1=0.5834  AUC=0.9761
  ↑ Best checkpoint saved (val macro_f1=0.7519) → checkpoints/ci_rct_elliptic++_best.pt
Epoch 180 | Loss 0.6554 (det=0.1828, adv=4.6049, G=-1.0641, ncm=0.1209) | Val macroF1=0.7585  fraudF1=0.5929  AUC=0.9766
  ↑ Best checkpoint saved (val macro_f1=0.7585) → checkpoints/ci_rct_elliptic++_best.pt
Epoch 190 | Loss 0.6439 (det=0.1816, adv=4.4996, G=-1.1184, ncm=0.1236) | Val macroF1=0.7554  fraudF1=0.5890  AUC=0.9780
Epoch 200 | Loss 0.6432 (det=0.1818, adv=4.4952, G=-1.1892, ncm=0.1188) | Val macroF1=0.7446  fraudF1=0.5737  AUC=0.9786

Loading best checkpoint for test evaluation...
Test  macroF1=0.7505  fraudF1=0.5785  AUC=0.9660
