Loading dataset: elliptic++ (variant=wallet)
  Loading CSVs …
  Building transaction features …
  Building labels …
  Filtering connected wallets …
  Building wallet features …
  Building edges …
  Transactions: 203,769  (illicit=4,545, licit=199,224, unknown=0)
  Wallets (connected): 822,942 [per-address, deduped]  (feat_dim=56)
  Edges:  wallet→tx=477,117  tx→wallet=837,124  tx→tx=234,355  wallet→wallet=2,868,964
  Wallet target labels: illicit=14,266  licit=251,088  (labeled=265,354 / 822,942 wallets; unknown excluded from masks)
  Wallet split: train=185,747  val=39,802  test=39,805
Building TypedCausalGraph...
  [BFS] blocked edge types (2, src=dataset-default): ['address__to__address', 'wallet__to__wallet']
  [data_utils] Skipped 423 blocked edges from causal graph (types=['address__to__address', 'wallet__to__wallet']).
  [data_utils] Rejected 3 edges violating temporal precedence (time-respecting DAG; 844,812/500 nodes timed).
  Causal graph: 500 nodes, 543 directed edges
  [debug] target_node=203783, in_graph=True, parents={127417}
  Class weight: licit=1.00  illicit=17.60  (pos=9986, neg=175761)

Training [Phase 2 (GAN)] for 200 epochs on cuda (variant=wallet)...
  Model selection metric: fraud_f1 (val['fraud_f1'])
Epoch 010 | Loss 0.6975 (det=0.6072, adv=0.3377, G=-0.0188, ncm=0.5651) | Val macroF1=0.3828  fraudF1=0.1593  AUC=0.8400
  ↑ Best checkpoint saved (val fraud_f1=0.1593) → checkpoints/ci_rct_elliptic++_wallet_best.pt
Epoch 020 | Loss 0.5999 (det=0.5287, adv=0.2914, G=-0.0733, ncm=0.4208) | Val macroF1=0.3869  fraudF1=0.1640  AUC=0.8560
  ↑ Best checkpoint saved (val fraud_f1=0.1640) → checkpoints/ci_rct_elliptic++_wallet_best.pt
Epoch 030 | Loss 0.5379 (det=0.4711, adv=0.4714, G=-0.1236, ncm=0.1966) | Val macroF1=0.4105  fraudF1=0.1748  AUC=0.8647
  ↑ Best checkpoint saved (val fraud_f1=0.1748) → checkpoints/ci_rct_elliptic++_wallet_best.pt
Epoch 040 | Loss 0.5140 (det=0.4366, adv=0.7119, G=-0.1747, ncm=0.0599) | Val macroF1=0.4277  fraudF1=0.1826  AUC=0.8767
  ↑ Best checkpoint saved (val fraud_f1=0.1826) → checkpoints/ci_rct_elliptic++_wallet_best.pt
Epoch 050 | Loss 0.5469 (det=0.4209, adv=1.2347, G=-0.2568, ncm=0.0258) | Val macroF1=0.5092  fraudF1=0.2237  AUC=0.8810
  ↑ Best checkpoint saved (val fraud_f1=0.2237) → checkpoints/ci_rct_elliptic++_wallet_best.pt
Epoch 060 | Loss 0.6035 (det=0.4073, adv=1.9426, G=-0.3497, ncm=0.0186) | Val macroF1=0.6256  fraudF1=0.3411  AUC=0.8878
  ↑ Best checkpoint saved (val fraud_f1=0.3411) → checkpoints/ci_rct_elliptic++_wallet_best.pt
Epoch 070 | Loss 0.6389 (det=0.3915, adv=2.4597, G=-0.4250, ncm=0.0137) | Val macroF1=0.6455  fraudF1=0.3694  AUC=0.8950
  ↑ Best checkpoint saved (val fraud_f1=0.3694) → checkpoints/ci_rct_elliptic++_wallet_best.pt
Epoch 080 | Loss 0.6525 (det=0.3658, adv=2.8585, G=-0.4884, ncm=0.0082) | Val macroF1=0.6739  fraudF1=0.4119  AUC=0.9070
  ↑ Best checkpoint saved (val fraud_f1=0.4119) → checkpoints/ci_rct_elliptic++_wallet_best.pt
Epoch 090 | Loss 0.6545 (det=0.3409, adv=3.1291, G=-0.5374, ncm=0.0071) | Val macroF1=0.7197  fraudF1=0.4842  AUC=0.9142
  ↑ Best checkpoint saved (val fraud_f1=0.4842) → checkpoints/ci_rct_elliptic++_wallet_best.pt
Epoch 100 | Loss 0.6438 (det=0.3274, adv=3.1581, G=-0.5618, ncm=0.0052) | Val macroF1=0.7418  fraudF1=0.5227  AUC=0.9204
  ↑ Best checkpoint saved (val fraud_f1=0.5227) → checkpoints/ci_rct_elliptic++_wallet_best.pt
Epoch 110 | Loss 0.6258 (det=0.3194, adv=3.0590, G=-0.5745, ncm=0.0050) | Val macroF1=0.7494  fraudF1=0.5360  AUC=0.9234
  ↑ Best checkpoint saved (val fraud_f1=0.5360) → checkpoints/ci_rct_elliptic++_wallet_best.pt
Epoch 120 | Loss 0.6067 (det=0.3129, adv=2.9319, G=-0.5855, ncm=0.0057) | Val macroF1=0.7596  fraudF1=0.5536  AUC=0.9243
  ↑ Best checkpoint saved (val fraud_f1=0.5536) → checkpoints/ci_rct_elliptic++_wallet_best.pt
Epoch 130 | Loss 0.5858 (det=0.3073, adv=2.7808, G=-0.5964, ncm=0.0047) | Val macroF1=0.7705  fraudF1=0.5726  AUC=0.9245
  ↑ Best checkpoint saved (val fraud_f1=0.5726) → checkpoints/ci_rct_elliptic++_wallet_best.pt
Epoch 140 | Loss 0.5669 (det=0.3010, adv=2.6552, G=-0.6124, ncm=0.0039) | Val macroF1=0.7748  fraudF1=0.5803  AUC=0.9264
  ↑ Best checkpoint saved (val fraud_f1=0.5803) → checkpoints/ci_rct_elliptic++_wallet_best.pt
Epoch 150 | Loss 0.5509 (det=0.2972, adv=2.5335, G=-0.6320, ncm=0.0033) | Val macroF1=0.7735  fraudF1=0.5780  AUC=0.9281
Epoch 160 | Loss 0.5370 (det=0.2926, adv=2.4415, G=-0.6581, ncm=0.0025) | Val macroF1=0.7680  fraudF1=0.5683  AUC=0.9280
Epoch 170 | Loss 0.5222 (det=0.2872, adv=2.3484, G=-0.6892, ncm=0.0019) | Val macroF1=0.7794  fraudF1=0.5883  AUC=0.9284
  ↑ Best checkpoint saved (val fraud_f1=0.5883) → checkpoints/ci_rct_elliptic++_wallet_best.pt
Epoch 180 | Loss 0.5074 (det=0.2819, adv=2.2535, G=-0.7242, ncm=0.0017) | Val macroF1=0.7747  fraudF1=0.5804  AUC=0.9307
Epoch 190 | Loss 0.4956 (det=0.2768, adv=2.1864, G=-0.7664, ncm=0.0016) | Val macroF1=0.7836  fraudF1=0.5959  AUC=0.9301
  ↑ Best checkpoint saved (val fraud_f1=0.5959) → checkpoints/ci_rct_elliptic++_wallet_best.pt
Epoch 200 | Loss 0.5023 (det=0.2888, adv=2.1335, G=-0.8145, ncm=0.0015) | Val macroF1=0.7600  fraudF1=0.5548  AUC=0.9317

Loading best checkpoint for test evaluation...
Test  fraudF1=0.5985  (macroF1=0.7852  AUC=0.9342)
