Loading dataset: elliptic++ (variant=joint)
  Loading CSVs …
  Building transaction features …
  Building labels …
  Filtering connected wallets …
  Building wallet features …
  Building edges …
  Transactions: 203,769  (illicit=4,545, licit=199,224, unknown=0)
  Wallets (connected): 822,942 [per-address, deduped]  (feat_dim=56)
  Edges:  wallet→tx=477,117  tx→wallet=837,124  tx→tx=234,355  wallet→wallet=2,868,964
  Joint wallet aux: illicit=14,266 / labeled=265,354 / 822,942 wallets; split train=185,747 val=39,802 test=39,805
Building TypedCausalGraph...
  [BFS] blocked edge types (2, src=dataset-default): ['address__to__address', 'wallet__to__wallet']
  [data_utils] Skipped 347 blocked edges from causal graph (types=['address__to__address', 'wallet__to__wallet']).
  [data_utils] Rejected 4 edges violating temporal precedence (time-respecting DAG; 844,812/500 nodes timed).
  Causal graph: 500 nodes, 737 directed edges
  [debug] target_node=917, in_graph=True, parents={217032}
  Joint heads: primary=transaction  aux=['wallet']  (λ_aux=0.3)
  Reconstruction self-supervision ON (λ_recon=1.0, edge=('transaction', 'pays', 'wallet'))
  Class weight: licit=1.00  illicit=9.25  (pos=3181, neg=29413)

Training [Phase 2 (GAN)] for 400 epochs on cuda (variant=joint)...
  Model selection metric: fraud_f1 (val['fraud_f1'])
Epoch 010 | Loss 2.2423 (det=0.5872, adv=0.0917, G=-0.0273, ncm=0.5878) aux=0.6153 | Val macroF1=0.3919  fraudF1=0.1745  AUC=0.8069
  ↑ Best checkpoint saved (val fraud_f1=0.1745) → checkpoints/ci_rct_elliptic++_joint_best.pt
Epoch 020 | Loss 2.0090 (det=0.5028, adv=0.1796, G=-0.0746, ncm=0.4878) aux=0.5707 | Val macroF1=0.4187  fraudF1=0.1877  AUC=0.8339
  ↑ Best checkpoint saved (val fraud_f1=0.1877) → checkpoints/ci_rct_elliptic++_joint_best.pt
Epoch 030 | Loss 1.8148 (det=0.4454, adv=0.0931, G=-0.1220, ncm=0.4068) aux=0.5207 | Val macroF1=0.4300  fraudF1=0.1905  AUC=0.8407
  ↑ Best checkpoint saved (val fraud_f1=0.1905) → checkpoints/ci_rct_elliptic++_joint_best.pt
Epoch 040 | Loss 1.6850 (det=0.4212, adv=0.2333, G=-0.1806, ncm=0.3499) aux=0.4991 | Val macroF1=0.4435  fraudF1=0.1974  AUC=0.8476
  ↑ Best checkpoint saved (val fraud_f1=0.1974) → checkpoints/ci_rct_elliptic++_joint_best.pt
Epoch 050 | Loss 1.5592 (det=0.3869, adv=0.3257, G=-0.2307, ncm=0.3287) aux=0.4801 | Val macroF1=0.4471  fraudF1=0.2004  AUC=0.8606
  ↑ Best checkpoint saved (val fraud_f1=0.2004) → checkpoints/ci_rct_elliptic++_joint_best.pt
Epoch 060 | Loss 1.3992 (det=0.3332, adv=0.4774, G=-0.2810, ncm=0.2938) aux=0.4528 | Val macroF1=0.5349  fraudF1=0.2543  AUC=0.8784
  ↑ Best checkpoint saved (val fraud_f1=0.2543) → checkpoints/ci_rct_elliptic++_joint_best.pt
Epoch 070 | Loss 1.3030 (det=0.2974, adv=0.7261, G=-0.3384, ncm=0.2686) aux=0.4357 | Val macroF1=0.6456  fraudF1=0.3773  AUC=0.8946
  ↑ Best checkpoint saved (val fraud_f1=0.3773) → checkpoints/ci_rct_elliptic++_joint_best.pt
Epoch 080 | Loss 1.2888 (det=0.2698, adv=1.2023, G=-0.4187, ncm=0.2483) aux=0.4099 | Val macroF1=0.6583  fraudF1=0.3971  AUC=0.9073
  ↑ Best checkpoint saved (val fraud_f1=0.3971) → checkpoints/ci_rct_elliptic++_joint_best.pt
Epoch 090 | Loss 1.3338 (det=0.2821, adv=1.8442, G=-0.5165, ncm=0.2240) aux=0.3805 | Val macroF1=0.6839  fraudF1=0.4354  AUC=0.9178
  ↑ Best checkpoint saved (val fraud_f1=0.4354) → checkpoints/ci_rct_elliptic++_joint_best.pt
Epoch 100 | Loss 1.3174 (det=0.2407, adv=2.5933, G=-0.6273, ncm=0.2079) aux=0.3565 | Val macroF1=0.7121  fraudF1=0.4800  AUC=0.9259
  ↑ Best checkpoint saved (val fraud_f1=0.4800) → checkpoints/ci_rct_elliptic++_joint_best.pt
Epoch 110 | Loss 1.3430 (det=0.2329, adv=3.2697, G=-0.7366, ncm=0.1894) aux=0.3478 | Val macroF1=0.7394  fraudF1=0.5240  AUC=0.9307
  ↑ Best checkpoint saved (val fraud_f1=0.5240) → checkpoints/ci_rct_elliptic++_joint_best.pt
Epoch 120 | Loss 1.3832 (det=0.2448, adv=3.8594, G=-0.8410, ncm=0.1701) aux=0.3374 | Val macroF1=0.7223  fraudF1=0.4972  AUC=0.9327
Epoch 130 | Loss 1.3765 (det=0.2176, adv=4.3080, G=-0.9379, ncm=0.1461) aux=0.3231 | Val macroF1=0.7493  fraudF1=0.5415  AUC=0.9365
  ↑ Best checkpoint saved (val fraud_f1=0.5415) → checkpoints/ci_rct_elliptic++_joint_best.pt
Epoch 140 | Loss 1.3766 (det=0.2061, adv=4.6413, G=-1.0346, ncm=0.1271) aux=0.3195 | Val macroF1=0.7566  fraudF1=0.5542  AUC=0.9386
  ↑ Best checkpoint saved (val fraud_f1=0.5542) → checkpoints/ci_rct_elliptic++_joint_best.pt
Epoch 150 | Loss 1.3739 (det=0.1981, adv=4.8991, G=-1.1230, ncm=0.1001) aux=0.3155 | Val macroF1=0.7669  fraudF1=0.5727  AUC=0.9396
  ↑ Best checkpoint saved (val fraud_f1=0.5727) → checkpoints/ci_rct_elliptic++_joint_best.pt
Epoch 160 | Loss 1.3408 (det=0.1943, adv=4.8158, G=-1.2025, ncm=0.0972) aux=0.3121 | Val macroF1=0.7625  fraudF1=0.5653  AUC=0.9410
Epoch 170 | Loss 1.3351 (det=0.1880, adv=4.9152, G=-1.2969, ncm=0.0959) aux=0.3112 | Val macroF1=0.7526  fraudF1=0.5490  AUC=0.9416
Epoch 180 | Loss 1.3545 (det=0.2373, adv=4.6132, G=-1.3708, ncm=0.1044) aux=0.3244 | Val macroF1=0.7587  fraudF1=0.5582  AUC=0.9376
Epoch 190 | Loss 1.3063 (det=0.1900, adv=4.8935, G=-1.4869, ncm=0.0897) aux=0.3095 | Val macroF1=0.7603  fraudF1=0.5618  AUC=0.9420
Epoch 200 | Loss 1.2606 (det=0.1812, adv=4.7344, G=-1.6007, ncm=0.0838) aux=0.3061 | Val macroF1=0.7721  fraudF1=0.5818  AUC=0.9429
  ↑ Best checkpoint saved (val fraud_f1=0.5818) → checkpoints/ci_rct_elliptic++_joint_best.pt
Epoch 210 | Loss 1.3268 (det=0.1800, adv=5.0859, G=-1.7444, ncm=0.0898) aux=0.3054 | Val macroF1=0.7645  fraudF1=0.5688  AUC=0.9442
Epoch 220 | Loss 1.2719 (det=0.1750, adv=4.9237, G=-1.8724, ncm=0.0840) aux=0.3022 | Val macroF1=0.7739  fraudF1=0.5849  AUC=0.9447
  ↑ Best checkpoint saved (val fraud_f1=0.5849) → checkpoints/ci_rct_elliptic++_joint_best.pt
Epoch 230 | Loss 1.2825 (det=0.1702, adv=5.2977, G=-2.0170, ncm=0.0765) aux=0.2995 | Val macroF1=0.7694  fraudF1=0.5775  AUC=0.9460
Epoch 240 | Loss 1.2855 (det=0.1660, adv=5.5030, G=-2.1948, ncm=0.0808) aux=0.2961 | Val macroF1=0.7793  fraudF1=0.5943  AUC=0.9465
  ↑ Best checkpoint saved (val fraud_f1=0.5943) → checkpoints/ci_rct_elliptic++_joint_best.pt
Epoch 250 | Loss 1.2978 (det=0.1662, adv=5.7498, G=-2.3679, ncm=0.0728) aux=0.2971 | Val macroF1=0.7666  fraudF1=0.5729  AUC=0.9473
Epoch 260 | Loss 1.3125 (det=0.1646, adv=6.0994, G=-2.5796, ncm=0.0707) aux=0.2945 | Val macroF1=0.7625  fraudF1=0.5657  AUC=0.9470
Epoch 270 | Loss 1.3430 (det=0.1616, adv=6.5418, G=-2.7819, ncm=0.0793) aux=0.2931 | Val macroF1=0.7714  fraudF1=0.5808  AUC=0.9483
Epoch 280 | Loss 1.3141 (det=0.1545, adv=6.5101, G=-2.9488, ncm=0.0684) aux=0.2921 | Val macroF1=0.7846  fraudF1=0.6034  AUC=0.9484
  ↑ Best checkpoint saved (val fraud_f1=0.6034) → checkpoints/ci_rct_elliptic++_joint_best.pt
Epoch 290 | Loss 1.5534 (det=0.3597, adv=6.6605, G=-3.1233, ncm=0.1116) aux=0.3046 | Val macroF1=0.8052  fraudF1=0.6352  AUC=0.9176
  ↑ Best checkpoint saved (val fraud_f1=0.6352) → checkpoints/ci_rct_elliptic++_joint_best.pt
Epoch 300 | Loss 1.3904 (det=0.1687, adv=7.1951, G=-3.3639, ncm=0.0749) aux=0.3051 | Val macroF1=0.7600  fraudF1=0.5613  AUC=0.9471
Epoch 310 | Loss 1.2935 (det=0.1531, adv=6.6141, G=-3.5565, ncm=0.0708) aux=0.2920 | Val macroF1=0.7822  fraudF1=0.5991  AUC=0.9494
Epoch 320 | Loss 1.3259 (det=0.1485, adv=7.0970, G=-3.7845, ncm=0.0639) aux=0.2900 | Val macroF1=0.7781  fraudF1=0.5924  AUC=0.9512
Epoch 330 | Loss 1.3234 (det=0.1431, adv=7.2292, G=-3.9569, ncm=0.0683) aux=0.2873 | Val macroF1=0.7787  fraudF1=0.5935  AUC=0.9516
Epoch 340 | Loss 1.2798 (det=0.1376, adv=6.9838, G=-4.2184, ncm=0.0551) aux=0.2864 | Val macroF1=0.7848  fraudF1=0.6040  AUC=0.9510
Epoch 350 | Loss 1.3600 (det=0.2088, adv=6.8079, G=-4.4334, ncm=0.0987) aux=0.3191 | Val macroF1=0.6812  fraudF1=0.4355  AUC=0.9395
Epoch 360 | Loss 1.3026 (det=0.1649, adv=6.8834, G=-4.6561, ncm=0.0741) aux=0.2964 | Val macroF1=0.7638  fraudF1=0.5678  AUC=0.9485
Epoch 370 | Loss 1.2314 (det=0.1446, adv=6.5617, G=-4.9007, ncm=0.0606) aux=0.2878 | Val macroF1=0.7785  fraudF1=0.5930  AUC=0.9511
Epoch 380 | Loss 1.2419 (det=0.1356, adv=6.8618, G=-5.1483, ncm=0.0588) aux=0.2872 | Val macroF1=0.7799  fraudF1=0.5958  AUC=0.9522
Epoch 390 | Loss 1.3245 (det=0.1297, adv=7.8101, G=-5.3777, ncm=0.0643) aux=0.2856 | Val macroF1=0.7853  fraudF1=0.6050  AUC=0.9529
Epoch 400 | Loss 1.3681 (det=0.1247, adv=8.3952, G=-5.5824, ncm=0.0532) aux=0.2837 | Val macroF1=0.7895  fraudF1=0.6123  AUC=0.9531

Loading best checkpoint for test evaluation...
Test  fraudF1=0.6402  (macroF1=0.8079  AUC=0.9178)
