Loading dataset: elliptic++ (variant=wallet)
  Loading CSVs …
  Building transaction features …
  Building labels …
  Filtering connected wallets …
  Building wallet features …
  Building edges …
  Transactions: 203,769  (illicit=4,545, licit=199,224, unknown=0)
  Wallets (connected): 822,942 [per-address, deduped]  (feat_dim=56)
  Edges:  wallet→tx=477,117  tx→wallet=837,124  tx→tx=234,355  wallet→wallet=2,868,964
  Wallet target labels: illicit=14,266  licit=251,088  (labeled=265,354 / 822,942 wallets; unknown excluded from masks)
  Wallet split: train=185,747  val=39,802  test=39,805
Building TypedCausalGraph...
  [BFS] blocked edge types (2, src=dataset-default): ['address__to__address', 'wallet__to__wallet']
  [data_utils] Skipped 423 blocked edges from causal graph (types=['address__to__address', 'wallet__to__wallet']).
  [data_utils] Rejected 3 edges violating temporal precedence (time-respecting DAG; 844,812/500 nodes timed).
  Causal graph: 500 nodes, 543 directed edges
  [debug] target_node=203783, in_graph=True, parents={127417}
  Reconstruction self-supervision ON (λ_recon=1.0, edge=('transaction', 'pays', 'wallet'))
  Class weight: licit=1.00  illicit=17.60  (pos=9986, neg=175761)

Training [Phase 2 (GAN)] for 200 epochs on cuda (variant=wallet)...
  Model selection metric: fraud_f1 (val['fraud_f1'])
Epoch 010 | Loss 2.3256 (det=0.6197, adv=0.3891, G=-0.0192, ncm=0.5669) | Val macroF1=0.3730  fraudF1=0.1559  AUC=0.8126
  ↑ Best checkpoint saved (val fraud_f1=0.1559) → checkpoints/ci_rct_elliptic++_wallet_best.pt
Epoch 020 | Loss 2.1447 (det=0.5800, adv=0.2741, G=-0.0734, ncm=0.4271) | Val macroF1=0.3847  fraudF1=0.1633  AUC=0.8462
  ↑ Best checkpoint saved (val fraud_f1=0.1633) → checkpoints/ci_rct_elliptic++_wallet_best.pt
Epoch 030 | Loss 1.9714 (det=0.5183, adv=0.5060, G=-0.1253, ncm=0.2332) | Val macroF1=0.3943  fraudF1=0.1658  AUC=0.8501
  ↑ Best checkpoint saved (val fraud_f1=0.1658) → checkpoints/ci_rct_elliptic++_wallet_best.pt
Epoch 040 | Loss 1.8491 (det=0.4812, adv=0.7305, G=-0.1775, ncm=0.0775) | Val macroF1=0.4098  fraudF1=0.1729  AUC=0.8534
  ↑ Best checkpoint saved (val fraud_f1=0.1729) → checkpoints/ci_rct_elliptic++_wallet_best.pt
Epoch 050 | Loss 1.8028 (det=0.4587, adv=1.2470, G=-0.2580, ncm=0.0354) | Val macroF1=0.4195  fraudF1=0.1778  AUC=0.8658
  ↑ Best checkpoint saved (val fraud_f1=0.1778) → checkpoints/ci_rct_elliptic++_wallet_best.pt
Epoch 060 | Loss 1.7715 (det=0.4365, adv=1.9697, G=-0.3527, ncm=0.0298) | Val macroF1=0.5262  fraudF1=0.2349  AUC=0.8744
  ↑ Best checkpoint saved (val fraud_f1=0.2349) → checkpoints/ci_rct_elliptic++_wallet_best.pt
Epoch 070 | Loss 1.7283 (det=0.4249, adv=2.5471, G=-0.4327, ncm=0.0249) | Val macroF1=0.6184  fraudF1=0.3310  AUC=0.8794
  ↑ Best checkpoint saved (val fraud_f1=0.3310) → checkpoints/ci_rct_elliptic++_wallet_best.pt
Epoch 080 | Loss 1.6771 (det=0.4169, adv=2.9908, G=-0.5009, ncm=0.0210) | Val macroF1=0.6308  fraudF1=0.3481  AUC=0.8838
  ↑ Best checkpoint saved (val fraud_f1=0.3481) → checkpoints/ci_rct_elliptic++_wallet_best.pt
Epoch 090 | Loss 1.6313 (det=0.4075, adv=3.2885, G=-0.5532, ncm=0.0184) | Val macroF1=0.6321  fraudF1=0.3471  AUC=0.8881
Epoch 100 | Loss 1.5640 (det=0.3892, adv=3.3054, G=-0.5764, ncm=0.0152) | Val macroF1=0.6444  fraudF1=0.3648  AUC=0.8961
  ↑ Best checkpoint saved (val fraud_f1=0.3648) → checkpoints/ci_rct_elliptic++_wallet_best.pt
Epoch 110 | Loss 1.4933 (det=0.3703, adv=3.1652, G=-0.5861, ncm=0.0129) | Val macroF1=0.6789  fraudF1=0.4172  AUC=0.9055
  ↑ Best checkpoint saved (val fraud_f1=0.4172) → checkpoints/ci_rct_elliptic++_wallet_best.pt
Epoch 120 | Loss 1.4324 (det=0.3546, adv=3.0069, G=-0.5942, ncm=0.0088) | Val macroF1=0.7041  fraudF1=0.4579  AUC=0.9137
  ↑ Best checkpoint saved (val fraud_f1=0.4579) → checkpoints/ci_rct_elliptic++_wallet_best.pt
Epoch 130 | Loss 1.3746 (det=0.3428, adv=2.8278, G=-0.6031, ncm=0.0060) | Val macroF1=0.7231  fraudF1=0.4908  AUC=0.9167
  ↑ Best checkpoint saved (val fraud_f1=0.4908) → checkpoints/ci_rct_elliptic++_wallet_best.pt
Epoch 140 | Loss 1.3246 (det=0.3351, adv=2.6646, G=-0.6157, ncm=0.0051) | Val macroF1=0.7296  fraudF1=0.5021  AUC=0.9188
  ↑ Best checkpoint saved (val fraud_f1=0.5021) → checkpoints/ci_rct_elliptic++_wallet_best.pt
Epoch 150 | Loss 1.2778 (det=0.3282, adv=2.5138, G=-0.6333, ncm=0.0044) | Val macroF1=0.7311  fraudF1=0.5047  AUC=0.9212
  ↑ Best checkpoint saved (val fraud_f1=0.5047) → checkpoints/ci_rct_elliptic++_wallet_best.pt
Epoch 160 | Loss 1.2322 (det=0.3206, adv=2.3954, G=-0.6572, ncm=0.0038) | Val macroF1=0.7394  fraudF1=0.5190  AUC=0.9237
  ↑ Best checkpoint saved (val fraud_f1=0.5190) → checkpoints/ci_rct_elliptic++_wallet_best.pt
Epoch 170 | Loss 1.2018 (det=0.3141, adv=2.3068, G=-0.6888, ncm=0.0036) | Val macroF1=0.7361  fraudF1=0.5136  AUC=0.9261
Epoch 180 | Loss 1.1598 (det=0.3082, adv=2.2202, G=-0.7252, ncm=0.0024) | Val macroF1=0.7464  fraudF1=0.5309  AUC=0.9280
  ↑ Best checkpoint saved (val fraud_f1=0.5309) → checkpoints/ci_rct_elliptic++_wallet_best.pt
Epoch 190 | Loss 1.1303 (det=0.3022, adv=2.1531, G=-0.7683, ncm=0.0017) | Val macroF1=0.7499  fraudF1=0.5371  AUC=0.9302
  ↑ Best checkpoint saved (val fraud_f1=0.5371) → checkpoints/ci_rct_elliptic++_wallet_best.pt
Epoch 200 | Loss 1.0977 (det=0.2980, adv=2.0950, G=-0.8159, ncm=0.0031) | Val macroF1=0.7533  fraudF1=0.5432  AUC=0.9315
  ↑ Best checkpoint saved (val fraud_f1=0.5432) → checkpoints/ci_rct_elliptic++_wallet_best.pt

Loading best checkpoint for test evaluation...
Test  fraudF1=0.5444  (macroF1=0.7540  AUC=0.9335)
