Loading dataset: elliptic++ (variant=joint)
  Loading CSVs …
  Building transaction features …
  Building labels …
  Filtering connected wallets …
  Building wallet features …
  Building edges …
  Transactions: 203,769  (illicit=4,545, licit=199,224, unknown=0)
  Wallets (connected): 822,942 [per-address, deduped]  (feat_dim=56)
  Edges:  wallet→tx=477,117  tx→wallet=837,124  tx→tx=234,355  wallet→wallet=2,868,964
  Joint wallet aux: illicit=14,266 / labeled=265,354 / 822,942 wallets; split train=185,747 val=39,802 test=39,805
Building TypedCausalGraph...
  [BFS] blocked edge types (2, src=dataset-default): ['address__to__address', 'wallet__to__wallet']
  [data_utils] Skipped 347 blocked edges from causal graph (types=['address__to__address', 'wallet__to__wallet']).
  [data_utils] Rejected 4 edges violating temporal precedence (time-respecting DAG; 844,812/500 nodes timed).
  Causal graph: 500 nodes, 737 directed edges
  [debug] target_node=917, in_graph=True, parents={217032}
  Joint heads: primary=transaction  aux=['wallet']  (λ_aux=0.3)
  Class weight: licit=1.00  illicit=9.25  (pos=3181, neg=29413)

Training [Phase 2 (GAN)] for 400 epochs on cuda (variant=joint)...
  Model selection metric: fraud_f1 (val['fraud_f1'])
Epoch 010 | Loss 0.6234 (det=0.5567, adv=0.0922, G=-0.0275, ncm=0.5750) aux=0.6057 | Val macroF1=0.3984  fraudF1=0.1818  AUC=0.8419
  ↑ Best checkpoint saved (val fraud_f1=0.1818) → checkpoints/ci_rct_elliptic++_joint_best.pt
Epoch 020 | Loss 0.5136 (det=0.4490, adv=0.1783, G=-0.0747, ncm=0.4672) aux=0.5237 | Val macroF1=0.4235  fraudF1=0.1899  AUC=0.8477
  ↑ Best checkpoint saved (val fraud_f1=0.1899) → checkpoints/ci_rct_elliptic++_joint_best.pt
Epoch 030 | Loss 0.4684 (det=0.4186, adv=0.1112, G=-0.1221, ncm=0.3873) aux=0.4777 | Val macroF1=0.4300  fraudF1=0.1939  AUC=0.8616
  ↑ Best checkpoint saved (val fraud_f1=0.1939) → checkpoints/ci_rct_elliptic++_joint_best.pt
Epoch 040 | Loss 0.4443 (det=0.3832, adv=0.2797, G=-0.1830, ncm=0.3307) aux=0.4496 | Val macroF1=0.4495  fraudF1=0.2083  AUC=0.8835
  ↑ Best checkpoint saved (val fraud_f1=0.2083) → checkpoints/ci_rct_elliptic++_joint_best.pt
Epoch 050 | Loss 0.4057 (det=0.3370, adv=0.3848, G=-0.2347, ncm=0.3014) aux=0.4181 | Val macroF1=0.6324  fraudF1=0.3613  AUC=0.8994
  ↑ Best checkpoint saved (val fraud_f1=0.3613) → checkpoints/ci_rct_elliptic++_joint_best.pt
Epoch 060 | Loss 0.3837 (det=0.3037, adv=0.5645, G=-0.2871, ncm=0.2355) aux=0.3974 | Val macroF1=0.6485  fraudF1=0.3837  AUC=0.9082
  ↑ Best checkpoint saved (val fraud_f1=0.3837) → checkpoints/ci_rct_elliptic++_joint_best.pt
Epoch 070 | Loss 0.3814 (det=0.2757, adv=0.8421, G=-0.3470, ncm=0.2152) aux=0.3797 | Val macroF1=0.6620  fraudF1=0.4041  AUC=0.9172
  ↑ Best checkpoint saved (val fraud_f1=0.4041) → checkpoints/ci_rct_elliptic++_joint_best.pt
Epoch 080 | Loss 0.4140 (det=0.2628, adv=1.3031, G=-0.4230, ncm=0.2093) aux=0.3709 | Val macroF1=0.6704  fraudF1=0.4169  AUC=0.9214
  ↑ Best checkpoint saved (val fraud_f1=0.4169) → checkpoints/ci_rct_elliptic++_joint_best.pt
Epoch 090 | Loss 0.4523 (det=0.2413, adv=1.9155, G=-0.5155, ncm=0.1942) aux=0.3498 | Val macroF1=0.6962  fraudF1=0.4557  AUC=0.9283
  ↑ Best checkpoint saved (val fraud_f1=0.4557) → checkpoints/ci_rct_elliptic++_joint_best.pt
Epoch 100 | Loss 0.5008 (det=0.2259, adv=2.5672, G=-0.6162, ncm=0.1812) aux=0.3372 | Val macroF1=0.7065  fraudF1=0.4721  AUC=0.9332
  ↑ Best checkpoint saved (val fraud_f1=0.4721) → checkpoints/ci_rct_elliptic++_joint_best.pt
Epoch 110 | Loss 0.5521 (det=0.2186, adv=3.1685, G=-0.7164, ncm=0.1671) aux=0.3255 | Val macroF1=0.7380  fraudF1=0.5230  AUC=0.9368
  ↑ Best checkpoint saved (val fraud_f1=0.5230) → checkpoints/ci_rct_elliptic++_joint_best.pt
Epoch 120 | Loss 0.5959 (det=0.2078, adv=3.7394, G=-0.8199, ncm=0.1416) aux=0.3199 | Val macroF1=0.7500  fraudF1=0.5431  AUC=0.9392
  ↑ Best checkpoint saved (val fraud_f1=0.5431) → checkpoints/ci_rct_elliptic++_joint_best.pt
Epoch 130 | Loss 0.6366 (det=0.2006, adv=4.2374, G=-0.9202, ncm=0.1223) aux=0.3138 | Val macroF1=0.7293  fraudF1=0.5097  AUC=0.9402
Epoch 140 | Loss 0.6542 (det=0.1873, adv=4.5575, G=-1.0202, ncm=0.1109) aux=0.3102 | Val macroF1=0.7708  fraudF1=0.5785  AUC=0.9413
  ↑ Best checkpoint saved (val fraud_f1=0.5785) → checkpoints/ci_rct_elliptic++_joint_best.pt
Epoch 150 | Loss 0.6698 (det=0.1825, adv=4.7687, G=-1.1074, ncm=0.1042) aux=0.3062 | Val macroF1=0.7810  fraudF1=0.5960  AUC=0.9425
  ↑ Best checkpoint saved (val fraud_f1=0.5960) → checkpoints/ci_rct_elliptic++_joint_best.pt
Epoch 160 | Loss 0.6815 (det=0.1769, adv=4.9493, G=-1.2034, ncm=0.0967) aux=0.3086 | Val macroF1=0.7701  fraudF1=0.5777  AUC=0.9444
Epoch 170 | Loss 0.6840 (det=0.1762, adv=4.9824, G=-1.2962, ncm=0.0963) aux=0.3099 | Val macroF1=0.7634  fraudF1=0.5664  AUC=0.9447
Epoch 180 | Loss 0.6866 (det=0.1780, adv=4.9887, G=-1.3838, ncm=0.0982) aux=0.3060 | Val macroF1=0.7725  fraudF1=0.5819  AUC=0.9460
Epoch 190 | Loss 0.7019 (det=0.1626, adv=5.3003, G=-1.5128, ncm=0.0923) aux=0.3011 | Val macroF1=0.7712  fraudF1=0.5800  AUC=0.9470
Epoch 200 | Loss 0.6595 (det=0.1539, adv=4.9666, G=-1.5997, ncm=0.0894) aux=0.2974 | Val macroF1=0.7788  fraudF1=0.5930  AUC=0.9476
Epoch 210 | Loss 0.6822 (det=0.1619, adv=5.1027, G=-1.7374, ncm=0.1007) aux=0.3036 | Val macroF1=0.7877  fraudF1=0.6083  AUC=0.9469
  ↑ Best checkpoint saved (val fraud_f1=0.6083) → checkpoints/ci_rct_elliptic++_joint_best.pt
Epoch 220 | Loss 0.6904 (det=0.1478, adv=5.3414, G=-1.8744, ncm=0.0851) aux=0.2938 | Val macroF1=0.7823  fraudF1=0.5991  AUC=0.9492
Epoch 230 | Loss 0.6956 (det=0.1466, adv=5.4058, G=-2.0304, ncm=0.0838) aux=0.2912 | Val macroF1=0.7960  fraudF1=0.6226  AUC=0.9483
  ↑ Best checkpoint saved (val fraud_f1=0.6226) → checkpoints/ci_rct_elliptic++_joint_best.pt
Epoch 240 | Loss 0.7295 (det=0.1771, adv=5.4255, G=-2.1871, ncm=0.0983) aux=0.3094 | Val macroF1=0.7548  fraudF1=0.5523  AUC=0.9467
Epoch 250 | Loss 0.7717 (det=0.1484, adv=6.1487, G=-2.3523, ncm=0.0835) aux=0.2961 | Val macroF1=0.7890  fraudF1=0.6110  AUC=0.9497
Epoch 260 | Loss 0.7041 (det=0.1355, adv=5.6155, G=-2.5276, ncm=0.0709) aux=0.2929 | Val macroF1=0.7986  fraudF1=0.6283  AUC=0.9499
  ↑ Best checkpoint saved (val fraud_f1=0.6283) → checkpoints/ci_rct_elliptic++_joint_best.pt
Epoch 270 | Loss 0.6946 (det=0.1314, adv=5.5607, G=-2.6958, ncm=0.0707) aux=0.2902 | Val macroF1=0.7921  fraudF1=0.6163  AUC=0.9498
Epoch 280 | Loss 0.7452 (det=0.1371, adv=6.0037, G=-2.8936, ncm=0.0771) aux=0.2898 | Val macroF1=0.8086  fraudF1=0.6456  AUC=0.9489
  ↑ Best checkpoint saved (val fraud_f1=0.6456) → checkpoints/ci_rct_elliptic++_joint_best.pt
Epoch 290 | Loss 0.7990 (det=0.1723, adv=6.1955, G=-3.0995, ncm=0.0719) aux=0.2956 | Val macroF1=0.7958  fraudF1=0.6233  AUC=0.9491
Epoch 300 | Loss 0.8325 (det=0.1618, adv=6.6301, G=-3.2590, ncm=0.0769) aux=0.3034 | Val macroF1=0.7826  fraudF1=0.6003  AUC=0.9474
Epoch 310 | Loss 0.7322 (det=0.1276, adv=5.9770, G=-3.4796, ncm=0.0695) aux=0.2889 | Val macroF1=0.7947  fraudF1=0.6215  AUC=0.9514
Epoch 320 | Loss 0.7783 (det=0.1209, adv=6.5153, G=-3.6944, ncm=0.0591) aux=0.2861 | Val macroF1=0.8008  fraudF1=0.6322  AUC=0.9516
Epoch 330 | Loss 0.8125 (det=0.1181, adv=6.8853, G=-3.9306, ncm=0.0588) aux=0.2839 | Val macroF1=0.8078  fraudF1=0.6445  AUC=0.9519
Epoch 340 | Loss 0.9554 (det=0.1150, adv=8.3414, G=-4.1145, ncm=0.0617) aux=0.2839 | Val macroF1=0.7997  fraudF1=0.6303  AUC=0.9521
Epoch 350 | Loss 0.7994 (det=0.1132, adv=6.8005, G=-4.3565, ncm=0.0615) aux=0.2843 | Val macroF1=0.7958  fraudF1=0.6234  AUC=0.9520
Epoch 360 | Loss 0.8368 (det=0.1113, adv=7.1965, G=-4.6376, ncm=0.0586) aux=0.2833 | Val macroF1=0.8010  fraudF1=0.6326  AUC=0.9514
Epoch 370 | Loss 0.8094 (det=0.1129, adv=6.8949, G=-4.8378, ncm=0.0707) aux=0.2892 | Val macroF1=0.8163  fraudF1=0.6591  AUC=0.9485
  ↑ Best checkpoint saved (val fraud_f1=0.6591) → checkpoints/ci_rct_elliptic++_joint_best.pt
Epoch 380 | Loss 0.8214 (det=0.1387, adv=6.7556, G=-5.1077, ncm=0.0706) aux=0.3017 | Val macroF1=0.7963  fraudF1=0.6241  AUC=0.9492
Epoch 390 | Loss 1.0262 (det=0.1164, adv=9.0325, G=-5.3212, ncm=0.0655) aux=0.2843 | Val macroF1=0.8072  fraudF1=0.6435  AUC=0.9530
Epoch 400 | Loss 0.9363 (det=0.1074, adv=8.2344, G=-5.6466, ncm=0.0545) aux=0.2817 | Val macroF1=0.8078  fraudF1=0.6446  AUC=0.9540

Loading best checkpoint for test evaluation...
Test  fraudF1=0.6527  (macroF1=0.8130  AUC=0.9451)
